<html>
<body>
<pre>
<h1>µVision Build Log</h1>
<h2>Tool Versions:</h2>
IDE-Version: ¦ÌVision V5.23.0.0
Copyright (C) 2017 ARM Ltd and ARM Germany GmbH. All rights reserved.
License Information: 111 Gxf, 111, LIC=EPPLD-8XXH8-RFDIZ-JZG99-VPY1Z-TSZW6
 
Tool Versions:
Toolchain:       MDK-ARM Professional  Version: 5.23
Toolchain Path:  D:\Keil_v5\ARM\ARMCC\Bin
C Compiler:      Armcc.exe V5.06 update 4 (build 422)
Assembler:       Armasm.exe V5.06 update 4 (build 422)
Linker/Locator:  ArmLink.exe V5.06 update 4 (build 422)
Library Manager: ArmAr.exe V5.06 update 4 (build 422)
Hex Converter:   FromElf.exe V5.06 update 4 (build 422)
CPU DLL:         SARMCM3.DLL V5.23
Dialog DLL:      DCM.DLL V1.15.0.0
Target DLL:      Segger\JL2CM3.dll V2.99.23.0
Dialog DLL:      TCM.DLL V1.27.0.0
 
<h2>Project:</h2>
C:\Users\Gxf\Desktop\example1\USER\xiaoyuan.uvprojx
Project File Date:  07/21/2022

<h2>Output:</h2>
*** Using Compiler 'V5.06 update 4 (build 422)', folder: 'D:\Keil_v5\ARM\ARMCC\Bin'
Build target 'example'
assembling startup_gd32f407.s...
compiling gd32f4xx_crc.c...
compiling gd32f4xx_ctc.c...
compiling main.c...
compiling gd32f4xx_can.c...
compiling gd32f4xx_adc.c...
compiling gd32f4xx_it.c...
compiling system_gd32f4xx.c...
compiling gd32f4xx_dac.c...
compiling gd32f4xx_exmc.c...
compiling gd32f4xx_dma.c...
compiling gd32f4xx_fmc.c...
compiling gd32f4xx_dbg.c...
compiling gd32f4xx_exti.c...
compiling gd32f4xx_dci.c...
compiling gd32f4xx_enet.c...
compiling gd32f4xx_fwdgt.c...
compiling gd32f4xx_gpio.c...
compiling gd32f4xx_i2c.c...
compiling gd32f4xx_pmu.c...
compiling gd32f4xx_iref.c...
compiling gd32f4xx_misc.c...
compiling gd32f4xx_rtc.c...
compiling gd32f4xx_rcu.c...
compiling gd32f4xx_ipa.c...
compiling gd32f4xx_spi.c...
compiling gd32f4xx_syscfg.c...
compiling gd32f4xx_sdio.c...
compiling gd32f4xx_trng.c...
compiling gd32f4xx_usart.c...
compiling gd32f4xx_timer.c...
compiling gd32f4xx_wwdgt.c...
compiling gd32f4xx_tli.c...
compiling bsp_iwdg.c...
compiling bsp_sys.c...
compiling bsp_can.c...
compiling bsp_flash.c...
..\HARDWARE\bsp\bsp_inc\bsp_flash.h(28): warning:  #1-D: last line of file ends without a newline
  #endif
..\HARDWARE\bsp\bsp_src\bsp_flash.c: 1 warning, 0 errors
compiling bsp_uart.c...
..\HARDWARE\bsp\bsp_src\bsp_uart.c(277): warning:  #1-D: last line of file ends without a newline
  }
..\HARDWARE\bsp\bsp_src\bsp_uart.c: 1 warning, 0 errors
compiling bsp_time.c...
compiling bsp_systick.c...
compiling bsp_gpio.c...
..\HARDWARE\bsp\bsp_src\bsp_gpio.c(54): warning:  #1-D: last line of file ends without a newline
  }
..\HARDWARE\bsp\bsp_src\bsp_gpio.c: 1 warning, 0 errors
compiling event_groups.c...
compiling queue.c...
compiling list.c...
compiling croutine.c...
compiling tasks.c...
compiling timers.c...
compiling md_lwip.c...
..\HARDWARE\module\md_inc\md_lwip.h(49): warning:  #1-D: last line of file ends without a newline
  #endif
..\LWIP\port\ethernetif.h(19): warning:  #1-D: last line of file ends without a newline
  #endif 
..\HARDWARE\module\md_src\md_lwip.c(76): warning:  #1-D: last line of file ends without a newline
  }
..\HARDWARE\module\md_src\md_lwip.c: 3 warnings, 0 errors
compiling stream_buffer.c...
compiling bsp_enet.c...
..\HARDWARE\bsp\bsp_inc\bsp_enet.h(23): warning:  #1-D: last line of file ends without a newline
  #endif
..\HARDWARE\bsp\bsp_src\bsp_enet.c(264): warning:  #1-D: last line of file ends without a newline
  }
..\HARDWARE\bsp\bsp_src\bsp_enet.c: 2 warnings, 0 errors
compiling md_log.c...
..\HARDWARE\module\md_src\md_log.c(118): warning:  #177-D: function "gxf_log_simple"  was declared but never referenced
  static void gxf_log_simple(const char *format,...)
..\HARDWARE\module\md_src\md_log.c: 1 warning, 0 errors
compiling netbuf.c...
compiling md_app.c...
..\HARDWARE\bsp\bsp_inc\bsp_enet.h(23): warning:  #1-D: last line of file ends without a newline
  #endif
..\HARDWARE\module\md_inc\md_lwip.h(49): warning:  #1-D: last line of file ends without a newline
  #endif
..\HARDWARE\module\md_src\md_app.c(104): warning:  #223-D: function "enet_system_setup" declared implicitly
      enet_system_setup();
..\HARDWARE\module\md_src\md_app.c(122): warning:  #177-D: variable "recvnum"  was declared but never referenced
      int  ret, recvnum, sockfd = -1;
..\HARDWARE\module\md_src\md_app.c(125): warning:  #177-D: variable "buf"  was declared but never referenced
      char buf[100];
..\HARDWARE\module\md_src\md_app.c(40): warning:  #177-D: function "online_inspection"  was declared but never referenced
  static void online_inspection(void);
..\HARDWARE\module\md_src\md_app.c(41): warning:  #177-D: function "key_detection"  was declared but never referenced
  static void key_detection(void);
..\HARDWARE\module\md_src\md_app.c: 7 warnings, 0 errors
compiling if_api.c...
compiling err.c...
compiling heap_4.c...
compiling api_lib.c...
compiling api_msg.c...
compiling netdb.c...
compiling sys_arch.c...
compiling netifapi.c...
compiling port.c...
compiling altcp.c...
compiling tcpip.c...
compiling def.c...
compiling dns.c...
compiling inet_chksum.c...
compiling sockets.c...
compiling altcp_tcp.c...
compiling altcp_alloc.c...
compiling init.c...
compiling memp.c...
compiling ip.c...
compiling netif.c...
compiling raw.c...
compiling pbuf.c...
compiling mem.c...
compiling stats.c...
compiling timeouts.c...
compiling tcp_out.c...
compiling tcp.c...
compiling sys.c...
compiling udp.c...
compiling autoip.c...
compiling ethernetif.c...
..\LWIP\port\ethernetif.h(19): warning:  #1-D: last line of file ends without a newline
  #endif 
..\HARDWARE\module\md_inc\md_lwip.h(49): warning:  #1-D: last line of file ends without a newline
  #endif
..\LWIP\port\ethernetif.c: 2 warnings, 0 errors
compiling tcp_in.c...
compiling ip4_frag.c...
compiling ip4_addr.c...
compiling igmp.c...
compiling etharp.c...
compiling icmp.c...
compiling ip4.c...
compiling dhcp.c...
compiling bridgeif.c...
compiling lowpan6_ble.c...
compiling lowpan6.c...
compiling lowpan6_common.c...
compiling zepif.c...
compiling ethernet.c...
linking...
Program Size: Code=65712 RO-data=1164 RW-data=404 ZI-data=85412  
FromELF: creating hex file...
After Build - User command #1: D:\Keil_v5\ARM\ARMCC\bin\fromelf.exe --bin -o .\Listings\app.bin .\Objects\xiaoyuan.axf
".\Objects\xiaoyuan.axf" - 0 Error(s), 18 Warning(s).

<h2>Collection of Component include folders:</h2>
  .\RTE\_example
  D:\Keil_v5\ARM\PACK\GigaDevice\GD32F4xx_DFP\2.1.0\Device\F4XX\Include

<h2>Collection of Component Files used:</h2>
Build Time Elapsed:  00:00:14
</pre>
</body>
</html>
