<!doctype html public "-//w3c//dtd html 4.0 transitional//en">
<html><head>
<title>Static Call Graph - [.\Objects\xiaoyuan.axf]</title></head>
<body><HR>
<H1>Static Call Graph for image .\Objects\xiaoyuan.axf</H1><HR>
<BR><P>#&#060CALLGRAPH&#062# ARM Linker, 5060422: Last Updated: Tue Jul 26 11:19:46 2022
<BR><P>
<H3>Maximum Stack Usage =        824 bytes + Unknown(Cycles, Untraceable Function Pointers)</H3><H3>
Call chain for Maximum Stack Depth:</H3>
dhcp_fine_tmr &rArr; dhcp_timeout &rArr; dhcp_start &rArr; dhcp_release_and_stop &rArr; netif_set_addr &rArr; netif_do_set_ipaddr &rArr; netif_do_ip_addr_changed &rArr; tcp_netif_ip_addr_changed &rArr; tcp_netif_ip_addr_changed_pcblist &rArr; tcp_abort &rArr; tcp_abandon &rArr; tcp_pcb_remove &rArr; tcp_output &rArr; tcp_send_empty_ack &rArr; tcp_output_control_segment &rArr; ip4_output_if &rArr; ip4_output_if_src &rArr; ip4_frag &rArr; pbuf_alloc &rArr; pbuf_free &rArr; mem_free &rArr; sys_mutex_unlock &rArr; xQueueGiveMutexRecursive &rArr; xQueueGenericSend &rArr; vTaskPlaceOnEventList &rArr; prvAddCurrentTaskToDelayedList &rArr; vListInsert
<P>
<H3>
Mutually Recursive functions
</H3> <LI><a href="#[1c]">ADC_IRQHandler</a>&nbsp;&nbsp;&nbsp;&rArr;&nbsp;&nbsp;&nbsp;<a href="#[1c]">ADC_IRQHandler</a><BR>
 <LI><a href="#[176]">netconn_drain</a>&nbsp;&nbsp;&nbsp;&rArr;&nbsp;&nbsp;&nbsp;<a href="#[176]">netconn_drain</a><BR>
 <LI><a href="#[180]">lwip_sendto</a>&nbsp;&nbsp;&nbsp;&rArr;&nbsp;&nbsp;&nbsp;<a href="#[17f]">lwip_send</a><BR>
</UL>
<P>
<H3>
Function Pointers
</H3><UL>
 <LI><a href="#[1c]">ADC_IRQHandler</a> from startup_gd32f407.o(.text) referenced from startup_gd32f407.o(RESET)
 <LI><a href="#[4]">BusFault_Handler</a> from gd32f4xx_it.o(i.BusFault_Handler) referenced from startup_gd32f407.o(RESET)
 <LI><a href="#[20]">CAN0_EWMC_IRQHandler</a> from startup_gd32f407.o(.text) referenced from startup_gd32f407.o(RESET)
 <LI><a href="#[1e]">CAN0_RX0_IRQHandler</a> from startup_gd32f407.o(.text) referenced from startup_gd32f407.o(RESET)
 <LI><a href="#[1f]">CAN0_RX1_IRQHandler</a> from startup_gd32f407.o(.text) referenced from startup_gd32f407.o(RESET)
 <LI><a href="#[1d]">CAN0_TX_IRQHandler</a> from startup_gd32f407.o(.text) referenced from startup_gd32f407.o(RESET)
 <LI><a href="#[4c]">CAN1_EWMC_IRQHandler</a> from startup_gd32f407.o(.text) referenced from startup_gd32f407.o(RESET)
 <LI><a href="#[4a]">CAN1_RX0_IRQHandler</a> from startup_gd32f407.o(.text) referenced from startup_gd32f407.o(RESET)
 <LI><a href="#[4b]">CAN1_RX1_IRQHandler</a> from startup_gd32f407.o(.text) referenced from startup_gd32f407.o(RESET)
 <LI><a href="#[49]">CAN1_TX_IRQHandler</a> from startup_gd32f407.o(.text) referenced from startup_gd32f407.o(RESET)
 <LI><a href="#[58]">DCI_IRQHandler</a> from startup_gd32f407.o(.text) referenced from startup_gd32f407.o(RESET)
 <LI><a href="#[15]">DMA0_Channel0_IRQHandler</a> from startup_gd32f407.o(.text) referenced from startup_gd32f407.o(RESET)
 <LI><a href="#[16]">DMA0_Channel1_IRQHandler</a> from startup_gd32f407.o(.text) referenced from startup_gd32f407.o(RESET)
 <LI><a href="#[17]">DMA0_Channel2_IRQHandler</a> from startup_gd32f407.o(.text) referenced from startup_gd32f407.o(RESET)
 <LI><a href="#[18]">DMA0_Channel3_IRQHandler</a> from startup_gd32f407.o(.text) referenced from startup_gd32f407.o(RESET)
 <LI><a href="#[19]">DMA0_Channel4_IRQHandler</a> from startup_gd32f407.o(.text) referenced from startup_gd32f407.o(RESET)
 <LI><a href="#[1a]">DMA0_Channel5_IRQHandler</a> from startup_gd32f407.o(.text) referenced from startup_gd32f407.o(RESET)
 <LI><a href="#[1b]">DMA0_Channel6_IRQHandler</a> from startup_gd32f407.o(.text) referenced from startup_gd32f407.o(RESET)
 <LI><a href="#[39]">DMA0_Channel7_IRQHandler</a> from startup_gd32f407.o(.text) referenced from startup_gd32f407.o(RESET)
 <LI><a href="#[42]">DMA1_Channel0_IRQHandler</a> from startup_gd32f407.o(.text) referenced from startup_gd32f407.o(RESET)
 <LI><a href="#[43]">DMA1_Channel1_IRQHandler</a> from startup_gd32f407.o(.text) referenced from startup_gd32f407.o(RESET)
 <LI><a href="#[44]">DMA1_Channel2_IRQHandler</a> from startup_gd32f407.o(.text) referenced from startup_gd32f407.o(RESET)
 <LI><a href="#[45]">DMA1_Channel3_IRQHandler</a> from startup_gd32f407.o(.text) referenced from startup_gd32f407.o(RESET)
 <LI><a href="#[46]">DMA1_Channel4_IRQHandler</a> from startup_gd32f407.o(.text) referenced from startup_gd32f407.o(RESET)
 <LI><a href="#[4e]">DMA1_Channel5_IRQHandler</a> from startup_gd32f407.o(.text) referenced from startup_gd32f407.o(RESET)
 <LI><a href="#[4f]">DMA1_Channel6_IRQHandler</a> from startup_gd32f407.o(.text) referenced from startup_gd32f407.o(RESET)
 <LI><a href="#[50]">DMA1_Channel7_IRQHandler</a> from startup_gd32f407.o(.text) referenced from startup_gd32f407.o(RESET)
 <LI><a href="#[7]">DebugMon_Handler</a> from gd32f4xx_it.o(i.DebugMon_Handler) referenced from startup_gd32f407.o(RESET)
 <LI><a href="#[47]">ENET_IRQHandler</a> from md_lwip.o(i.ENET_IRQHandler) referenced from startup_gd32f407.o(RESET)
 <LI><a href="#[48]">ENET_WKUP_IRQHandler</a> from startup_gd32f407.o(.text) referenced from startup_gd32f407.o(RESET)
 <LI><a href="#[3a]">EXMC_IRQHandler</a> from startup_gd32f407.o(.text) referenced from startup_gd32f407.o(RESET)
 <LI><a href="#[10]">EXTI0_IRQHandler</a> from startup_gd32f407.o(.text) referenced from startup_gd32f407.o(RESET)
 <LI><a href="#[32]">EXTI10_15_IRQHandler</a> from startup_gd32f407.o(.text) referenced from startup_gd32f407.o(RESET)
 <LI><a href="#[11]">EXTI1_IRQHandler</a> from startup_gd32f407.o(.text) referenced from startup_gd32f407.o(RESET)
 <LI><a href="#[12]">EXTI2_IRQHandler</a> from startup_gd32f407.o(.text) referenced from startup_gd32f407.o(RESET)
 <LI><a href="#[13]">EXTI3_IRQHandler</a> from startup_gd32f407.o(.text) referenced from startup_gd32f407.o(RESET)
 <LI><a href="#[14]">EXTI4_IRQHandler</a> from startup_gd32f407.o(.text) referenced from startup_gd32f407.o(RESET)
 <LI><a href="#[21]">EXTI5_9_IRQHandler</a> from startup_gd32f407.o(.text) referenced from startup_gd32f407.o(RESET)
 <LI><a href="#[e]">FMC_IRQHandler</a> from startup_gd32f407.o(.text) referenced from startup_gd32f407.o(RESET)
 <LI><a href="#[5a]">FPU_IRQHandler</a> from startup_gd32f407.o(.text) referenced from startup_gd32f407.o(RESET)
 <LI><a href="#[2]">HardFault_Handler</a> from gd32f4xx_it.o(i.HardFault_Handler) referenced from startup_gd32f407.o(RESET)
 <LI><a href="#[2a]">I2C0_ER_IRQHandler</a> from startup_gd32f407.o(.text) referenced from startup_gd32f407.o(RESET)
 <LI><a href="#[29]">I2C0_EV_IRQHandler</a> from startup_gd32f407.o(.text) referenced from startup_gd32f407.o(RESET)
 <LI><a href="#[2c]">I2C1_ER_IRQHandler</a> from startup_gd32f407.o(.text) referenced from startup_gd32f407.o(RESET)
 <LI><a href="#[2b]">I2C1_EV_IRQHandler</a> from startup_gd32f407.o(.text) referenced from startup_gd32f407.o(RESET)
 <LI><a href="#[53]">I2C2_ER_IRQHandler</a> from startup_gd32f407.o(.text) referenced from startup_gd32f407.o(RESET)
 <LI><a href="#[52]">I2C2_EV_IRQHandler</a> from startup_gd32f407.o(.text) referenced from startup_gd32f407.o(RESET)
 <LI><a href="#[b]">LVD_IRQHandler</a> from startup_gd32f407.o(.text) referenced from startup_gd32f407.o(RESET)
 <LI><a href="#[3]">MemManage_Handler</a> from gd32f4xx_it.o(i.MemManage_Handler) referenced from startup_gd32f407.o(RESET)
 <LI><a href="#[1]">NMI_Handler</a> from gd32f4xx_it.o(i.NMI_Handler) referenced from startup_gd32f407.o(RESET)
 <LI><a href="#[8]">PendSV_Handler</a> from port.o(.emb_text) referenced from startup_gd32f407.o(RESET)
 <LI><a href="#[f]">RCU_CTC_IRQHandler</a> from startup_gd32f407.o(.text) referenced from startup_gd32f407.o(RESET)
 <LI><a href="#[33]">RTC_Alarm_IRQHandler</a> from startup_gd32f407.o(.text) referenced from startup_gd32f407.o(RESET)
 <LI><a href="#[d]">RTC_WKUP_IRQHandler</a> from startup_gd32f407.o(.text) referenced from startup_gd32f407.o(RESET)
 <LI><a href="#[0]">Reset_Handler</a> from startup_gd32f407.o(.text) referenced from startup_gd32f407.o(RESET)
 <LI><a href="#[3b]">SDIO_IRQHandler</a> from startup_gd32f407.o(.text) referenced from startup_gd32f407.o(RESET)
 <LI><a href="#[2d]">SPI0_IRQHandler</a> from startup_gd32f407.o(.text) referenced from startup_gd32f407.o(RESET)
 <LI><a href="#[2e]">SPI1_IRQHandler</a> from startup_gd32f407.o(.text) referenced from startup_gd32f407.o(RESET)
 <LI><a href="#[3d]">SPI2_IRQHandler</a> from startup_gd32f407.o(.text) referenced from startup_gd32f407.o(RESET)
 <LI><a href="#[6]">SVC_Handler</a> from port.o(.emb_text) referenced from startup_gd32f407.o(RESET)
 <LI><a href="#[9]">SysTick_Handler</a> from port.o(i.SysTick_Handler) referenced from startup_gd32f407.o(RESET)
 <LI><a href="#[5c]">SystemInit</a> from system_gd32f4xx.o(i.SystemInit) referenced from startup_gd32f407.o(.text)
 <LI><a href="#[c]">TAMPER_STAMP_IRQHandler</a> from startup_gd32f407.o(.text) referenced from startup_gd32f407.o(RESET)
 <LI><a href="#[22]">TIMER0_BRK_TIMER8_IRQHandler</a> from startup_gd32f407.o(.text) referenced from startup_gd32f407.o(RESET)
 <LI><a href="#[25]">TIMER0_Channel_IRQHandler</a> from startup_gd32f407.o(.text) referenced from startup_gd32f407.o(RESET)
 <LI><a href="#[24]">TIMER0_TRG_CMT_TIMER10_IRQHandler</a> from startup_gd32f407.o(.text) referenced from startup_gd32f407.o(RESET)
 <LI><a href="#[23]">TIMER0_UP_TIMER9_IRQHandler</a> from startup_gd32f407.o(.text) referenced from startup_gd32f407.o(RESET)
 <LI><a href="#[26]">TIMER1_IRQHandler</a> from startup_gd32f407.o(.text) referenced from startup_gd32f407.o(RESET)
 <LI><a href="#[27]">TIMER2_IRQHandler</a> from startup_gd32f407.o(.text) referenced from startup_gd32f407.o(RESET)
 <LI><a href="#[28]">TIMER3_IRQHandler</a> from startup_gd32f407.o(.text) referenced from startup_gd32f407.o(RESET)
 <LI><a href="#[3c]">TIMER4_IRQHandler</a> from startup_gd32f407.o(.text) referenced from startup_gd32f407.o(RESET)
 <LI><a href="#[40]">TIMER5_DAC_IRQHandler</a> from startup_gd32f407.o(.text) referenced from startup_gd32f407.o(RESET)
 <LI><a href="#[41]">TIMER6_IRQHandler</a> from startup_gd32f407.o(.text) referenced from startup_gd32f407.o(RESET)
 <LI><a href="#[35]">TIMER7_BRK_TIMER11_IRQHandler</a> from startup_gd32f407.o(.text) referenced from startup_gd32f407.o(RESET)
 <LI><a href="#[38]">TIMER7_Channel_IRQHandler</a> from startup_gd32f407.o(.text) referenced from startup_gd32f407.o(RESET)
 <LI><a href="#[37]">TIMER7_TRG_CMT_TIMER13_IRQHandler</a> from startup_gd32f407.o(.text) referenced from startup_gd32f407.o(RESET)
 <LI><a href="#[36]">TIMER7_UP_TIMER12_IRQHandler</a> from startup_gd32f407.o(.text) referenced from startup_gd32f407.o(RESET)
 <LI><a href="#[59]">TRNG_IRQHandler</a> from startup_gd32f407.o(.text) referenced from startup_gd32f407.o(RESET)
 <LI><a href="#[3e]">UART3_IRQHandler</a> from startup_gd32f407.o(.text) referenced from startup_gd32f407.o(RESET)
 <LI><a href="#[3f]">UART4_IRQHandler</a> from startup_gd32f407.o(.text) referenced from startup_gd32f407.o(RESET)
 <LI><a href="#[2f]">USART0_IRQHandler</a> from startup_gd32f407.o(.text) referenced from startup_gd32f407.o(RESET)
 <LI><a href="#[30]">USART1_IRQHandler</a> from startup_gd32f407.o(.text) referenced from startup_gd32f407.o(RESET)
 <LI><a href="#[31]">USART2_IRQHandler</a> from startup_gd32f407.o(.text) referenced from startup_gd32f407.o(RESET)
 <LI><a href="#[51]">USART5_IRQHandler</a> from startup_gd32f407.o(.text) referenced from startup_gd32f407.o(RESET)
 <LI><a href="#[4d]">USBFS_IRQHandler</a> from startup_gd32f407.o(.text) referenced from startup_gd32f407.o(RESET)
 <LI><a href="#[34]">USBFS_WKUP_IRQHandler</a> from startup_gd32f407.o(.text) referenced from startup_gd32f407.o(RESET)
 <LI><a href="#[55]">USBHS_EP1_In_IRQHandler</a> from startup_gd32f407.o(.text) referenced from startup_gd32f407.o(RESET)
 <LI><a href="#[54]">USBHS_EP1_Out_IRQHandler</a> from startup_gd32f407.o(.text) referenced from startup_gd32f407.o(RESET)
 <LI><a href="#[57]">USBHS_IRQHandler</a> from startup_gd32f407.o(.text) referenced from startup_gd32f407.o(RESET)
 <LI><a href="#[56]">USBHS_WKUP_IRQHandler</a> from startup_gd32f407.o(.text) referenced from startup_gd32f407.o(RESET)
 <LI><a href="#[5]">UsageFault_Handler</a> from gd32f4xx_it.o(i.UsageFault_Handler) referenced from startup_gd32f407.o(RESET)
 <LI><a href="#[a]">WWDGT_IRQHandler</a> from startup_gd32f407.o(.text) referenced from startup_gd32f407.o(RESET)
 <LI><a href="#[5d]">__main</a> from entry.o(.ARM.Collect$$$$00000000) referenced from startup_gd32f407.o(.text)
 <LI><a href="#[83]">dhcp_coarse_tmr</a> from dhcp.o(i.dhcp_coarse_tmr) referenced from timeouts.o(.constdata)
 <LI><a href="#[84]">dhcp_fine_tmr</a> from dhcp.o(i.dhcp_fine_tmr) referenced from timeouts.o(.constdata)
 <LI><a href="#[60]">dhcp_recv</a> from dhcp.o(i.dhcp_recv) referenced from dhcp.o(i.dhcp_inc_pcb_refcount)
 <LI><a href="#[69]">err_tcp</a> from api_msg.o(i.err_tcp) referenced from api_msg.o(i.lwip_netconn_do_close_internal)
 <LI><a href="#[69]">err_tcp</a> from api_msg.o(i.err_tcp) referenced from api_msg.o(i.setup_tcp)
 <LI><a href="#[61]">etharp_output</a> from etharp.o(i.etharp_output) referenced from ethernetif.o(i.ethernetif_init)
 <LI><a href="#[82]">etharp_tmr</a> from etharp.o(i.etharp_tmr) referenced from timeouts.o(.constdata)
 <LI><a href="#[7c]">ethernet_input</a> from ethernet.o(i.ethernet_input) referenced from tcpip.o(i.tcpip_input)
 <LI><a href="#[6d]">ethernetif_init</a> from ethernetif.o(i.ethernetif_init) referenced from md_lwip.o(i.lwip_stack_init)
 <LI><a href="#[65]">ethernetif_input</a> from ethernetif.o(i.ethernetif_input) referenced from ethernetif.o(i.low_level_init)
 <LI><a href="#[6b]">event_callback</a> from sockets.o(i.event_callback) referenced from sockets.o(i.lwip_socket)
 <LI><a href="#[5e]">fputc</a> from bsp_uart.o(i.fputc) referenced from printfa.o(i.__0printf)
 <LI><a href="#[5f]">init_task</a> from md_app.o(i.init_task) referenced from md_app.o(i.app_init)
 <LI><a href="#[7d]">ip4_input</a> from ip4.o(i.ip4_input) referenced from tcpip.o(i.tcpip_input)
 <LI><a href="#[81]">ip_reass_tmr</a> from ip4_frag.o(i.ip_reass_tmr) referenced from timeouts.o(.constdata)
 <LI><a href="#[64]">ipfrag_free_pbuf_custom</a> from ip4_frag.o(i.ipfrag_free_pbuf_custom) referenced from ip4_frag.o(i.ip4_frag)
 <LI><a href="#[62]">low_level_output</a> from ethernetif.o(i.low_level_output) referenced from ethernetif.o(i.ethernetif_init)
 <LI><a href="#[66]">lwip_cyclic_timer</a> from timeouts.o(i.lwip_cyclic_timer) referenced from timeouts.o(i.lwip_cyclic_timer)
 <LI><a href="#[66]">lwip_cyclic_timer</a> from timeouts.o(i.lwip_cyclic_timer) referenced from timeouts.o(i.sys_timeouts_init)
 <LI><a href="#[6e]">lwip_netconn_do_bind</a> from api_msg.o(i.lwip_netconn_do_bind) referenced from api_lib.o(i.netconn_bind)
 <LI><a href="#[6f]">lwip_netconn_do_connect</a> from api_msg.o(i.lwip_netconn_do_connect) referenced from api_lib.o(i.netconn_connect)
 <LI><a href="#[6a]">lwip_netconn_do_connected</a> from api_msg.o(i.lwip_netconn_do_connected) referenced from api_msg.o(i.lwip_netconn_do_connect)
 <LI><a href="#[72]">lwip_netconn_do_delconn</a> from api_msg.o(i.lwip_netconn_do_delconn) referenced from api_lib.o(i.netconn_prepare_delete)
 <LI><a href="#[70]">lwip_netconn_do_disconnect</a> from api_msg.o(i.lwip_netconn_do_disconnect) referenced from api_lib.o(i.netconn_disconnect)
 <LI><a href="#[71]">lwip_netconn_do_newconn</a> from api_msg.o(i.lwip_netconn_do_newconn) referenced from api_lib.o(i.netconn_new_with_proto_and_callback)
 <LI><a href="#[73]">lwip_netconn_do_send</a> from api_msg.o(i.lwip_netconn_do_send) referenced from api_lib.o(i.netconn_send)
 <LI><a href="#[74]">lwip_netconn_do_write</a> from api_msg.o(i.lwip_netconn_do_write) referenced from api_lib.o(i.netconn_write_vectors_partly)
 <LI><a href="#[5b]">main</a> from main.o(i.main) referenced from entry9a.o(.ARM.Collect$$$$0000000B)
 <LI><a href="#[75]">netif_null_output_ip4</a> from netif.o(i.netif_null_output_ip4) referenced from netif.o(i.netif_add)
 <LI><a href="#[68]">poll_tcp</a> from api_msg.o(i.poll_tcp) referenced from api_msg.o(i.lwip_netconn_do_close_internal)
 <LI><a href="#[68]">poll_tcp</a> from api_msg.o(i.poll_tcp) referenced from api_msg.o(i.setup_tcp)
 <LI><a href="#[7e]">prvIdleTask</a> from tasks.o(i.prvIdleTask) referenced from tasks.o(i.vTaskStartScheduler)
 <LI><a href="#[77]">prvTaskExitError</a> from port.o(i.prvTaskExitError) referenced from port.o(i.pxPortInitialiseStack)
 <LI><a href="#[7f]">prvTimerTask</a> from timers.o(i.prvTimerTask) referenced from timers.o(i.xTimerCreateTimerTask)
 <LI><a href="#[78]">recv_tcp</a> from api_msg.o(i.recv_tcp) referenced from api_msg.o(i.setup_tcp)
 <LI><a href="#[76]">recv_udp</a> from api_msg.o(i.recv_udp) referenced from api_msg.o(i.pcb_new)
 <LI><a href="#[67]">sent_tcp</a> from api_msg.o(i.sent_tcp) referenced from api_msg.o(i.lwip_netconn_do_close_internal)
 <LI><a href="#[67]">sent_tcp</a> from api_msg.o(i.sent_tcp) referenced from api_msg.o(i.setup_tcp)
 <LI><a href="#[63]">tcp_client_task</a> from md_app.o(i.tcp_client_task) referenced from md_app.o(i.init_task)
 <LI><a href="#[79]">tcp_recv_null</a> from tcp.o(i.tcp_recv_null) referenced from tcp.o(i.tcp_alloc)
 <LI><a href="#[80]">tcp_tmr</a> from tcp.o(i.tcp_tmr) referenced from timeouts.o(.constdata)
 <LI><a href="#[6c]">tcpip_input</a> from tcpip.o(i.tcpip_input) referenced from md_lwip.o(i.lwip_stack_init)
 <LI><a href="#[7a]">tcpip_tcp_timer</a> from timeouts.o(i.tcpip_tcp_timer) referenced from timeouts.o(i.tcp_timer_needed)
 <LI><a href="#[7a]">tcpip_tcp_timer</a> from timeouts.o(i.tcpip_tcp_timer) referenced from timeouts.o(i.tcpip_tcp_timer)
 <LI><a href="#[7b]">tcpip_thread</a> from tcpip.o(i.tcpip_thread) referenced from tcpip.o(i.tcpip_init)
</UL>
<P>
<H3>
Global Symbols
</H3>
<P><STRONG><a name="[5d]"></a>__main</STRONG> (Thumb, 0 bytes, Stack size unknown bytes, entry.o(.ARM.Collect$$$$00000000))
<BR>[Address Reference Count : 1]<UL><LI> startup_gd32f407.o(.text)
</UL>
<P><STRONG><a name="[23e]"></a>_main_stk</STRONG> (Thumb, 0 bytes, Stack size unknown bytes, entry2.o(.ARM.Collect$$$$00000001))

<P><STRONG><a name="[85]"></a>_main_scatterload</STRONG> (Thumb, 0 bytes, Stack size unknown bytes, entry5.o(.ARM.Collect$$$$00000004))
<BR><BR>[Calls]<UL><LI><a href="#[86]">&gt;&gt;</a>&nbsp;&nbsp;&nbsp;__scatterload
</UL>

<P><STRONG><a name="[97]"></a>__main_after_scatterload</STRONG> (Thumb, 0 bytes, Stack size unknown bytes, entry5.o(.ARM.Collect$$$$00000004))
<BR><BR>[Called By]<UL><LI><a href="#[86]">&gt;&gt;</a>&nbsp;&nbsp;&nbsp;__scatterload
</UL>

<P><STRONG><a name="[23f]"></a>_main_clock</STRONG> (Thumb, 0 bytes, Stack size unknown bytes, entry7b.o(.ARM.Collect$$$$00000008))

<P><STRONG><a name="[240]"></a>_main_cpp_init</STRONG> (Thumb, 0 bytes, Stack size unknown bytes, entry8b.o(.ARM.Collect$$$$0000000A))

<P><STRONG><a name="[241]"></a>_main_init</STRONG> (Thumb, 0 bytes, Stack size unknown bytes, entry9a.o(.ARM.Collect$$$$0000000B))

<P><STRONG><a name="[242]"></a>__rt_final_cpp</STRONG> (Thumb, 0 bytes, Stack size unknown bytes, entry10a.o(.ARM.Collect$$$$0000000D))

<P><STRONG><a name="[243]"></a>__rt_final_exit</STRONG> (Thumb, 0 bytes, Stack size unknown bytes, entry11a.o(.ARM.Collect$$$$0000000F))

<P><STRONG><a name="[6]"></a>SVC_Handler</STRONG> (Thumb, 28 bytes, Stack size 0 bytes, port.o(.emb_text))
<BR>[Address Reference Count : 1]<UL><LI> startup_gd32f407.o(RESET)
</UL>
<P><STRONG><a name="[236]"></a>__asm___6_port_c_39a90d8d__prvStartFirstTask</STRONG> (Thumb, 36 bytes, Stack size 0 bytes, port.o(.emb_text))
<BR><BR>[Called By]<UL><LI><a href="#[233]">&gt;&gt;</a>&nbsp;&nbsp;&nbsp;xPortStartScheduler
</UL>

<P><STRONG><a name="[235]"></a>__asm___6_port_c_39a90d8d__prvEnableVFP</STRONG> (Thumb, 16 bytes, Stack size 0 bytes, port.o(.emb_text))
<BR><BR>[Called By]<UL><LI><a href="#[233]">&gt;&gt;</a>&nbsp;&nbsp;&nbsp;xPortStartScheduler
</UL>

<P><STRONG><a name="[8]"></a>PendSV_Handler</STRONG> (Thumb, 88 bytes, Stack size 0 bytes, port.o(.emb_text))
<BR><BR>[Calls]<UL><LI><a href="#[87]">&gt;&gt;</a>&nbsp;&nbsp;&nbsp;vTaskSwitchContext
</UL>
<BR>[Address Reference Count : 1]<UL><LI> startup_gd32f407.o(RESET)
</UL>
<P><STRONG><a name="[22b]"></a>vPortGetIPSR</STRONG> (Thumb, 6 bytes, Stack size 0 bytes, port.o(.emb_text))
<BR><BR>[Called By]<UL><LI><a href="#[22a]">&gt;&gt;</a>&nbsp;&nbsp;&nbsp;vPortValidateInterruptPriority
</UL>

<P><STRONG><a name="[0]"></a>Reset_Handler</STRONG> (Thumb, 8 bytes, Stack size 0 bytes, startup_gd32f407.o(.text))
<BR>[Address Reference Count : 1]<UL><LI> startup_gd32f407.o(RESET)
</UL>
<P><STRONG><a name="[1c]"></a>ADC_IRQHandler</STRONG> (Thumb, 0 bytes, Stack size 0 bytes, startup_gd32f407.o(.text))
<BR><BR>[Calls]<UL><LI><a href="#[1c]">&gt;&gt;</a>&nbsp;&nbsp;&nbsp;ADC_IRQHandler
</UL>
<BR>[Called By]<UL><LI><a href="#[1c]">&gt;&gt;</a>&nbsp;&nbsp;&nbsp;ADC_IRQHandler
</UL>
<BR>[Address Reference Count : 1]<UL><LI> startup_gd32f407.o(RESET)
</UL>
<P><STRONG><a name="[20]"></a>CAN0_EWMC_IRQHandler</STRONG> (Thumb, 0 bytes, Stack size 0 bytes, startup_gd32f407.o(.text))
<BR>[Address Reference Count : 1]<UL><LI> startup_gd32f407.o(RESET)
</UL>
<P><STRONG><a name="[1e]"></a>CAN0_RX0_IRQHandler</STRONG> (Thumb, 0 bytes, Stack size 0 bytes, startup_gd32f407.o(.text))
<BR>[Address Reference Count : 1]<UL><LI> startup_gd32f407.o(RESET)
</UL>
<P><STRONG><a name="[1f]"></a>CAN0_RX1_IRQHandler</STRONG> (Thumb, 0 bytes, Stack size 0 bytes, startup_gd32f407.o(.text))
<BR>[Address Reference Count : 1]<UL><LI> startup_gd32f407.o(RESET)
</UL>
<P><STRONG><a name="[1d]"></a>CAN0_TX_IRQHandler</STRONG> (Thumb, 0 bytes, Stack size 0 bytes, startup_gd32f407.o(.text))
<BR>[Address Reference Count : 1]<UL><LI> startup_gd32f407.o(RESET)
</UL>
<P><STRONG><a name="[4c]"></a>CAN1_EWMC_IRQHandler</STRONG> (Thumb, 0 bytes, Stack size 0 bytes, startup_gd32f407.o(.text))
<BR>[Address Reference Count : 1]<UL><LI> startup_gd32f407.o(RESET)
</UL>
<P><STRONG><a name="[4a]"></a>CAN1_RX0_IRQHandler</STRONG> (Thumb, 0 bytes, Stack size 0 bytes, startup_gd32f407.o(.text))
<BR>[Address Reference Count : 1]<UL><LI> startup_gd32f407.o(RESET)
</UL>
<P><STRONG><a name="[4b]"></a>CAN1_RX1_IRQHandler</STRONG> (Thumb, 0 bytes, Stack size 0 bytes, startup_gd32f407.o(.text))
<BR>[Address Reference Count : 1]<UL><LI> startup_gd32f407.o(RESET)
</UL>
<P><STRONG><a name="[49]"></a>CAN1_TX_IRQHandler</STRONG> (Thumb, 0 bytes, Stack size 0 bytes, startup_gd32f407.o(.text))
<BR>[Address Reference Count : 1]<UL><LI> startup_gd32f407.o(RESET)
</UL>
<P><STRONG><a name="[58]"></a>DCI_IRQHandler</STRONG> (Thumb, 0 bytes, Stack size 0 bytes, startup_gd32f407.o(.text))
<BR>[Address Reference Count : 1]<UL><LI> startup_gd32f407.o(RESET)
</UL>
<P><STRONG><a name="[15]"></a>DMA0_Channel0_IRQHandler</STRONG> (Thumb, 0 bytes, Stack size 0 bytes, startup_gd32f407.o(.text))
<BR>[Address Reference Count : 1]<UL><LI> startup_gd32f407.o(RESET)
</UL>
<P><STRONG><a name="[16]"></a>DMA0_Channel1_IRQHandler</STRONG> (Thumb, 0 bytes, Stack size 0 bytes, startup_gd32f407.o(.text))
<BR>[Address Reference Count : 1]<UL><LI> startup_gd32f407.o(RESET)
</UL>
<P><STRONG><a name="[17]"></a>DMA0_Channel2_IRQHandler</STRONG> (Thumb, 0 bytes, Stack size 0 bytes, startup_gd32f407.o(.text))
<BR>[Address Reference Count : 1]<UL><LI> startup_gd32f407.o(RESET)
</UL>
<P><STRONG><a name="[18]"></a>DMA0_Channel3_IRQHandler</STRONG> (Thumb, 0 bytes, Stack size 0 bytes, startup_gd32f407.o(.text))
<BR>[Address Reference Count : 1]<UL><LI> startup_gd32f407.o(RESET)
</UL>
<P><STRONG><a name="[19]"></a>DMA0_Channel4_IRQHandler</STRONG> (Thumb, 0 bytes, Stack size 0 bytes, startup_gd32f407.o(.text))
<BR>[Address Reference Count : 1]<UL><LI> startup_gd32f407.o(RESET)
</UL>
<P><STRONG><a name="[1a]"></a>DMA0_Channel5_IRQHandler</STRONG> (Thumb, 0 bytes, Stack size 0 bytes, startup_gd32f407.o(.text))
<BR>[Address Reference Count : 1]<UL><LI> startup_gd32f407.o(RESET)
</UL>
<P><STRONG><a name="[1b]"></a>DMA0_Channel6_IRQHandler</STRONG> (Thumb, 0 bytes, Stack size 0 bytes, startup_gd32f407.o(.text))
<BR>[Address Reference Count : 1]<UL><LI> startup_gd32f407.o(RESET)
</UL>
<P><STRONG><a name="[39]"></a>DMA0_Channel7_IRQHandler</STRONG> (Thumb, 0 bytes, Stack size 0 bytes, startup_gd32f407.o(.text))
<BR>[Address Reference Count : 1]<UL><LI> startup_gd32f407.o(RESET)
</UL>
<P><STRONG><a name="[42]"></a>DMA1_Channel0_IRQHandler</STRONG> (Thumb, 0 bytes, Stack size 0 bytes, startup_gd32f407.o(.text))
<BR>[Address Reference Count : 1]<UL><LI> startup_gd32f407.o(RESET)
</UL>
<P><STRONG><a name="[43]"></a>DMA1_Channel1_IRQHandler</STRONG> (Thumb, 0 bytes, Stack size 0 bytes, startup_gd32f407.o(.text))
<BR>[Address Reference Count : 1]<UL><LI> startup_gd32f407.o(RESET)
</UL>
<P><STRONG><a name="[44]"></a>DMA1_Channel2_IRQHandler</STRONG> (Thumb, 0 bytes, Stack size 0 bytes, startup_gd32f407.o(.text))
<BR>[Address Reference Count : 1]<UL><LI> startup_gd32f407.o(RESET)
</UL>
<P><STRONG><a name="[45]"></a>DMA1_Channel3_IRQHandler</STRONG> (Thumb, 0 bytes, Stack size 0 bytes, startup_gd32f407.o(.text))
<BR>[Address Reference Count : 1]<UL><LI> startup_gd32f407.o(RESET)
</UL>
<P><STRONG><a name="[46]"></a>DMA1_Channel4_IRQHandler</STRONG> (Thumb, 0 bytes, Stack size 0 bytes, startup_gd32f407.o(.text))
<BR>[Address Reference Count : 1]<UL><LI> startup_gd32f407.o(RESET)
</UL>
<P><STRONG><a name="[4e]"></a>DMA1_Channel5_IRQHandler</STRONG> (Thumb, 0 bytes, Stack size 0 bytes, startup_gd32f407.o(.text))
<BR>[Address Reference Count : 1]<UL><LI> startup_gd32f407.o(RESET)
</UL>
<P><STRONG><a name="[4f]"></a>DMA1_Channel6_IRQHandler</STRONG> (Thumb, 0 bytes, Stack size 0 bytes, startup_gd32f407.o(.text))
<BR>[Address Reference Count : 1]<UL><LI> startup_gd32f407.o(RESET)
</UL>
<P><STRONG><a name="[50]"></a>DMA1_Channel7_IRQHandler</STRONG> (Thumb, 0 bytes, Stack size 0 bytes, startup_gd32f407.o(.text))
<BR>[Address Reference Count : 1]<UL><LI> startup_gd32f407.o(RESET)
</UL>
<P><STRONG><a name="[48]"></a>ENET_WKUP_IRQHandler</STRONG> (Thumb, 0 bytes, Stack size 0 bytes, startup_gd32f407.o(.text))
<BR>[Address Reference Count : 1]<UL><LI> startup_gd32f407.o(RESET)
</UL>
<P><STRONG><a name="[3a]"></a>EXMC_IRQHandler</STRONG> (Thumb, 0 bytes, Stack size 0 bytes, startup_gd32f407.o(.text))
<BR>[Address Reference Count : 1]<UL><LI> startup_gd32f407.o(RESET)
</UL>
<P><STRONG><a name="[10]"></a>EXTI0_IRQHandler</STRONG> (Thumb, 0 bytes, Stack size 0 bytes, startup_gd32f407.o(.text))
<BR>[Address Reference Count : 1]<UL><LI> startup_gd32f407.o(RESET)
</UL>
<P><STRONG><a name="[32]"></a>EXTI10_15_IRQHandler</STRONG> (Thumb, 0 bytes, Stack size 0 bytes, startup_gd32f407.o(.text))
<BR>[Address Reference Count : 1]<UL><LI> startup_gd32f407.o(RESET)
</UL>
<P><STRONG><a name="[11]"></a>EXTI1_IRQHandler</STRONG> (Thumb, 0 bytes, Stack size 0 bytes, startup_gd32f407.o(.text))
<BR>[Address Reference Count : 1]<UL><LI> startup_gd32f407.o(RESET)
</UL>
<P><STRONG><a name="[12]"></a>EXTI2_IRQHandler</STRONG> (Thumb, 0 bytes, Stack size 0 bytes, startup_gd32f407.o(.text))
<BR>[Address Reference Count : 1]<UL><LI> startup_gd32f407.o(RESET)
</UL>
<P><STRONG><a name="[13]"></a>EXTI3_IRQHandler</STRONG> (Thumb, 0 bytes, Stack size 0 bytes, startup_gd32f407.o(.text))
<BR>[Address Reference Count : 1]<UL><LI> startup_gd32f407.o(RESET)
</UL>
<P><STRONG><a name="[14]"></a>EXTI4_IRQHandler</STRONG> (Thumb, 0 bytes, Stack size 0 bytes, startup_gd32f407.o(.text))
<BR>[Address Reference Count : 1]<UL><LI> startup_gd32f407.o(RESET)
</UL>
<P><STRONG><a name="[21]"></a>EXTI5_9_IRQHandler</STRONG> (Thumb, 0 bytes, Stack size 0 bytes, startup_gd32f407.o(.text))
<BR>[Address Reference Count : 1]<UL><LI> startup_gd32f407.o(RESET)
</UL>
<P><STRONG><a name="[e]"></a>FMC_IRQHandler</STRONG> (Thumb, 0 bytes, Stack size 0 bytes, startup_gd32f407.o(.text))
<BR>[Address Reference Count : 1]<UL><LI> startup_gd32f407.o(RESET)
</UL>
<P><STRONG><a name="[5a]"></a>FPU_IRQHandler</STRONG> (Thumb, 0 bytes, Stack size 0 bytes, startup_gd32f407.o(.text))
<BR>[Address Reference Count : 1]<UL><LI> startup_gd32f407.o(RESET)
</UL>
<P><STRONG><a name="[2a]"></a>I2C0_ER_IRQHandler</STRONG> (Thumb, 0 bytes, Stack size 0 bytes, startup_gd32f407.o(.text))
<BR>[Address Reference Count : 1]<UL><LI> startup_gd32f407.o(RESET)
</UL>
<P><STRONG><a name="[29]"></a>I2C0_EV_IRQHandler</STRONG> (Thumb, 0 bytes, Stack size 0 bytes, startup_gd32f407.o(.text))
<BR>[Address Reference Count : 1]<UL><LI> startup_gd32f407.o(RESET)
</UL>
<P><STRONG><a name="[2c]"></a>I2C1_ER_IRQHandler</STRONG> (Thumb, 0 bytes, Stack size 0 bytes, startup_gd32f407.o(.text))
<BR>[Address Reference Count : 1]<UL><LI> startup_gd32f407.o(RESET)
</UL>
<P><STRONG><a name="[2b]"></a>I2C1_EV_IRQHandler</STRONG> (Thumb, 0 bytes, Stack size 0 bytes, startup_gd32f407.o(.text))
<BR>[Address Reference Count : 1]<UL><LI> startup_gd32f407.o(RESET)
</UL>
<P><STRONG><a name="[53]"></a>I2C2_ER_IRQHandler</STRONG> (Thumb, 0 bytes, Stack size 0 bytes, startup_gd32f407.o(.text))
<BR>[Address Reference Count : 1]<UL><LI> startup_gd32f407.o(RESET)
</UL>
<P><STRONG><a name="[52]"></a>I2C2_EV_IRQHandler</STRONG> (Thumb, 0 bytes, Stack size 0 bytes, startup_gd32f407.o(.text))
<BR>[Address Reference Count : 1]<UL><LI> startup_gd32f407.o(RESET)
</UL>
<P><STRONG><a name="[b]"></a>LVD_IRQHandler</STRONG> (Thumb, 0 bytes, Stack size 0 bytes, startup_gd32f407.o(.text))
<BR>[Address Reference Count : 1]<UL><LI> startup_gd32f407.o(RESET)
</UL>
<P><STRONG><a name="[f]"></a>RCU_CTC_IRQHandler</STRONG> (Thumb, 0 bytes, Stack size 0 bytes, startup_gd32f407.o(.text))
<BR>[Address Reference Count : 1]<UL><LI> startup_gd32f407.o(RESET)
</UL>
<P><STRONG><a name="[33]"></a>RTC_Alarm_IRQHandler</STRONG> (Thumb, 0 bytes, Stack size 0 bytes, startup_gd32f407.o(.text))
<BR>[Address Reference Count : 1]<UL><LI> startup_gd32f407.o(RESET)
</UL>
<P><STRONG><a name="[d]"></a>RTC_WKUP_IRQHandler</STRONG> (Thumb, 0 bytes, Stack size 0 bytes, startup_gd32f407.o(.text))
<BR>[Address Reference Count : 1]<UL><LI> startup_gd32f407.o(RESET)
</UL>
<P><STRONG><a name="[3b]"></a>SDIO_IRQHandler</STRONG> (Thumb, 0 bytes, Stack size 0 bytes, startup_gd32f407.o(.text))
<BR>[Address Reference Count : 1]<UL><LI> startup_gd32f407.o(RESET)
</UL>
<P><STRONG><a name="[2d]"></a>SPI0_IRQHandler</STRONG> (Thumb, 0 bytes, Stack size 0 bytes, startup_gd32f407.o(.text))
<BR>[Address Reference Count : 1]<UL><LI> startup_gd32f407.o(RESET)
</UL>
<P><STRONG><a name="[2e]"></a>SPI1_IRQHandler</STRONG> (Thumb, 0 bytes, Stack size 0 bytes, startup_gd32f407.o(.text))
<BR>[Address Reference Count : 1]<UL><LI> startup_gd32f407.o(RESET)
</UL>
<P><STRONG><a name="[3d]"></a>SPI2_IRQHandler</STRONG> (Thumb, 0 bytes, Stack size 0 bytes, startup_gd32f407.o(.text))
<BR>[Address Reference Count : 1]<UL><LI> startup_gd32f407.o(RESET)
</UL>
<P><STRONG><a name="[c]"></a>TAMPER_STAMP_IRQHandler</STRONG> (Thumb, 0 bytes, Stack size 0 bytes, startup_gd32f407.o(.text))
<BR>[Address Reference Count : 1]<UL><LI> startup_gd32f407.o(RESET)
</UL>
<P><STRONG><a name="[22]"></a>TIMER0_BRK_TIMER8_IRQHandler</STRONG> (Thumb, 0 bytes, Stack size 0 bytes, startup_gd32f407.o(.text))
<BR>[Address Reference Count : 1]<UL><LI> startup_gd32f407.o(RESET)
</UL>
<P><STRONG><a name="[25]"></a>TIMER0_Channel_IRQHandler</STRONG> (Thumb, 0 bytes, Stack size 0 bytes, startup_gd32f407.o(.text))
<BR>[Address Reference Count : 1]<UL><LI> startup_gd32f407.o(RESET)
</UL>
<P><STRONG><a name="[24]"></a>TIMER0_TRG_CMT_TIMER10_IRQHandler</STRONG> (Thumb, 0 bytes, Stack size 0 bytes, startup_gd32f407.o(.text))
<BR>[Address Reference Count : 1]<UL><LI> startup_gd32f407.o(RESET)
</UL>
<P><STRONG><a name="[23]"></a>TIMER0_UP_TIMER9_IRQHandler</STRONG> (Thumb, 0 bytes, Stack size 0 bytes, startup_gd32f407.o(.text))
<BR>[Address Reference Count : 1]<UL><LI> startup_gd32f407.o(RESET)
</UL>
<P><STRONG><a name="[26]"></a>TIMER1_IRQHandler</STRONG> (Thumb, 0 bytes, Stack size 0 bytes, startup_gd32f407.o(.text))
<BR>[Address Reference Count : 1]<UL><LI> startup_gd32f407.o(RESET)
</UL>
<P><STRONG><a name="[27]"></a>TIMER2_IRQHandler</STRONG> (Thumb, 0 bytes, Stack size 0 bytes, startup_gd32f407.o(.text))
<BR>[Address Reference Count : 1]<UL><LI> startup_gd32f407.o(RESET)
</UL>
<P><STRONG><a name="[28]"></a>TIMER3_IRQHandler</STRONG> (Thumb, 0 bytes, Stack size 0 bytes, startup_gd32f407.o(.text))
<BR>[Address Reference Count : 1]<UL><LI> startup_gd32f407.o(RESET)
</UL>
<P><STRONG><a name="[3c]"></a>TIMER4_IRQHandler</STRONG> (Thumb, 0 bytes, Stack size 0 bytes, startup_gd32f407.o(.text))
<BR>[Address Reference Count : 1]<UL><LI> startup_gd32f407.o(RESET)
</UL>
<P><STRONG><a name="[40]"></a>TIMER5_DAC_IRQHandler</STRONG> (Thumb, 0 bytes, Stack size 0 bytes, startup_gd32f407.o(.text))
<BR>[Address Reference Count : 1]<UL><LI> startup_gd32f407.o(RESET)
</UL>
<P><STRONG><a name="[41]"></a>TIMER6_IRQHandler</STRONG> (Thumb, 0 bytes, Stack size 0 bytes, startup_gd32f407.o(.text))
<BR>[Address Reference Count : 1]<UL><LI> startup_gd32f407.o(RESET)
</UL>
<P><STRONG><a name="[35]"></a>TIMER7_BRK_TIMER11_IRQHandler</STRONG> (Thumb, 0 bytes, Stack size 0 bytes, startup_gd32f407.o(.text))
<BR>[Address Reference Count : 1]<UL><LI> startup_gd32f407.o(RESET)
</UL>
<P><STRONG><a name="[38]"></a>TIMER7_Channel_IRQHandler</STRONG> (Thumb, 0 bytes, Stack size 0 bytes, startup_gd32f407.o(.text))
<BR>[Address Reference Count : 1]<UL><LI> startup_gd32f407.o(RESET)
</UL>
<P><STRONG><a name="[37]"></a>TIMER7_TRG_CMT_TIMER13_IRQHandler</STRONG> (Thumb, 0 bytes, Stack size 0 bytes, startup_gd32f407.o(.text))
<BR>[Address Reference Count : 1]<UL><LI> startup_gd32f407.o(RESET)
</UL>
<P><STRONG><a name="[36]"></a>TIMER7_UP_TIMER12_IRQHandler</STRONG> (Thumb, 0 bytes, Stack size 0 bytes, startup_gd32f407.o(.text))
<BR>[Address Reference Count : 1]<UL><LI> startup_gd32f407.o(RESET)
</UL>
<P><STRONG><a name="[59]"></a>TRNG_IRQHandler</STRONG> (Thumb, 0 bytes, Stack size 0 bytes, startup_gd32f407.o(.text))
<BR>[Address Reference Count : 1]<UL><LI> startup_gd32f407.o(RESET)
</UL>
<P><STRONG><a name="[3e]"></a>UART3_IRQHandler</STRONG> (Thumb, 0 bytes, Stack size 0 bytes, startup_gd32f407.o(.text))
<BR>[Address Reference Count : 1]<UL><LI> startup_gd32f407.o(RESET)
</UL>
<P><STRONG><a name="[3f]"></a>UART4_IRQHandler</STRONG> (Thumb, 0 bytes, Stack size 0 bytes, startup_gd32f407.o(.text))
<BR>[Address Reference Count : 1]<UL><LI> startup_gd32f407.o(RESET)
</UL>
<P><STRONG><a name="[2f]"></a>USART0_IRQHandler</STRONG> (Thumb, 0 bytes, Stack size 0 bytes, startup_gd32f407.o(.text))
<BR>[Address Reference Count : 1]<UL><LI> startup_gd32f407.o(RESET)
</UL>
<P><STRONG><a name="[30]"></a>USART1_IRQHandler</STRONG> (Thumb, 0 bytes, Stack size 0 bytes, startup_gd32f407.o(.text))
<BR>[Address Reference Count : 1]<UL><LI> startup_gd32f407.o(RESET)
</UL>
<P><STRONG><a name="[31]"></a>USART2_IRQHandler</STRONG> (Thumb, 0 bytes, Stack size 0 bytes, startup_gd32f407.o(.text))
<BR>[Address Reference Count : 1]<UL><LI> startup_gd32f407.o(RESET)
</UL>
<P><STRONG><a name="[51]"></a>USART5_IRQHandler</STRONG> (Thumb, 0 bytes, Stack size 0 bytes, startup_gd32f407.o(.text))
<BR>[Address Reference Count : 1]<UL><LI> startup_gd32f407.o(RESET)
</UL>
<P><STRONG><a name="[4d]"></a>USBFS_IRQHandler</STRONG> (Thumb, 0 bytes, Stack size 0 bytes, startup_gd32f407.o(.text))
<BR>[Address Reference Count : 1]<UL><LI> startup_gd32f407.o(RESET)
</UL>
<P><STRONG><a name="[34]"></a>USBFS_WKUP_IRQHandler</STRONG> (Thumb, 0 bytes, Stack size 0 bytes, startup_gd32f407.o(.text))
<BR>[Address Reference Count : 1]<UL><LI> startup_gd32f407.o(RESET)
</UL>
<P><STRONG><a name="[55]"></a>USBHS_EP1_In_IRQHandler</STRONG> (Thumb, 0 bytes, Stack size 0 bytes, startup_gd32f407.o(.text))
<BR>[Address Reference Count : 1]<UL><LI> startup_gd32f407.o(RESET)
</UL>
<P><STRONG><a name="[54]"></a>USBHS_EP1_Out_IRQHandler</STRONG> (Thumb, 0 bytes, Stack size 0 bytes, startup_gd32f407.o(.text))
<BR>[Address Reference Count : 1]<UL><LI> startup_gd32f407.o(RESET)
</UL>
<P><STRONG><a name="[57]"></a>USBHS_IRQHandler</STRONG> (Thumb, 0 bytes, Stack size 0 bytes, startup_gd32f407.o(.text))
<BR>[Address Reference Count : 1]<UL><LI> startup_gd32f407.o(RESET)
</UL>
<P><STRONG><a name="[56]"></a>USBHS_WKUP_IRQHandler</STRONG> (Thumb, 0 bytes, Stack size 0 bytes, startup_gd32f407.o(.text))
<BR>[Address Reference Count : 1]<UL><LI> startup_gd32f407.o(RESET)
</UL>
<P><STRONG><a name="[a]"></a>WWDGT_IRQHandler</STRONG> (Thumb, 0 bytes, Stack size 0 bytes, startup_gd32f407.o(.text))
<BR>[Address Reference Count : 1]<UL><LI> startup_gd32f407.o(RESET)
</UL>
<P><STRONG><a name="[244]"></a>___aeabi_memcpy4$move</STRONG> (Thumb, 0 bytes, Stack size 8 bytes, memmovea.o(.text), UNUSED)

<P><STRONG><a name="[245]"></a>___aeabi_memcpy8$move</STRONG> (Thumb, 0 bytes, Stack size 8 bytes, memmovea.o(.text), UNUSED)

<P><STRONG><a name="[130]"></a>__aeabi_memcpy</STRONG> (Thumb, 64 bytes, Stack size 8 bytes, memmovea.o(.text))
<BR><BR>[Stack]<UL><LI>Max Depth = 8<LI>Call Chain = __aeabi_memcpy
</UL>
<BR>[Called By]<UL><LI><a href="#[1bf]">&gt;&gt;</a>&nbsp;&nbsp;&nbsp;prvCopyDataToQueue
<LI><a href="#[1be]">&gt;&gt;</a>&nbsp;&nbsp;&nbsp;prvCopyDataFromQueue
<LI><a href="#[62]">&gt;&gt;</a>&nbsp;&nbsp;&nbsp;low_level_output
<LI><a href="#[121]">&gt;&gt;</a>&nbsp;&nbsp;&nbsp;low_level_input
<LI><a href="#[f0]">&gt;&gt;</a>&nbsp;&nbsp;&nbsp;pbuf_copy_partial
<LI><a href="#[17d]">&gt;&gt;</a>&nbsp;&nbsp;&nbsp;tcp_write
<LI><a href="#[1ae]">&gt;&gt;</a>&nbsp;&nbsp;&nbsp;pbuf_copy_partial_pbuf
<LI><a href="#[14a]">&gt;&gt;</a>&nbsp;&nbsp;&nbsp;ip_reass_free_complete_datagram
<LI><a href="#[145]">&gt;&gt;</a>&nbsp;&nbsp;&nbsp;ip_reass_enqueue_new_datagram
<LI><a href="#[13e]">&gt;&gt;</a>&nbsp;&nbsp;&nbsp;ip4_reass
<LI><a href="#[138]">&gt;&gt;</a>&nbsp;&nbsp;&nbsp;ip4_frag
<LI><a href="#[12e]">&gt;&gt;</a>&nbsp;&nbsp;&nbsp;icmp_input
<LI><a href="#[12d]">&gt;&gt;</a>&nbsp;&nbsp;&nbsp;icmp_send_response
</UL>

<P><STRONG><a name="[246]"></a>__aeabi_memmove</STRONG> (Thumb, 0 bytes, Stack size 8 bytes, memmovea.o(.text), UNUSED)

<P><STRONG><a name="[247]"></a>__aeabi_memmove4</STRONG> (Thumb, 0 bytes, Stack size 8 bytes, memmovea.o(.text), UNUSED)

<P><STRONG><a name="[248]"></a>__aeabi_memmove8</STRONG> (Thumb, 0 bytes, Stack size 8 bytes, memmovea.o(.text), UNUSED)

<P><STRONG><a name="[89]"></a>__aeabi_memset</STRONG> (Thumb, 14 bytes, Stack size 0 bytes, memseta.o(.text))
<BR><BR>[Called By]<UL><LI><a href="#[1c5]">&gt;&gt;</a>&nbsp;&nbsp;&nbsp;prvInitialiseNewTask
<LI><a href="#[8a]">&gt;&gt;</a>&nbsp;&nbsp;&nbsp;memset
<LI><a href="#[88]">&gt;&gt;</a>&nbsp;&nbsp;&nbsp;__aeabi_memclr
</UL>

<P><STRONG><a name="[249]"></a>__aeabi_memset4</STRONG> (Thumb, 0 bytes, Stack size 0 bytes, memseta.o(.text), UNUSED)

<P><STRONG><a name="[24a]"></a>__aeabi_memset8</STRONG> (Thumb, 0 bytes, Stack size 0 bytes, memseta.o(.text), UNUSED)

<P><STRONG><a name="[88]"></a>__aeabi_memclr</STRONG> (Thumb, 4 bytes, Stack size 0 bytes, memseta.o(.text))
<BR><BR>[Calls]<UL><LI><a href="#[89]">&gt;&gt;</a>&nbsp;&nbsp;&nbsp;__aeabi_memset
</UL>
<BR>[Called By]<UL><LI><a href="#[63]">&gt;&gt;</a>&nbsp;&nbsp;&nbsp;tcp_client_task
<LI><a href="#[d5]">&gt;&gt;</a>&nbsp;&nbsp;&nbsp;dhcp_create_msg
</UL>

<P><STRONG><a name="[f6]"></a>__aeabi_memclr4</STRONG> (Thumb, 0 bytes, Stack size 0 bytes, memseta.o(.text))
<BR><BR>[Called By]<UL><LI><a href="#[e8]">&gt;&gt;</a>&nbsp;&nbsp;&nbsp;udp_new
<LI><a href="#[1ee]">&gt;&gt;</a>&nbsp;&nbsp;&nbsp;tcp_alloc
<LI><a href="#[145]">&gt;&gt;</a>&nbsp;&nbsp;&nbsp;ip_reass_enqueue_new_datagram
<LI><a href="#[d2]">&gt;&gt;</a>&nbsp;&nbsp;&nbsp;dhcp_start
</UL>

<P><STRONG><a name="[24b]"></a>__aeabi_memclr8</STRONG> (Thumb, 0 bytes, Stack size 0 bytes, memseta.o(.text), UNUSED)

<P><STRONG><a name="[8a]"></a>memset</STRONG> (Thumb, 18 bytes, Stack size 8 bytes, memseta.o(.text), UNUSED)
<BR><BR>[Calls]<UL><LI><a href="#[89]">&gt;&gt;</a>&nbsp;&nbsp;&nbsp;__aeabi_memset
</UL>

<P><STRONG><a name="[11c]"></a>memcmp</STRONG> (Thumb, 26 bytes, Stack size 12 bytes, memcmp.o(.text))
<BR><BR>[Stack]<UL><LI>Max Depth = 12<LI>Call Chain = memcmp
</UL>
<BR>[Called By]<UL><LI><a href="#[7c]">&gt;&gt;</a>&nbsp;&nbsp;&nbsp;ethernet_input
</UL>

<P><STRONG><a name="[24c]"></a>__aeabi_uidiv</STRONG> (Thumb, 0 bytes, Stack size 12 bytes, uidiv.o(.text), UNUSED)

<P><STRONG><a name="[a3]"></a>__aeabi_uidivmod</STRONG> (Thumb, 44 bytes, Stack size 12 bytes, uidiv.o(.text), UNUSED)
<BR><BR>[Called By]<UL><LI><a href="#[9e]">&gt;&gt;</a>&nbsp;&nbsp;&nbsp;_printf_core
</UL>

<P><STRONG><a name="[8b]"></a>__aeabi_uldivmod</STRONG> (Thumb, 98 bytes, Stack size 40 bytes, uldiv.o(.text), UNUSED)
<BR><BR>[Calls]<UL><LI><a href="#[8c]">&gt;&gt;</a>&nbsp;&nbsp;&nbsp;__aeabi_llsr
<LI><a href="#[8d]">&gt;&gt;</a>&nbsp;&nbsp;&nbsp;__aeabi_llsl
</UL>
<BR>[Called By]<UL><LI><a href="#[9e]">&gt;&gt;</a>&nbsp;&nbsp;&nbsp;_printf_core
<LI><a href="#[9f]">&gt;&gt;</a>&nbsp;&nbsp;&nbsp;_fp_digits
</UL>

<P><STRONG><a name="[24d]"></a>__I$use$fp</STRONG> (Thumb, 0 bytes, Stack size 48 bytes, iusefp.o(.text), UNUSED)

<P><STRONG><a name="[8e]"></a>__aeabi_dadd</STRONG> (Thumb, 322 bytes, Stack size 48 bytes, dadd.o(.text), UNUSED)
<BR><BR>[Calls]<UL><LI><a href="#[8f]">&gt;&gt;</a>&nbsp;&nbsp;&nbsp;__aeabi_lasr
<LI><a href="#[8d]">&gt;&gt;</a>&nbsp;&nbsp;&nbsp;__aeabi_llsl
<LI><a href="#[91]">&gt;&gt;</a>&nbsp;&nbsp;&nbsp;_double_round
<LI><a href="#[90]">&gt;&gt;</a>&nbsp;&nbsp;&nbsp;_double_epilogue
</UL>
<BR>[Called By]<UL><LI><a href="#[93]">&gt;&gt;</a>&nbsp;&nbsp;&nbsp;__aeabi_drsub
<LI><a href="#[92]">&gt;&gt;</a>&nbsp;&nbsp;&nbsp;__aeabi_dsub
<LI><a href="#[9f]">&gt;&gt;</a>&nbsp;&nbsp;&nbsp;_fp_digits
</UL>

<P><STRONG><a name="[92]"></a>__aeabi_dsub</STRONG> (Thumb, 6 bytes, Stack size 0 bytes, dadd.o(.text), UNUSED)
<BR><BR>[Calls]<UL><LI><a href="#[8e]">&gt;&gt;</a>&nbsp;&nbsp;&nbsp;__aeabi_dadd
</UL>

<P><STRONG><a name="[93]"></a>__aeabi_drsub</STRONG> (Thumb, 6 bytes, Stack size 0 bytes, dadd.o(.text), UNUSED)
<BR><BR>[Calls]<UL><LI><a href="#[8e]">&gt;&gt;</a>&nbsp;&nbsp;&nbsp;__aeabi_dadd
</UL>

<P><STRONG><a name="[94]"></a>__aeabi_dmul</STRONG> (Thumb, 228 bytes, Stack size 48 bytes, dmul.o(.text), UNUSED)
<BR><BR>[Calls]<UL><LI><a href="#[90]">&gt;&gt;</a>&nbsp;&nbsp;&nbsp;_double_epilogue
</UL>
<BR>[Called By]<UL><LI><a href="#[9f]">&gt;&gt;</a>&nbsp;&nbsp;&nbsp;_fp_digits
</UL>

<P><STRONG><a name="[95]"></a>__aeabi_ddiv</STRONG> (Thumb, 222 bytes, Stack size 32 bytes, ddiv.o(.text), UNUSED)
<BR><BR>[Calls]<UL><LI><a href="#[91]">&gt;&gt;</a>&nbsp;&nbsp;&nbsp;_double_round
</UL>
<BR>[Called By]<UL><LI><a href="#[9f]">&gt;&gt;</a>&nbsp;&nbsp;&nbsp;_fp_digits
</UL>

<P><STRONG><a name="[96]"></a>__aeabi_d2ulz</STRONG> (Thumb, 48 bytes, Stack size 0 bytes, dfixul.o(.text), UNUSED)
<BR><BR>[Calls]<UL><LI><a href="#[8c]">&gt;&gt;</a>&nbsp;&nbsp;&nbsp;__aeabi_llsr
<LI><a href="#[8d]">&gt;&gt;</a>&nbsp;&nbsp;&nbsp;__aeabi_llsl
</UL>
<BR>[Called By]<UL><LI><a href="#[9f]">&gt;&gt;</a>&nbsp;&nbsp;&nbsp;_fp_digits
</UL>

<P><STRONG><a name="[a0]"></a>__aeabi_cdrcmple</STRONG> (Thumb, 48 bytes, Stack size 0 bytes, cdrcmple.o(.text), UNUSED)
<BR><BR>[Called By]<UL><LI><a href="#[9f]">&gt;&gt;</a>&nbsp;&nbsp;&nbsp;_fp_digits
</UL>

<P><STRONG><a name="[86]"></a>__scatterload</STRONG> (Thumb, 28 bytes, Stack size 0 bytes, init.o(.text))
<BR><BR>[Calls]<UL><LI><a href="#[97]">&gt;&gt;</a>&nbsp;&nbsp;&nbsp;__main_after_scatterload
</UL>
<BR>[Called By]<UL><LI><a href="#[85]">&gt;&gt;</a>&nbsp;&nbsp;&nbsp;_main_scatterload
</UL>

<P><STRONG><a name="[24e]"></a>__scatterload_rt2</STRONG> (Thumb, 0 bytes, Stack size 0 bytes, init.o(.text), UNUSED)

<P><STRONG><a name="[8d]"></a>__aeabi_llsl</STRONG> (Thumb, 30 bytes, Stack size 0 bytes, llshl.o(.text), UNUSED)
<BR><BR>[Called By]<UL><LI><a href="#[90]">&gt;&gt;</a>&nbsp;&nbsp;&nbsp;_double_epilogue
<LI><a href="#[8b]">&gt;&gt;</a>&nbsp;&nbsp;&nbsp;__aeabi_uldivmod
<LI><a href="#[8e]">&gt;&gt;</a>&nbsp;&nbsp;&nbsp;__aeabi_dadd
<LI><a href="#[96]">&gt;&gt;</a>&nbsp;&nbsp;&nbsp;__aeabi_d2ulz
</UL>

<P><STRONG><a name="[24f]"></a>_ll_shift_l</STRONG> (Thumb, 0 bytes, Stack size 0 bytes, llshl.o(.text), UNUSED)

<P><STRONG><a name="[8c]"></a>__aeabi_llsr</STRONG> (Thumb, 32 bytes, Stack size 0 bytes, llushr.o(.text), UNUSED)
<BR><BR>[Called By]<UL><LI><a href="#[90]">&gt;&gt;</a>&nbsp;&nbsp;&nbsp;_double_epilogue
<LI><a href="#[8b]">&gt;&gt;</a>&nbsp;&nbsp;&nbsp;__aeabi_uldivmod
<LI><a href="#[96]">&gt;&gt;</a>&nbsp;&nbsp;&nbsp;__aeabi_d2ulz
</UL>

<P><STRONG><a name="[250]"></a>_ll_ushift_r</STRONG> (Thumb, 0 bytes, Stack size 0 bytes, llushr.o(.text), UNUSED)

<P><STRONG><a name="[8f]"></a>__aeabi_lasr</STRONG> (Thumb, 36 bytes, Stack size 0 bytes, llsshr.o(.text), UNUSED)
<BR><BR>[Called By]<UL><LI><a href="#[8e]">&gt;&gt;</a>&nbsp;&nbsp;&nbsp;__aeabi_dadd
</UL>

<P><STRONG><a name="[251]"></a>_ll_sshift_r</STRONG> (Thumb, 0 bytes, Stack size 0 bytes, llsshr.o(.text), UNUSED)

<P><STRONG><a name="[91]"></a>_double_round</STRONG> (Thumb, 30 bytes, Stack size 8 bytes, depilogue.o(.text), UNUSED)
<BR><BR>[Called By]<UL><LI><a href="#[90]">&gt;&gt;</a>&nbsp;&nbsp;&nbsp;_double_epilogue
<LI><a href="#[95]">&gt;&gt;</a>&nbsp;&nbsp;&nbsp;__aeabi_ddiv
<LI><a href="#[8e]">&gt;&gt;</a>&nbsp;&nbsp;&nbsp;__aeabi_dadd
</UL>

<P><STRONG><a name="[90]"></a>_double_epilogue</STRONG> (Thumb, 156 bytes, Stack size 32 bytes, depilogue.o(.text), UNUSED)
<BR><BR>[Calls]<UL><LI><a href="#[8c]">&gt;&gt;</a>&nbsp;&nbsp;&nbsp;__aeabi_llsr
<LI><a href="#[8d]">&gt;&gt;</a>&nbsp;&nbsp;&nbsp;__aeabi_llsl
<LI><a href="#[91]">&gt;&gt;</a>&nbsp;&nbsp;&nbsp;_double_round
</UL>
<BR>[Called By]<UL><LI><a href="#[94]">&gt;&gt;</a>&nbsp;&nbsp;&nbsp;__aeabi_dmul
<LI><a href="#[8e]">&gt;&gt;</a>&nbsp;&nbsp;&nbsp;__aeabi_dadd
</UL>

<P><STRONG><a name="[252]"></a>__decompress</STRONG> (Thumb, 0 bytes, Stack size unknown bytes, __dczerorl.o(.text), UNUSED)

<P><STRONG><a name="[253]"></a>__decompress0</STRONG> (Thumb, 58 bytes, Stack size unknown bytes, __dczerorl.o(.text), UNUSED)

<P><STRONG><a name="[4]"></a>BusFault_Handler</STRONG> (Thumb, 4 bytes, Stack size 0 bytes, gd32f4xx_it.o(i.BusFault_Handler))
<BR>[Address Reference Count : 1]<UL><LI> startup_gd32f407.o(RESET)
</UL>
<P><STRONG><a name="[7]"></a>DebugMon_Handler</STRONG> (Thumb, 2 bytes, Stack size 0 bytes, gd32f4xx_it.o(i.DebugMon_Handler))
<BR>[Address Reference Count : 1]<UL><LI> startup_gd32f407.o(RESET)
</UL>
<P><STRONG><a name="[47]"></a>ENET_IRQHandler</STRONG> (Thumb, 70 bytes, Stack size 8 bytes, md_lwip.o(i.ENET_IRQHandler))
<BR><BR>[Stack]<UL><LI>Max Depth = 56<LI>Call Chain = ENET_IRQHandler &rArr; xQueueGiveFromISR &rArr; xTaskRemoveFromEventList
</UL>
<BR>[Calls]<UL><LI><a href="#[98]">&gt;&gt;</a>&nbsp;&nbsp;&nbsp;enet_interrupt_flag_get
<LI><a href="#[9a]">&gt;&gt;</a>&nbsp;&nbsp;&nbsp;enet_interrupt_flag_clear
<LI><a href="#[99]">&gt;&gt;</a>&nbsp;&nbsp;&nbsp;xQueueGiveFromISR
</UL>
<BR>[Address Reference Count : 1]<UL><LI> startup_gd32f407.o(RESET)
</UL>
<P><STRONG><a name="[2]"></a>HardFault_Handler</STRONG> (Thumb, 4 bytes, Stack size 0 bytes, gd32f4xx_it.o(i.HardFault_Handler))
<BR>[Address Reference Count : 1]<UL><LI> startup_gd32f407.o(RESET)
</UL>
<P><STRONG><a name="[3]"></a>MemManage_Handler</STRONG> (Thumb, 4 bytes, Stack size 0 bytes, gd32f4xx_it.o(i.MemManage_Handler))
<BR>[Address Reference Count : 1]<UL><LI> startup_gd32f407.o(RESET)
</UL>
<P><STRONG><a name="[1]"></a>NMI_Handler</STRONG> (Thumb, 2 bytes, Stack size 0 bytes, gd32f4xx_it.o(i.NMI_Handler))
<BR>[Address Reference Count : 1]<UL><LI> startup_gd32f407.o(RESET)
</UL>
<P><STRONG><a name="[9]"></a>SysTick_Handler</STRONG> (Thumb, 46 bytes, Stack size 8 bytes, port.o(i.SysTick_Handler))
<BR><BR>[Stack]<UL><LI>Max Depth = 32<LI>Call Chain = SysTick_Handler &rArr; xTaskIncrementTick
</UL>
<BR>[Calls]<UL><LI><a href="#[9b]">&gt;&gt;</a>&nbsp;&nbsp;&nbsp;xTaskIncrementTick
</UL>
<BR>[Address Reference Count : 1]<UL><LI> startup_gd32f407.o(RESET)
</UL>
<P><STRONG><a name="[5c]"></a>SystemInit</STRONG> (Thumb, 116 bytes, Stack size 8 bytes, system_gd32f4xx.o(i.SystemInit))
<BR><BR>[Stack]<UL><LI>Max Depth = 16<LI>Call Chain = SystemInit &rArr; system_clock_config
</UL>
<BR>[Calls]<UL><LI><a href="#[9c]">&gt;&gt;</a>&nbsp;&nbsp;&nbsp;system_clock_config
</UL>
<BR>[Address Reference Count : 1]<UL><LI> startup_gd32f407.o(.text)
</UL>
<P><STRONG><a name="[5]"></a>UsageFault_Handler</STRONG> (Thumb, 4 bytes, Stack size 0 bytes, gd32f4xx_it.o(i.UsageFault_Handler))
<BR>[Address Reference Count : 1]<UL><LI> startup_gd32f407.o(RESET)
</UL>
<P><STRONG><a name="[9d]"></a>__0printf</STRONG> (Thumb, 22 bytes, Stack size 24 bytes, printfa.o(i.__0printf), UNUSED)
<BR><BR>[Calls]<UL><LI><a href="#[9e]">&gt;&gt;</a>&nbsp;&nbsp;&nbsp;_printf_core
</UL>

<P><STRONG><a name="[254]"></a>__1printf</STRONG> (Thumb, 0 bytes, Stack size 24 bytes, printfa.o(i.__0printf), UNUSED)

<P><STRONG><a name="[ca]"></a>__2printf</STRONG> (Thumb, 0 bytes, Stack size 24 bytes, printfa.o(i.__0printf))
<BR><BR>[Stack]<UL><LI>Max Depth = 24<LI>Call Chain = __2printf
</UL>
<BR>[Called By]<UL><LI><a href="#[18a]">&gt;&gt;</a>&nbsp;&nbsp;&nbsp;netif_set_up
<LI><a href="#[18b]">&gt;&gt;</a>&nbsp;&nbsp;&nbsp;netif_set_link_up
<LI><a href="#[188]">&gt;&gt;</a>&nbsp;&nbsp;&nbsp;netif_add
<LI><a href="#[159]">&gt;&gt;</a>&nbsp;&nbsp;&nbsp;lwip_connect
<LI><a href="#[154]">&gt;&gt;</a>&nbsp;&nbsp;&nbsp;lwip_bind
<LI><a href="#[148]">&gt;&gt;</a>&nbsp;&nbsp;&nbsp;memp_malloc
<LI><a href="#[149]">&gt;&gt;</a>&nbsp;&nbsp;&nbsp;memp_free
<LI><a href="#[6f]">&gt;&gt;</a>&nbsp;&nbsp;&nbsp;lwip_netconn_do_connect
<LI><a href="#[1a0]">&gt;&gt;</a>&nbsp;&nbsp;&nbsp;netconn_write_vectors_partly
<LI><a href="#[183]">&gt;&gt;</a>&nbsp;&nbsp;&nbsp;netconn_send
<LI><a href="#[15a]">&gt;&gt;</a>&nbsp;&nbsp;&nbsp;netconn_disconnect
<LI><a href="#[15b]">&gt;&gt;</a>&nbsp;&nbsp;&nbsp;netconn_connect
<LI><a href="#[156]">&gt;&gt;</a>&nbsp;&nbsp;&nbsp;netconn_bind
<LI><a href="#[f0]">&gt;&gt;</a>&nbsp;&nbsp;&nbsp;pbuf_copy_partial
<LI><a href="#[180]">&gt;&gt;</a>&nbsp;&nbsp;&nbsp;lwip_sendto
<LI><a href="#[13c]">&gt;&gt;</a>&nbsp;&nbsp;&nbsp;pbuf_cat
<LI><a href="#[182]">&gt;&gt;</a>&nbsp;&nbsp;&nbsp;netbuf_ref
<LI><a href="#[184]">&gt;&gt;</a>&nbsp;&nbsp;&nbsp;netbuf_free
<LI><a href="#[17b]">&gt;&gt;</a>&nbsp;&nbsp;&nbsp;udp_sendto
<LI><a href="#[17a]">&gt;&gt;</a>&nbsp;&nbsp;&nbsp;udp_send
<LI><a href="#[db]">&gt;&gt;</a>&nbsp;&nbsp;&nbsp;udp_remove
<LI><a href="#[eb]">&gt;&gt;</a>&nbsp;&nbsp;&nbsp;udp_recv
<LI><a href="#[177]">&gt;&gt;</a>&nbsp;&nbsp;&nbsp;udp_disconnect
<LI><a href="#[ea]">&gt;&gt;</a>&nbsp;&nbsp;&nbsp;udp_connect
<LI><a href="#[e9]">&gt;&gt;</a>&nbsp;&nbsp;&nbsp;udp_bind
<LI><a href="#[17d]">&gt;&gt;</a>&nbsp;&nbsp;&nbsp;tcp_write
<LI><a href="#[16f]">&gt;&gt;</a>&nbsp;&nbsp;&nbsp;tcp_shutdown
<LI><a href="#[1dd]">&gt;&gt;</a>&nbsp;&nbsp;&nbsp;tcp_recved
<LI><a href="#[16c]">&gt;&gt;</a>&nbsp;&nbsp;&nbsp;tcp_poll
<LI><a href="#[172]">&gt;&gt;</a>&nbsp;&nbsp;&nbsp;tcp_connect
<LI><a href="#[16e]">&gt;&gt;</a>&nbsp;&nbsp;&nbsp;tcp_close
<LI><a href="#[166]">&gt;&gt;</a>&nbsp;&nbsp;&nbsp;tcp_bind
<LI><a href="#[11d]">&gt;&gt;</a>&nbsp;&nbsp;&nbsp;pbuf_remove_header
<LI><a href="#[1ae]">&gt;&gt;</a>&nbsp;&nbsp;&nbsp;pbuf_copy_partial_pbuf
<LI><a href="#[131]">&gt;&gt;</a>&nbsp;&nbsp;&nbsp;pbuf_copy
<LI><a href="#[de]">&gt;&gt;</a>&nbsp;&nbsp;&nbsp;udp_sendto_if_src
<LI><a href="#[f2]">&gt;&gt;</a>&nbsp;&nbsp;&nbsp;udp_sendto_if
<LI><a href="#[79]">&gt;&gt;</a>&nbsp;&nbsp;&nbsp;tcp_recv_null
<LI><a href="#[204]">&gt;&gt;</a>&nbsp;&nbsp;&nbsp;tcp_process_refused_data
<LI><a href="#[1f7]">&gt;&gt;</a>&nbsp;&nbsp;&nbsp;tcp_pcb_purge
<LI><a href="#[1e9]">&gt;&gt;</a>&nbsp;&nbsp;&nbsp;tcp_abandon
<LI><a href="#[138]">&gt;&gt;</a>&nbsp;&nbsp;&nbsp;ip4_frag
<LI><a href="#[111]">&gt;&gt;</a>&nbsp;&nbsp;&nbsp;etharp_input
<LI><a href="#[d2]">&gt;&gt;</a>&nbsp;&nbsp;&nbsp;dhcp_start
<LI><a href="#[c9]">&gt;&gt;</a>&nbsp;&nbsp;&nbsp;dhcp_arp_reply
<LI><a href="#[e6]">&gt;&gt;</a>&nbsp;&nbsp;&nbsp;dhcp_select
<LI><a href="#[d5]">&gt;&gt;</a>&nbsp;&nbsp;&nbsp;dhcp_create_msg
<LI><a href="#[cc]">&gt;&gt;</a>&nbsp;&nbsp;&nbsp;dhcp_bind
</UL>

<P><STRONG><a name="[255]"></a>__c89printf</STRONG> (Thumb, 0 bytes, Stack size 24 bytes, printfa.o(i.__0printf), UNUSED)

<P><STRONG><a name="[256]"></a>printf</STRONG> (Thumb, 0 bytes, Stack size 24 bytes, printfa.o(i.__0printf), UNUSED)

<P><STRONG><a name="[257]"></a>__scatterload_copy</STRONG> (Thumb, 14 bytes, Stack size unknown bytes, handlers.o(i.__scatterload_copy), UNUSED)

<P><STRONG><a name="[258]"></a>__scatterload_null</STRONG> (Thumb, 2 bytes, Stack size unknown bytes, handlers.o(i.__scatterload_null), UNUSED)

<P><STRONG><a name="[259]"></a>__scatterload_zeroinit</STRONG> (Thumb, 14 bytes, Stack size unknown bytes, handlers.o(i.__scatterload_zeroinit), UNUSED)

<P><STRONG><a name="[a9]"></a>bsp_can0_init</STRONG> (Thumb, 292 bytes, Stack size 40 bytes, bsp_can.o(i.bsp_can0_init))
<BR><BR>[Stack]<UL><LI>Max Depth = 60<LI>Call Chain = bsp_can0_init &rArr; gpio_output_options_set
</UL>
<BR>[Calls]<UL><LI><a href="#[b1]">&gt;&gt;</a>&nbsp;&nbsp;&nbsp;can_interrupt_enable
<LI><a href="#[af]">&gt;&gt;</a>&nbsp;&nbsp;&nbsp;can_init
<LI><a href="#[b0]">&gt;&gt;</a>&nbsp;&nbsp;&nbsp;can_filter_init
<LI><a href="#[ae]">&gt;&gt;</a>&nbsp;&nbsp;&nbsp;can_deinit
<LI><a href="#[ab]">&gt;&gt;</a>&nbsp;&nbsp;&nbsp;gpio_output_options_set
<LI><a href="#[ac]">&gt;&gt;</a>&nbsp;&nbsp;&nbsp;gpio_mode_set
<LI><a href="#[ad]">&gt;&gt;</a>&nbsp;&nbsp;&nbsp;gpio_af_set
<LI><a href="#[aa]">&gt;&gt;</a>&nbsp;&nbsp;&nbsp;rcu_periph_clock_enable
</UL>
<BR>[Called By]<UL><LI><a href="#[b6]">&gt;&gt;</a>&nbsp;&nbsp;&nbsp;bsp_init
</UL>

<P><STRONG><a name="[b2]"></a>bsp_can1_init</STRONG> (Thumb, 290 bytes, Stack size 40 bytes, bsp_can.o(i.bsp_can1_init))
<BR><BR>[Stack]<UL><LI>Max Depth = 60<LI>Call Chain = bsp_can1_init &rArr; gpio_output_options_set
</UL>
<BR>[Calls]<UL><LI><a href="#[b1]">&gt;&gt;</a>&nbsp;&nbsp;&nbsp;can_interrupt_enable
<LI><a href="#[af]">&gt;&gt;</a>&nbsp;&nbsp;&nbsp;can_init
<LI><a href="#[b0]">&gt;&gt;</a>&nbsp;&nbsp;&nbsp;can_filter_init
<LI><a href="#[ae]">&gt;&gt;</a>&nbsp;&nbsp;&nbsp;can_deinit
<LI><a href="#[ab]">&gt;&gt;</a>&nbsp;&nbsp;&nbsp;gpio_output_options_set
<LI><a href="#[ac]">&gt;&gt;</a>&nbsp;&nbsp;&nbsp;gpio_mode_set
<LI><a href="#[ad]">&gt;&gt;</a>&nbsp;&nbsp;&nbsp;gpio_af_set
<LI><a href="#[aa]">&gt;&gt;</a>&nbsp;&nbsp;&nbsp;rcu_periph_clock_enable
</UL>
<BR>[Called By]<UL><LI><a href="#[b6]">&gt;&gt;</a>&nbsp;&nbsp;&nbsp;bsp_init
</UL>

<P><STRONG><a name="[b3]"></a>bsp_gpio_init</STRONG> (Thumb, 272 bytes, Stack size 8 bytes, bsp_gpio.o(i.bsp_gpio_init))
<BR><BR>[Stack]<UL><LI>Max Depth = 28<LI>Call Chain = bsp_gpio_init &rArr; gpio_mode_set
</UL>
<BR>[Calls]<UL><LI><a href="#[ac]">&gt;&gt;</a>&nbsp;&nbsp;&nbsp;gpio_mode_set
<LI><a href="#[b4]">&gt;&gt;</a>&nbsp;&nbsp;&nbsp;gpio_bit_set
<LI><a href="#[b5]">&gt;&gt;</a>&nbsp;&nbsp;&nbsp;gpio_bit_reset
<LI><a href="#[aa]">&gt;&gt;</a>&nbsp;&nbsp;&nbsp;rcu_periph_clock_enable
</UL>
<BR>[Called By]<UL><LI><a href="#[b6]">&gt;&gt;</a>&nbsp;&nbsp;&nbsp;bsp_init
</UL>

<P><STRONG><a name="[b6]"></a>bsp_init</STRONG> (Thumb, 44 bytes, Stack size 8 bytes, md_app.o(i.bsp_init))
<BR><BR>[Stack]<UL><LI>Max Depth = 132<LI>Call Chain = bsp_init &rArr; bsp_usart5_init &rArr; usart_baudrate_set &rArr; rcu_clock_freq_get
</UL>
<BR>[Calls]<UL><LI><a href="#[b3]">&gt;&gt;</a>&nbsp;&nbsp;&nbsp;bsp_gpio_init
<LI><a href="#[bd]">&gt;&gt;</a>&nbsp;&nbsp;&nbsp;bsp_usart5_init
<LI><a href="#[bc]">&gt;&gt;</a>&nbsp;&nbsp;&nbsp;bsp_usart4_init
<LI><a href="#[bb]">&gt;&gt;</a>&nbsp;&nbsp;&nbsp;bsp_usart3_init
<LI><a href="#[ba]">&gt;&gt;</a>&nbsp;&nbsp;&nbsp;bsp_usart2_init
<LI><a href="#[b9]">&gt;&gt;</a>&nbsp;&nbsp;&nbsp;bsp_usart1_init
<LI><a href="#[b8]">&gt;&gt;</a>&nbsp;&nbsp;&nbsp;bsp_usart0_init
<LI><a href="#[b7]">&gt;&gt;</a>&nbsp;&nbsp;&nbsp;nvic_configuration
<LI><a href="#[b2]">&gt;&gt;</a>&nbsp;&nbsp;&nbsp;bsp_can1_init
<LI><a href="#[a9]">&gt;&gt;</a>&nbsp;&nbsp;&nbsp;bsp_can0_init
</UL>
<BR>[Called By]<UL><LI><a href="#[5b]">&gt;&gt;</a>&nbsp;&nbsp;&nbsp;main
</UL>

<P><STRONG><a name="[b8]"></a>bsp_usart0_init</STRONG> (Thumb, 180 bytes, Stack size 8 bytes, bsp_uart.o(i.bsp_usart0_init))
<BR><BR>[Stack]<UL><LI>Max Depth = 124<LI>Call Chain = bsp_usart0_init &rArr; usart_baudrate_set &rArr; rcu_clock_freq_get
</UL>
<BR>[Calls]<UL><LI><a href="#[ab]">&gt;&gt;</a>&nbsp;&nbsp;&nbsp;gpio_output_options_set
<LI><a href="#[ac]">&gt;&gt;</a>&nbsp;&nbsp;&nbsp;gpio_mode_set
<LI><a href="#[ad]">&gt;&gt;</a>&nbsp;&nbsp;&nbsp;gpio_af_set
<LI><a href="#[aa]">&gt;&gt;</a>&nbsp;&nbsp;&nbsp;rcu_periph_clock_enable
<LI><a href="#[c1]">&gt;&gt;</a>&nbsp;&nbsp;&nbsp;usart_word_length_set
<LI><a href="#[c4]">&gt;&gt;</a>&nbsp;&nbsp;&nbsp;usart_transmit_config
<LI><a href="#[c2]">&gt;&gt;</a>&nbsp;&nbsp;&nbsp;usart_stop_bit_set
<LI><a href="#[c3]">&gt;&gt;</a>&nbsp;&nbsp;&nbsp;usart_receive_config
<LI><a href="#[c0]">&gt;&gt;</a>&nbsp;&nbsp;&nbsp;usart_parity_config
<LI><a href="#[c5]">&gt;&gt;</a>&nbsp;&nbsp;&nbsp;usart_interrupt_enable
<LI><a href="#[c6]">&gt;&gt;</a>&nbsp;&nbsp;&nbsp;usart_enable
<LI><a href="#[be]">&gt;&gt;</a>&nbsp;&nbsp;&nbsp;usart_deinit
<LI><a href="#[bf]">&gt;&gt;</a>&nbsp;&nbsp;&nbsp;usart_baudrate_set
</UL>
<BR>[Called By]<UL><LI><a href="#[b6]">&gt;&gt;</a>&nbsp;&nbsp;&nbsp;bsp_init
</UL>

<P><STRONG><a name="[b9]"></a>bsp_usart1_init</STRONG> (Thumb, 168 bytes, Stack size 8 bytes, bsp_uart.o(i.bsp_usart1_init))
<BR><BR>[Stack]<UL><LI>Max Depth = 124<LI>Call Chain = bsp_usart1_init &rArr; usart_baudrate_set &rArr; rcu_clock_freq_get
</UL>
<BR>[Calls]<UL><LI><a href="#[ab]">&gt;&gt;</a>&nbsp;&nbsp;&nbsp;gpio_output_options_set
<LI><a href="#[ac]">&gt;&gt;</a>&nbsp;&nbsp;&nbsp;gpio_mode_set
<LI><a href="#[ad]">&gt;&gt;</a>&nbsp;&nbsp;&nbsp;gpio_af_set
<LI><a href="#[aa]">&gt;&gt;</a>&nbsp;&nbsp;&nbsp;rcu_periph_clock_enable
<LI><a href="#[c1]">&gt;&gt;</a>&nbsp;&nbsp;&nbsp;usart_word_length_set
<LI><a href="#[c4]">&gt;&gt;</a>&nbsp;&nbsp;&nbsp;usart_transmit_config
<LI><a href="#[c2]">&gt;&gt;</a>&nbsp;&nbsp;&nbsp;usart_stop_bit_set
<LI><a href="#[c3]">&gt;&gt;</a>&nbsp;&nbsp;&nbsp;usart_receive_config
<LI><a href="#[c0]">&gt;&gt;</a>&nbsp;&nbsp;&nbsp;usart_parity_config
<LI><a href="#[c5]">&gt;&gt;</a>&nbsp;&nbsp;&nbsp;usart_interrupt_enable
<LI><a href="#[c6]">&gt;&gt;</a>&nbsp;&nbsp;&nbsp;usart_enable
<LI><a href="#[be]">&gt;&gt;</a>&nbsp;&nbsp;&nbsp;usart_deinit
<LI><a href="#[bf]">&gt;&gt;</a>&nbsp;&nbsp;&nbsp;usart_baudrate_set
</UL>
<BR>[Called By]<UL><LI><a href="#[b6]">&gt;&gt;</a>&nbsp;&nbsp;&nbsp;bsp_init
</UL>

<P><STRONG><a name="[ba]"></a>bsp_usart2_init</STRONG> (Thumb, 182 bytes, Stack size 8 bytes, bsp_uart.o(i.bsp_usart2_init))
<BR><BR>[Stack]<UL><LI>Max Depth = 124<LI>Call Chain = bsp_usart2_init &rArr; usart_baudrate_set &rArr; rcu_clock_freq_get
</UL>
<BR>[Calls]<UL><LI><a href="#[ab]">&gt;&gt;</a>&nbsp;&nbsp;&nbsp;gpio_output_options_set
<LI><a href="#[ac]">&gt;&gt;</a>&nbsp;&nbsp;&nbsp;gpio_mode_set
<LI><a href="#[ad]">&gt;&gt;</a>&nbsp;&nbsp;&nbsp;gpio_af_set
<LI><a href="#[aa]">&gt;&gt;</a>&nbsp;&nbsp;&nbsp;rcu_periph_clock_enable
<LI><a href="#[c1]">&gt;&gt;</a>&nbsp;&nbsp;&nbsp;usart_word_length_set
<LI><a href="#[c4]">&gt;&gt;</a>&nbsp;&nbsp;&nbsp;usart_transmit_config
<LI><a href="#[c2]">&gt;&gt;</a>&nbsp;&nbsp;&nbsp;usart_stop_bit_set
<LI><a href="#[c3]">&gt;&gt;</a>&nbsp;&nbsp;&nbsp;usart_receive_config
<LI><a href="#[c0]">&gt;&gt;</a>&nbsp;&nbsp;&nbsp;usart_parity_config
<LI><a href="#[c5]">&gt;&gt;</a>&nbsp;&nbsp;&nbsp;usart_interrupt_enable
<LI><a href="#[c6]">&gt;&gt;</a>&nbsp;&nbsp;&nbsp;usart_enable
<LI><a href="#[be]">&gt;&gt;</a>&nbsp;&nbsp;&nbsp;usart_deinit
<LI><a href="#[bf]">&gt;&gt;</a>&nbsp;&nbsp;&nbsp;usart_baudrate_set
</UL>
<BR>[Called By]<UL><LI><a href="#[b6]">&gt;&gt;</a>&nbsp;&nbsp;&nbsp;bsp_init
</UL>

<P><STRONG><a name="[bb]"></a>bsp_usart3_init</STRONG> (Thumb, 180 bytes, Stack size 8 bytes, bsp_uart.o(i.bsp_usart3_init))
<BR><BR>[Stack]<UL><LI>Max Depth = 124<LI>Call Chain = bsp_usart3_init &rArr; usart_baudrate_set &rArr; rcu_clock_freq_get
</UL>
<BR>[Calls]<UL><LI><a href="#[ab]">&gt;&gt;</a>&nbsp;&nbsp;&nbsp;gpio_output_options_set
<LI><a href="#[ac]">&gt;&gt;</a>&nbsp;&nbsp;&nbsp;gpio_mode_set
<LI><a href="#[ad]">&gt;&gt;</a>&nbsp;&nbsp;&nbsp;gpio_af_set
<LI><a href="#[aa]">&gt;&gt;</a>&nbsp;&nbsp;&nbsp;rcu_periph_clock_enable
<LI><a href="#[c1]">&gt;&gt;</a>&nbsp;&nbsp;&nbsp;usart_word_length_set
<LI><a href="#[c4]">&gt;&gt;</a>&nbsp;&nbsp;&nbsp;usart_transmit_config
<LI><a href="#[c2]">&gt;&gt;</a>&nbsp;&nbsp;&nbsp;usart_stop_bit_set
<LI><a href="#[c3]">&gt;&gt;</a>&nbsp;&nbsp;&nbsp;usart_receive_config
<LI><a href="#[c0]">&gt;&gt;</a>&nbsp;&nbsp;&nbsp;usart_parity_config
<LI><a href="#[c5]">&gt;&gt;</a>&nbsp;&nbsp;&nbsp;usart_interrupt_enable
<LI><a href="#[c6]">&gt;&gt;</a>&nbsp;&nbsp;&nbsp;usart_enable
<LI><a href="#[be]">&gt;&gt;</a>&nbsp;&nbsp;&nbsp;usart_deinit
<LI><a href="#[bf]">&gt;&gt;</a>&nbsp;&nbsp;&nbsp;usart_baudrate_set
</UL>
<BR>[Called By]<UL><LI><a href="#[b6]">&gt;&gt;</a>&nbsp;&nbsp;&nbsp;bsp_init
</UL>

<P><STRONG><a name="[bc]"></a>bsp_usart4_init</STRONG> (Thumb, 172 bytes, Stack size 8 bytes, bsp_uart.o(i.bsp_usart4_init))
<BR><BR>[Stack]<UL><LI>Max Depth = 124<LI>Call Chain = bsp_usart4_init &rArr; usart_baudrate_set &rArr; rcu_clock_freq_get
</UL>
<BR>[Calls]<UL><LI><a href="#[ab]">&gt;&gt;</a>&nbsp;&nbsp;&nbsp;gpio_output_options_set
<LI><a href="#[ac]">&gt;&gt;</a>&nbsp;&nbsp;&nbsp;gpio_mode_set
<LI><a href="#[ad]">&gt;&gt;</a>&nbsp;&nbsp;&nbsp;gpio_af_set
<LI><a href="#[aa]">&gt;&gt;</a>&nbsp;&nbsp;&nbsp;rcu_periph_clock_enable
<LI><a href="#[c1]">&gt;&gt;</a>&nbsp;&nbsp;&nbsp;usart_word_length_set
<LI><a href="#[c4]">&gt;&gt;</a>&nbsp;&nbsp;&nbsp;usart_transmit_config
<LI><a href="#[c2]">&gt;&gt;</a>&nbsp;&nbsp;&nbsp;usart_stop_bit_set
<LI><a href="#[c3]">&gt;&gt;</a>&nbsp;&nbsp;&nbsp;usart_receive_config
<LI><a href="#[c0]">&gt;&gt;</a>&nbsp;&nbsp;&nbsp;usart_parity_config
<LI><a href="#[c5]">&gt;&gt;</a>&nbsp;&nbsp;&nbsp;usart_interrupt_enable
<LI><a href="#[c6]">&gt;&gt;</a>&nbsp;&nbsp;&nbsp;usart_enable
<LI><a href="#[be]">&gt;&gt;</a>&nbsp;&nbsp;&nbsp;usart_deinit
<LI><a href="#[bf]">&gt;&gt;</a>&nbsp;&nbsp;&nbsp;usart_baudrate_set
</UL>
<BR>[Called By]<UL><LI><a href="#[b6]">&gt;&gt;</a>&nbsp;&nbsp;&nbsp;bsp_init
</UL>

<P><STRONG><a name="[bd]"></a>bsp_usart5_init</STRONG> (Thumb, 168 bytes, Stack size 8 bytes, bsp_uart.o(i.bsp_usart5_init))
<BR><BR>[Stack]<UL><LI>Max Depth = 124<LI>Call Chain = bsp_usart5_init &rArr; usart_baudrate_set &rArr; rcu_clock_freq_get
</UL>
<BR>[Calls]<UL><LI><a href="#[ab]">&gt;&gt;</a>&nbsp;&nbsp;&nbsp;gpio_output_options_set
<LI><a href="#[ac]">&gt;&gt;</a>&nbsp;&nbsp;&nbsp;gpio_mode_set
<LI><a href="#[ad]">&gt;&gt;</a>&nbsp;&nbsp;&nbsp;gpio_af_set
<LI><a href="#[aa]">&gt;&gt;</a>&nbsp;&nbsp;&nbsp;rcu_periph_clock_enable
<LI><a href="#[c1]">&gt;&gt;</a>&nbsp;&nbsp;&nbsp;usart_word_length_set
<LI><a href="#[c4]">&gt;&gt;</a>&nbsp;&nbsp;&nbsp;usart_transmit_config
<LI><a href="#[c2]">&gt;&gt;</a>&nbsp;&nbsp;&nbsp;usart_stop_bit_set
<LI><a href="#[c3]">&gt;&gt;</a>&nbsp;&nbsp;&nbsp;usart_receive_config
<LI><a href="#[c0]">&gt;&gt;</a>&nbsp;&nbsp;&nbsp;usart_parity_config
<LI><a href="#[c5]">&gt;&gt;</a>&nbsp;&nbsp;&nbsp;usart_interrupt_enable
<LI><a href="#[c6]">&gt;&gt;</a>&nbsp;&nbsp;&nbsp;usart_enable
<LI><a href="#[be]">&gt;&gt;</a>&nbsp;&nbsp;&nbsp;usart_deinit
<LI><a href="#[bf]">&gt;&gt;</a>&nbsp;&nbsp;&nbsp;usart_baudrate_set
</UL>
<BR>[Called By]<UL><LI><a href="#[b6]">&gt;&gt;</a>&nbsp;&nbsp;&nbsp;bsp_init
</UL>

<P><STRONG><a name="[ae]"></a>can_deinit</STRONG> (Thumb, 46 bytes, Stack size 8 bytes, gd32f4xx_can.o(i.can_deinit))
<BR><BR>[Stack]<UL><LI>Max Depth = 8<LI>Call Chain = can_deinit
</UL>
<BR>[Calls]<UL><LI><a href="#[c7]">&gt;&gt;</a>&nbsp;&nbsp;&nbsp;rcu_periph_reset_enable
<LI><a href="#[c8]">&gt;&gt;</a>&nbsp;&nbsp;&nbsp;rcu_periph_reset_disable
</UL>
<BR>[Called By]<UL><LI><a href="#[b2]">&gt;&gt;</a>&nbsp;&nbsp;&nbsp;bsp_can1_init
<LI><a href="#[a9]">&gt;&gt;</a>&nbsp;&nbsp;&nbsp;bsp_can0_init
</UL>

<P><STRONG><a name="[b0]"></a>can_filter_init</STRONG> (Thumb, 262 bytes, Stack size 8 bytes, gd32f4xx_can.o(i.can_filter_init))
<BR><BR>[Stack]<UL><LI>Max Depth = 8<LI>Call Chain = can_filter_init
</UL>
<BR>[Called By]<UL><LI><a href="#[b2]">&gt;&gt;</a>&nbsp;&nbsp;&nbsp;bsp_can1_init
<LI><a href="#[a9]">&gt;&gt;</a>&nbsp;&nbsp;&nbsp;bsp_can0_init
</UL>

<P><STRONG><a name="[af]"></a>can_init</STRONG> (Thumb, 290 bytes, Stack size 16 bytes, gd32f4xx_can.o(i.can_init))
<BR><BR>[Stack]<UL><LI>Max Depth = 16<LI>Call Chain = can_init
</UL>
<BR>[Called By]<UL><LI><a href="#[b2]">&gt;&gt;</a>&nbsp;&nbsp;&nbsp;bsp_can1_init
<LI><a href="#[a9]">&gt;&gt;</a>&nbsp;&nbsp;&nbsp;bsp_can0_init
</UL>

<P><STRONG><a name="[b1]"></a>can_interrupt_enable</STRONG> (Thumb, 8 bytes, Stack size 0 bytes, gd32f4xx_can.o(i.can_interrupt_enable))
<BR><BR>[Called By]<UL><LI><a href="#[b2]">&gt;&gt;</a>&nbsp;&nbsp;&nbsp;bsp_can1_init
<LI><a href="#[a9]">&gt;&gt;</a>&nbsp;&nbsp;&nbsp;bsp_can0_init
</UL>

<P><STRONG><a name="[c9]"></a>dhcp_arp_reply</STRONG> (Thumb, 64 bytes, Stack size 16 bytes, dhcp.o(i.dhcp_arp_reply))
<BR><BR>[Stack]<UL><LI>Max Depth = 504<LI>Call Chain = dhcp_arp_reply &rArr; dhcp_decline &rArr; udp_sendto_if_src &rArr; ip4_output_if_src &rArr; ip4_frag &rArr; pbuf_alloc &rArr; pbuf_free &rArr; mem_free &rArr; sys_mutex_unlock &rArr; xQueueGiveMutexRecursive &rArr; xQueueGenericSend &rArr; vTaskPlaceOnEventList &rArr; prvAddCurrentTaskToDelayedList &rArr; vListInsert
</UL>
<BR>[Calls]<UL><LI><a href="#[cb]">&gt;&gt;</a>&nbsp;&nbsp;&nbsp;dhcp_decline
<LI><a href="#[ca]">&gt;&gt;</a>&nbsp;&nbsp;&nbsp;__2printf
</UL>
<BR>[Called By]<UL><LI><a href="#[111]">&gt;&gt;</a>&nbsp;&nbsp;&nbsp;etharp_input
</UL>

<P><STRONG><a name="[83]"></a>dhcp_coarse_tmr</STRONG> (Thumb, 114 bytes, Stack size 16 bytes, dhcp.o(i.dhcp_coarse_tmr))
<BR><BR>[Stack]<UL><LI>Max Depth = 808<LI>Call Chain = dhcp_coarse_tmr &rArr; dhcp_start &rArr; dhcp_release_and_stop &rArr; netif_set_addr &rArr; netif_do_set_ipaddr &rArr; netif_do_ip_addr_changed &rArr; tcp_netif_ip_addr_changed &rArr; tcp_netif_ip_addr_changed_pcblist &rArr; tcp_abort &rArr; tcp_abandon &rArr; tcp_pcb_remove &rArr; tcp_output &rArr; tcp_send_empty_ack &rArr; tcp_output_control_segment &rArr; ip4_output_if &rArr; ip4_output_if_src &rArr; ip4_frag &rArr; pbuf_alloc &rArr; pbuf_free &rArr; mem_free &rArr; sys_mutex_unlock &rArr; xQueueGiveMutexRecursive &rArr; xQueueGenericSend &rArr; vTaskPlaceOnEventList &rArr; prvAddCurrentTaskToDelayedList &rArr; vListInsert
</UL>
<BR>[Calls]<UL><LI><a href="#[d2]">&gt;&gt;</a>&nbsp;&nbsp;&nbsp;dhcp_start
<LI><a href="#[d1]">&gt;&gt;</a>&nbsp;&nbsp;&nbsp;dhcp_release_and_stop
<LI><a href="#[d3]">&gt;&gt;</a>&nbsp;&nbsp;&nbsp;dhcp_t2_timeout
<LI><a href="#[d4]">&gt;&gt;</a>&nbsp;&nbsp;&nbsp;dhcp_t1_timeout
</UL>
<BR>[Address Reference Count : 1]<UL><LI> timeouts.o(.constdata)
</UL>
<P><STRONG><a name="[84]"></a>dhcp_fine_tmr</STRONG> (Thumb, 56 bytes, Stack size 16 bytes, dhcp.o(i.dhcp_fine_tmr))
<BR><BR>[Stack]<UL><LI>Max Depth = 824<LI>Call Chain = dhcp_fine_tmr &rArr; dhcp_timeout &rArr; dhcp_start &rArr; dhcp_release_and_stop &rArr; netif_set_addr &rArr; netif_do_set_ipaddr &rArr; netif_do_ip_addr_changed &rArr; tcp_netif_ip_addr_changed &rArr; tcp_netif_ip_addr_changed_pcblist &rArr; tcp_abort &rArr; tcp_abandon &rArr; tcp_pcb_remove &rArr; tcp_output &rArr; tcp_send_empty_ack &rArr; tcp_output_control_segment &rArr; ip4_output_if &rArr; ip4_output_if_src &rArr; ip4_frag &rArr; pbuf_alloc &rArr; pbuf_free &rArr; mem_free &rArr; sys_mutex_unlock &rArr; xQueueGiveMutexRecursive &rArr; xQueueGenericSend &rArr; vTaskPlaceOnEventList &rArr; prvAddCurrentTaskToDelayedList &rArr; vListInsert
</UL>
<BR>[Calls]<UL><LI><a href="#[e2]">&gt;&gt;</a>&nbsp;&nbsp;&nbsp;dhcp_timeout
</UL>
<BR>[Address Reference Count : 1]<UL><LI> timeouts.o(.constdata)
</UL>
<P><STRONG><a name="[ec]"></a>dhcp_network_changed</STRONG> (Thumb, 78 bytes, Stack size 16 bytes, dhcp.o(i.dhcp_network_changed))
<BR><BR>[Stack]<UL><LI>Max Depth = 544<LI>Call Chain = dhcp_network_changed &rArr; dhcp_reboot &rArr; udp_sendto_if &rArr; udp_sendto_if_src &rArr; ip4_output_if_src &rArr; ip4_frag &rArr; pbuf_alloc &rArr; pbuf_free &rArr; mem_free &rArr; sys_mutex_unlock &rArr; xQueueGiveMutexRecursive &rArr; xQueueGenericSend &rArr; vTaskPlaceOnEventList &rArr; prvAddCurrentTaskToDelayedList &rArr; vListInsert
</UL>
<BR>[Calls]<UL><LI><a href="#[ed]">&gt;&gt;</a>&nbsp;&nbsp;&nbsp;dhcp_reboot
<LI><a href="#[e0]">&gt;&gt;</a>&nbsp;&nbsp;&nbsp;dhcp_discover
</UL>
<BR>[Called By]<UL><LI><a href="#[18b]">&gt;&gt;</a>&nbsp;&nbsp;&nbsp;netif_set_link_up
</UL>

<P><STRONG><a name="[d1]"></a>dhcp_release_and_stop</STRONG> (Thumb, 214 bytes, Stack size 40 bytes, dhcp.o(i.dhcp_release_and_stop))
<BR><BR>[Stack]<UL><LI>Max Depth = 776<LI>Call Chain = dhcp_release_and_stop &rArr; netif_set_addr &rArr; netif_do_set_ipaddr &rArr; netif_do_ip_addr_changed &rArr; tcp_netif_ip_addr_changed &rArr; tcp_netif_ip_addr_changed_pcblist &rArr; tcp_abort &rArr; tcp_abandon &rArr; tcp_pcb_remove &rArr; tcp_output &rArr; tcp_send_empty_ack &rArr; tcp_output_control_segment &rArr; ip4_output_if &rArr; ip4_output_if_src &rArr; ip4_frag &rArr; pbuf_alloc &rArr; pbuf_free &rArr; mem_free &rArr; sys_mutex_unlock &rArr; xQueueGiveMutexRecursive &rArr; xQueueGenericSend &rArr; vTaskPlaceOnEventList &rArr; prvAddCurrentTaskToDelayedList &rArr; vListInsert
</UL>
<BR>[Calls]<UL><LI><a href="#[df]">&gt;&gt;</a>&nbsp;&nbsp;&nbsp;pbuf_free
<LI><a href="#[ce]">&gt;&gt;</a>&nbsp;&nbsp;&nbsp;netif_set_addr
<LI><a href="#[d7]">&gt;&gt;</a>&nbsp;&nbsp;&nbsp;lwip_htonl
<LI><a href="#[f2]">&gt;&gt;</a>&nbsp;&nbsp;&nbsp;udp_sendto_if
<LI><a href="#[f3]">&gt;&gt;</a>&nbsp;&nbsp;&nbsp;dhcp_supplied_address
<LI><a href="#[cd]">&gt;&gt;</a>&nbsp;&nbsp;&nbsp;dhcp_set_state
<LI><a href="#[dd]">&gt;&gt;</a>&nbsp;&nbsp;&nbsp;dhcp_option_trailer
<LI><a href="#[dc]">&gt;&gt;</a>&nbsp;&nbsp;&nbsp;dhcp_option_long
<LI><a href="#[d8]">&gt;&gt;</a>&nbsp;&nbsp;&nbsp;dhcp_option
<LI><a href="#[da]">&gt;&gt;</a>&nbsp;&nbsp;&nbsp;dhcp_dec_pcb_refcount
<LI><a href="#[d5]">&gt;&gt;</a>&nbsp;&nbsp;&nbsp;dhcp_create_msg
</UL>
<BR>[Called By]<UL><LI><a href="#[83]">&gt;&gt;</a>&nbsp;&nbsp;&nbsp;dhcp_coarse_tmr
<LI><a href="#[d2]">&gt;&gt;</a>&nbsp;&nbsp;&nbsp;dhcp_start
<LI><a href="#[e2]">&gt;&gt;</a>&nbsp;&nbsp;&nbsp;dhcp_timeout
</UL>

<P><STRONG><a name="[f4]"></a>dhcp_renew</STRONG> (Thumb, 248 bytes, Stack size 40 bytes, dhcp.o(i.dhcp_renew))
<BR><BR>[Stack]<UL><LI>Max Depth = 520<LI>Call Chain = dhcp_renew &rArr; udp_sendto_if &rArr; udp_sendto_if_src &rArr; ip4_output_if_src &rArr; ip4_frag &rArr; pbuf_alloc &rArr; pbuf_free &rArr; mem_free &rArr; sys_mutex_unlock &rArr; xQueueGiveMutexRecursive &rArr; xQueueGenericSend &rArr; vTaskPlaceOnEventList &rArr; prvAddCurrentTaskToDelayedList &rArr; vListInsert
</UL>
<BR>[Calls]<UL><LI><a href="#[df]">&gt;&gt;</a>&nbsp;&nbsp;&nbsp;pbuf_free
<LI><a href="#[f2]">&gt;&gt;</a>&nbsp;&nbsp;&nbsp;udp_sendto_if
<LI><a href="#[cd]">&gt;&gt;</a>&nbsp;&nbsp;&nbsp;dhcp_set_state
<LI><a href="#[dd]">&gt;&gt;</a>&nbsp;&nbsp;&nbsp;dhcp_option_trailer
<LI><a href="#[e1]">&gt;&gt;</a>&nbsp;&nbsp;&nbsp;dhcp_option_short
<LI><a href="#[d9]">&gt;&gt;</a>&nbsp;&nbsp;&nbsp;dhcp_option_byte
<LI><a href="#[d8]">&gt;&gt;</a>&nbsp;&nbsp;&nbsp;dhcp_option
<LI><a href="#[d5]">&gt;&gt;</a>&nbsp;&nbsp;&nbsp;dhcp_create_msg
</UL>
<BR>[Called By]<UL><LI><a href="#[d4]">&gt;&gt;</a>&nbsp;&nbsp;&nbsp;dhcp_t1_timeout
</UL>

<P><STRONG><a name="[d2]"></a>dhcp_start</STRONG> (Thumb, 200 bytes, Stack size 16 bytes, dhcp.o(i.dhcp_start))
<BR><BR>[Stack]<UL><LI>Max Depth = 792<LI>Call Chain = dhcp_start &rArr; dhcp_release_and_stop &rArr; netif_set_addr &rArr; netif_do_set_ipaddr &rArr; netif_do_ip_addr_changed &rArr; tcp_netif_ip_addr_changed &rArr; tcp_netif_ip_addr_changed_pcblist &rArr; tcp_abort &rArr; tcp_abandon &rArr; tcp_pcb_remove &rArr; tcp_output &rArr; tcp_send_empty_ack &rArr; tcp_output_control_segment &rArr; ip4_output_if &rArr; ip4_output_if_src &rArr; ip4_frag &rArr; pbuf_alloc &rArr; pbuf_free &rArr; mem_free &rArr; sys_mutex_unlock &rArr; xQueueGiveMutexRecursive &rArr; xQueueGenericSend &rArr; vTaskPlaceOnEventList &rArr; prvAddCurrentTaskToDelayedList &rArr; vListInsert
</UL>
<BR>[Calls]<UL><LI><a href="#[f5]">&gt;&gt;</a>&nbsp;&nbsp;&nbsp;mem_malloc
<LI><a href="#[f6]">&gt;&gt;</a>&nbsp;&nbsp;&nbsp;__aeabi_memclr4
<LI><a href="#[d1]">&gt;&gt;</a>&nbsp;&nbsp;&nbsp;dhcp_release_and_stop
<LI><a href="#[cd]">&gt;&gt;</a>&nbsp;&nbsp;&nbsp;dhcp_set_state
<LI><a href="#[e7]">&gt;&gt;</a>&nbsp;&nbsp;&nbsp;dhcp_inc_pcb_refcount
<LI><a href="#[e0]">&gt;&gt;</a>&nbsp;&nbsp;&nbsp;dhcp_discover
<LI><a href="#[da]">&gt;&gt;</a>&nbsp;&nbsp;&nbsp;dhcp_dec_pcb_refcount
<LI><a href="#[ca]">&gt;&gt;</a>&nbsp;&nbsp;&nbsp;__2printf
</UL>
<BR>[Called By]<UL><LI><a href="#[83]">&gt;&gt;</a>&nbsp;&nbsp;&nbsp;dhcp_coarse_tmr
<LI><a href="#[e2]">&gt;&gt;</a>&nbsp;&nbsp;&nbsp;dhcp_timeout
</UL>

<P><STRONG><a name="[f3]"></a>dhcp_supplied_address</STRONG> (Thumb, 40 bytes, Stack size 0 bytes, dhcp.o(i.dhcp_supplied_address))
<BR><BR>[Called By]<UL><LI><a href="#[d1]">&gt;&gt;</a>&nbsp;&nbsp;&nbsp;dhcp_release_and_stop
</UL>

<P><STRONG><a name="[f9]"></a>enet_deinit</STRONG> (Thumb, 24 bytes, Stack size 8 bytes, gd32f4xx_enet.o(i.enet_deinit))
<BR><BR>[Stack]<UL><LI>Max Depth = 8<LI>Call Chain = enet_deinit
</UL>
<BR>[Calls]<UL><LI><a href="#[c7]">&gt;&gt;</a>&nbsp;&nbsp;&nbsp;rcu_periph_reset_enable
<LI><a href="#[c8]">&gt;&gt;</a>&nbsp;&nbsp;&nbsp;rcu_periph_reset_disable
<LI><a href="#[fa]">&gt;&gt;</a>&nbsp;&nbsp;&nbsp;enet_initpara_reset
</UL>
<BR>[Called By]<UL><LI><a href="#[106]">&gt;&gt;</a>&nbsp;&nbsp;&nbsp;enet_mac_dma_config
</UL>

<P><STRONG><a name="[151]"></a>enet_desc_information_get</STRONG> (Thumb, 96 bytes, Stack size 0 bytes, gd32f4xx_enet.o(i.enet_desc_information_get))
<BR><BR>[Called By]<UL><LI><a href="#[62]">&gt;&gt;</a>&nbsp;&nbsp;&nbsp;low_level_output
<LI><a href="#[121]">&gt;&gt;</a>&nbsp;&nbsp;&nbsp;low_level_input
</UL>

<P><STRONG><a name="[14e]"></a>enet_descriptors_chain_init</STRONG> (Thumb, 162 bytes, Stack size 28 bytes, gd32f4xx_enet.o(i.enet_descriptors_chain_init))
<BR><BR>[Stack]<UL><LI>Max Depth = 28<LI>Call Chain = enet_descriptors_chain_init
</UL>
<BR>[Called By]<UL><LI><a href="#[11f]">&gt;&gt;</a>&nbsp;&nbsp;&nbsp;low_level_init
</UL>

<P><STRONG><a name="[fb]"></a>enet_enable</STRONG> (Thumb, 12 bytes, Stack size 4 bytes, gd32f4xx_enet.o(i.enet_enable))
<BR><BR>[Stack]<UL><LI>Max Depth = 16<LI>Call Chain = enet_enable &rArr; enet_tx_enable &rArr; enet_txfifo_flush
</UL>
<BR>[Calls]<UL><LI><a href="#[fc]">&gt;&gt;</a>&nbsp;&nbsp;&nbsp;enet_tx_enable
<LI><a href="#[fd]">&gt;&gt;</a>&nbsp;&nbsp;&nbsp;enet_rx_enable
</UL>
<BR>[Called By]<UL><LI><a href="#[11f]">&gt;&gt;</a>&nbsp;&nbsp;&nbsp;low_level_init
</UL>

<P><STRONG><a name="[152]"></a>enet_frame_receive</STRONG> (Thumb, 236 bytes, Stack size 12 bytes, gd32f4xx_enet.o(i.enet_frame_receive))
<BR><BR>[Stack]<UL><LI>Max Depth = 12<LI>Call Chain = enet_frame_receive
</UL>
<BR>[Called By]<UL><LI><a href="#[121]">&gt;&gt;</a>&nbsp;&nbsp;&nbsp;low_level_input
</UL>

<P><STRONG><a name="[153]"></a>enet_frame_transmit</STRONG> (Thumb, 196 bytes, Stack size 16 bytes, gd32f4xx_enet.o(i.enet_frame_transmit))
<BR><BR>[Stack]<UL><LI>Max Depth = 16<LI>Call Chain = enet_frame_transmit
</UL>
<BR>[Called By]<UL><LI><a href="#[62]">&gt;&gt;</a>&nbsp;&nbsp;&nbsp;low_level_output
</UL>

<P><STRONG><a name="[101]"></a>enet_init</STRONG> (Thumb, 822 bytes, Stack size 56 bytes, gd32f4xx_enet.o(i.enet_init))
<BR><BR>[Stack]<UL><LI>Max Depth = 164<LI>Call Chain = enet_init &rArr; enet_phy_config &rArr; rcu_clock_freq_get
</UL>
<BR>[Calls]<UL><LI><a href="#[105]">&gt;&gt;</a>&nbsp;&nbsp;&nbsp;enet_phy_write_read
<LI><a href="#[102]">&gt;&gt;</a>&nbsp;&nbsp;&nbsp;enet_phy_config
<LI><a href="#[103]">&gt;&gt;</a>&nbsp;&nbsp;&nbsp;enet_delay
<LI><a href="#[104]">&gt;&gt;</a>&nbsp;&nbsp;&nbsp;enet_default_init
</UL>
<BR>[Called By]<UL><LI><a href="#[106]">&gt;&gt;</a>&nbsp;&nbsp;&nbsp;enet_mac_dma_config
</UL>

<P><STRONG><a name="[fa]"></a>enet_initpara_reset</STRONG> (Thumb, 36 bytes, Stack size 0 bytes, gd32f4xx_enet.o(i.enet_initpara_reset))
<BR><BR>[Called By]<UL><LI><a href="#[f9]">&gt;&gt;</a>&nbsp;&nbsp;&nbsp;enet_deinit
</UL>

<P><STRONG><a name="[10a]"></a>enet_interrupt_enable</STRONG> (Thumb, 66 bytes, Stack size 0 bytes, gd32f4xx_enet.o(i.enet_interrupt_enable))
<BR><BR>[Called By]<UL><LI><a href="#[109]">&gt;&gt;</a>&nbsp;&nbsp;&nbsp;enet_system_setup
</UL>

<P><STRONG><a name="[9a]"></a>enet_interrupt_flag_clear</STRONG> (Thumb, 18 bytes, Stack size 0 bytes, gd32f4xx_enet.o(i.enet_interrupt_flag_clear))
<BR><BR>[Called By]<UL><LI><a href="#[47]">&gt;&gt;</a>&nbsp;&nbsp;&nbsp;ENET_IRQHandler
</UL>

<P><STRONG><a name="[98]"></a>enet_interrupt_flag_get</STRONG> (Thumb, 30 bytes, Stack size 0 bytes, gd32f4xx_enet.o(i.enet_interrupt_flag_get))
<BR><BR>[Called By]<UL><LI><a href="#[47]">&gt;&gt;</a>&nbsp;&nbsp;&nbsp;ENET_IRQHandler
</UL>

<P><STRONG><a name="[14d]"></a>enet_mac_address_set</STRONG> (Thumb, 42 bytes, Stack size 0 bytes, gd32f4xx_enet.o(i.enet_mac_address_set))
<BR><BR>[Called By]<UL><LI><a href="#[11f]">&gt;&gt;</a>&nbsp;&nbsp;&nbsp;low_level_init
</UL>

<P><STRONG><a name="[102]"></a>enet_phy_config</STRONG> (Thumb, 184 bytes, Stack size 24 bytes, gd32f4xx_enet.o(i.enet_phy_config))
<BR><BR>[Stack]<UL><LI>Max Depth = 108<LI>Call Chain = enet_phy_config &rArr; rcu_clock_freq_get
</UL>
<BR>[Calls]<UL><LI><a href="#[108]">&gt;&gt;</a>&nbsp;&nbsp;&nbsp;rcu_clock_freq_get
<LI><a href="#[105]">&gt;&gt;</a>&nbsp;&nbsp;&nbsp;enet_phy_write_read
<LI><a href="#[103]">&gt;&gt;</a>&nbsp;&nbsp;&nbsp;enet_delay
</UL>
<BR>[Called By]<UL><LI><a href="#[101]">&gt;&gt;</a>&nbsp;&nbsp;&nbsp;enet_init
</UL>

<P><STRONG><a name="[105]"></a>enet_phy_write_read</STRONG> (Thumb, 148 bytes, Stack size 24 bytes, gd32f4xx_enet.o(i.enet_phy_write_read))
<BR><BR>[Stack]<UL><LI>Max Depth = 24<LI>Call Chain = enet_phy_write_read
</UL>
<BR>[Called By]<UL><LI><a href="#[102]">&gt;&gt;</a>&nbsp;&nbsp;&nbsp;enet_phy_config
<LI><a href="#[101]">&gt;&gt;</a>&nbsp;&nbsp;&nbsp;enet_init
</UL>

<P><STRONG><a name="[14f]"></a>enet_rx_desc_immediate_receive_complete_interrupt</STRONG> (Thumb, 10 bytes, Stack size 0 bytes, gd32f4xx_enet.o(i.enet_rx_desc_immediate_receive_complete_interrupt))
<BR><BR>[Called By]<UL><LI><a href="#[11f]">&gt;&gt;</a>&nbsp;&nbsp;&nbsp;low_level_init
</UL>

<P><STRONG><a name="[fd]"></a>enet_rx_enable</STRONG> (Thumb, 26 bytes, Stack size 0 bytes, gd32f4xx_enet.o(i.enet_rx_enable))
<BR><BR>[Called By]<UL><LI><a href="#[fb]">&gt;&gt;</a>&nbsp;&nbsp;&nbsp;enet_enable
</UL>

<P><STRONG><a name="[107]"></a>enet_software_reset</STRONG> (Thumb, 52 bytes, Stack size 8 bytes, gd32f4xx_enet.o(i.enet_software_reset))
<BR><BR>[Stack]<UL><LI>Max Depth = 8<LI>Call Chain = enet_software_reset
</UL>
<BR>[Called By]<UL><LI><a href="#[106]">&gt;&gt;</a>&nbsp;&nbsp;&nbsp;enet_mac_dma_config
</UL>

<P><STRONG><a name="[109]"></a>enet_system_setup</STRONG> (Thumb, 36 bytes, Stack size 8 bytes, bsp_enet.o(i.enet_system_setup))
<BR><BR>[Stack]<UL><LI>Max Depth = 180<LI>Call Chain = enet_system_setup &rArr; enet_mac_dma_config &rArr; enet_init &rArr; enet_phy_config &rArr; rcu_clock_freq_get
</UL>
<BR>[Calls]<UL><LI><a href="#[10a]">&gt;&gt;</a>&nbsp;&nbsp;&nbsp;enet_interrupt_enable
<LI><a href="#[106]">&gt;&gt;</a>&nbsp;&nbsp;&nbsp;enet_mac_dma_config
[...]
</UL>
<BR>[Called By]<UL><LI><a href="#[ec]">&gt;&gt;</a>&nbsp;&nbsp;&nbsp;dhcp_network_changed
<LI><a href="#[e2]">&gt;&gt;</a>&nbsp;&nbsp;&nbsp;dhcp_timeout
</UL>

<P><STRONG><a name="[60]"></a>dhcp_recv</STRONG> (Thumb, 336 bytes, Stack size 40 bytes, dhcp.o(i.dhcp_recv))
<BR><BR>[Stack]<UL><LI>Max Depth = 800<LI>Call Chain = dhcp_recv &rArr; dhcp_bind &rArr; netif_set_addr &rArr; netif_do_set_ipaddr &rArr; netif_do_ip_addr_changed &rArr; tcp_netif_ip_addr_changed &rArr; tcp_netif_ip_addr_changed_pcblist &rArr; tcp_abort &rArr; tcp_abandon &rArr; tcp_pcb_remove &rArr; tcp_output &rArr; tcp_send_empty_ack &rArr; tcp_output_control_segment &rArr; ip4_output_if &rArr; ip4_output_if_src &rArr; ip4_frag &rArr; pbuf_alloc &rArr; pbuf_free &rArr; mem_free &rArr; sys_mutex_unlock &rArr; xQueueGiveMutexRecursive &rArr; xQueueGenericSend &rArr; vTaskPlaceOnEventList &rArr; prvAddCurrentTaskToDelayedList &rArr; vListInsert
</UL>
<BR>[Calls]<UL><LI><a href="#[df]">&gt;&gt;</a>&nbsp;&nbsp;&nbsp;pbuf_free
<LI><a href="#[d7]">&gt;&gt;</a>&nbsp;&nbsp;&nbsp;lwip_htonl
<LI><a href="#[ef]">&gt;&gt;</a>&nbsp;&nbsp;&nbsp;dhcp_parse_reply
<LI><a href="#[e5]">&gt;&gt;</a>&nbsp;&nbsp;&nbsp;dhcp_handle_offer
<LI><a href="#[e4]">&gt;&gt;</a>&nbsp;&nbsp;&nbsp;dhcp_handle_nak
<LI><a href="#[e3]">&gt;&gt;</a>&nbsp;&nbsp;&nbsp;dhcp_handle_ack
<LI><a href="#[cf]">&gt;&gt;</a>&nbsp;&nbsp;&nbsp;dhcp_check
<LI><a href="#[cc]">&gt;&gt;</a>&nbsp;&nbsp;&nbsp;dhcp_bind
</UL>
<BR>[Address Reference Count : 1]<UL><LI> dhcp.o(i.dhcp_inc_pcb_refcount)
</UL>
<P><STRONG><a name="[e6]"></a>dhcp_select</STRONG> (Thumb, 386 bytes, Stack size 48 bytes, dhcp.o(i.dhcp_select))
<BR><BR>[Stack]<UL><LI>Max Depth = 488<LI>Call Chain = dhcp_select &rArr; udp_sendto_if_src &rArr; ip4_output_if_src &rArr; ip4_frag &rArr; pbuf_alloc &rArr; pbuf_free &rArr; mem_free &rArr; sys_mutex_unlock &rArr; xQueueGiveMutexRecursive &rArr; xQueueGenericSend &rArr; vTaskPlaceOnEventList &rArr; prvAddCurrentTaskToDelayedList &rArr; vListInsert
</UL>
<BR>[Calls]<UL><LI><a href="#[df]">&gt;&gt;</a>&nbsp;&nbsp;&nbsp;pbuf_free
<LI><a href="#[d7]">&gt;&gt;</a>&nbsp;&nbsp;&nbsp;lwip_htonl
<LI><a href="#[de]">&gt;&gt;</a>&nbsp;&nbsp;&nbsp;udp_sendto_if_src
<LI><a href="#[cd]">&gt;&gt;</a>&nbsp;&nbsp;&nbsp;dhcp_set_state
<LI><a href="#[dd]">&gt;&gt;</a>&nbsp;&nbsp;&nbsp;dhcp_option_trailer
<LI><a href="#[e1]">&gt;&gt;</a>&nbsp;&nbsp;&nbsp;dhcp_option_short
<LI><a href="#[dc]">&gt;&gt;</a>&nbsp;&nbsp;&nbsp;dhcp_option_long
<LI><a href="#[d9]">&gt;&gt;</a>&nbsp;&nbsp;&nbsp;dhcp_option_byte
<LI><a href="#[d8]">&gt;&gt;</a>&nbsp;&nbsp;&nbsp;dhcp_option
<LI><a href="#[d5]">&gt;&gt;</a>&nbsp;&nbsp;&nbsp;dhcp_create_msg
<LI><a href="#[ca]">&gt;&gt;</a>&nbsp;&nbsp;&nbsp;__2printf
</UL>
<BR>[Called By]<UL><LI><a href="#[e2]">&gt;&gt;</a>&nbsp;&nbsp;&nbsp;dhcp_timeout
<LI><a href="#[e5]">&gt;&gt;</a>&nbsp;&nbsp;&nbsp;dhcp_handle_offer
</UL>

<P><STRONG><a name="[cd]"></a>dhcp_set_state</STRONG> (Thumb, 16 bytes, Stack size 0 bytes, dhcp.o(i.dhcp_set_state))
<BR><BR>[Called By]<UL><LI><a href="#[d2]">&gt;&gt;</a>&nbsp;&nbsp;&nbsp;dhcp_start
<LI><a href="#[f4]">&gt;&gt;</a>&nbsp;&nbsp;&nbsp;dhcp_renew
<LI><a href="#[d1]">&gt;&gt;</a>&nbsp;&nbsp;&nbsp;dhcp_release_and_stop
<LI><a href="#[e6]">&gt;&gt;</a>&nbsp;&nbsp;&nbsp;dhcp_select
<LI><a href="#[ed]">&gt;&gt;</a>&nbsp;&nbsp;&nbsp;dhcp_reboot
<LI><a href="#[f1]">&gt;&gt;</a>&nbsp;&nbsp;&nbsp;dhcp_rebind
<LI><a href="#[e4]">&gt;&gt;</a>&nbsp;&nbsp;&nbsp;dhcp_handle_nak
<LI><a href="#[e0]">&gt;&gt;</a>&nbsp;&nbsp;&nbsp;dhcp_discover
<LI><a href="#[cb]">&gt;&gt;</a>&nbsp;&nbsp;&nbsp;dhcp_decline
<LI><a href="#[cf]">&gt;&gt;</a>&nbsp;&nbsp;&nbsp;dhcp_check
<LI><a href="#[cc]">&gt;&gt;</a>&nbsp;&nbsp;&nbsp;dhcp_bind
</UL>

<P><STRONG><a name="[d4]"></a>dhcp_t1_timeout</STRONG> (Thumb, 74 bytes, Stack size 16 bytes, dhcp.o(i.dhcp_t1_timeout))
<BR><BR>[Stack]<UL><LI>Max Depth = 536<LI>Call Chain = dhcp_t1_timeout &rArr; dhcp_renew &rArr; udp_sendto_if &rArr; udp_sendto_if_src &rArr; ip4_output_if_src &rArr; ip4_frag &rArr; pbuf_alloc &rArr; pbuf_free &rArr; mem_free &rArr; sys_mutex_unlock &rArr; xQueueGiveMutexRecursive &rArr; xQueueGenericSend &rArr; vTaskPlaceOnEventList &rArr; prvAddCurrentTaskToDelayedList &rArr; vListInsert
</UL>
<BR>[Calls]<UL><LI><a href="#[f4]">&gt;&gt;</a>&nbsp;&nbsp;&nbsp;dhcp_renew
</UL>
<BR>[Called By]<UL><LI><a href="#[83]">&gt;&gt;</a>&nbsp;&nbsp;&nbsp;dhcp_coarse_tmr
</UL>

<P><STRONG><a name="[d3]"></a>dhcp_t2_timeout</STRONG> (Thumb, 80 bytes, Stack size 16 bytes, dhcp.o(i.dhcp_t2_timeout))
<BR><BR>[Stack]<UL><LI>Max Depth = 536<LI>Call Chain = dhcp_t2_timeout &rArr; dhcp_rebind &rArr; udp_sendto_if &rArr; udp_sendto_if_src &rArr; ip4_output_if_src &rArr; ip4_frag &rArr; pbuf_alloc &rArr; pbuf_free &rArr; mem_free &rArr; sys_mutex_unlock &rArr; xQueueGiveMutexRecursive &rArr; xQueueGenericSend &rArr; vTaskPlaceOnEventList &rArr; prvAddCurrentTaskToDelayedList &rArr; vListInsert
</UL>
<BR>[Calls]<UL><LI><a href="#[f1]">&gt;&gt;</a>&nbsp;&nbsp;&nbsp;dhcp_rebind
</UL>
<BR>[Called By]<UL><LI><a href="#[83]">&gt;&gt;</a>&nbsp;&nbsp;&nbsp;dhcp_coarse_tmr
</UL>

<P><STRONG><a name="[e2]"></a>dhcp_timeout</STRONG> (Thumb, 136 bytes, Stack size 16 bytes, dhcp.o(i.dhcp_timeout))
<BR><BR>[Stack]<UL><LI>Max Depth = 808<LI>Call Chain = dhcp_timeout &rArr; dhcp_start &rArr; dhcp_release_and_stop &rArr; netif_set_addr &rArr; netif_do_set_ipaddr &rArr; netif_do_ip_addr_changed &rArr; tcp_netif_ip_addr_changed &rArr; tcp_netif_ip_addr_changed_pcblist &rArr; tcp_abort &rArr; tcp_abandon &rArr; tcp_pcb_remove &rArr; tcp_output &rArr; tcp_send_empty_ack &rArr; tcp_output_control_segment &rArr; ip4_output_if &rArr; ip4_output_if_src &rArr; ip4_frag &rArr; pbuf_alloc &rArr; pbuf_free &rArr; mem_free &rArr; sys_mutex_unlock &rArr; xQueueGiveMutexRecursive &rArr; xQueueGenericSend &rArr; vTaskPlaceOnEventList &rArr; prvAddCurrentTaskToDelayedList &rArr; vListInsert
</UL>
<BR>[Calls]<UL><LI><a href="#[d2]">&gt;&gt;</a>&nbsp;&nbsp;&nbsp;dhcp_start
<LI><a href="#[d1]">&gt;&gt;</a>&nbsp;&nbsp;&nbsp;dhcp_release_and_stop
<LI><a href="#[e6]">&gt;&gt;</a>&nbsp;&nbsp;&nbsp;dhcp_select
<LI><a href="#[ed]">&gt;&gt;</a>&nbsp;&nbsp;&nbsp;dhcp_reboot
<LI><a href="#[e0]">&gt;&gt;</a>&nbsp;&nbsp;&nbsp;dhcp_discover
<LI><a href="#[cf]">&gt;&gt;</a>&nbsp;&nbsp;&nbsp;dhcp_check
<LI><a href="#[cc]">&gt;&gt;</a>&nbsp;&nbsp;&nbsp;dhcp_bind
</UL>
<BR>[Called By]<UL><LI><a href="#[84]">&gt;&gt;</a>&nbsp;&nbsp;&nbsp;dhcp_fine_tmr
</UL>

<P><STRONG><a name="[10f]"></a>etharp_find_entry</STRONG> (Thumb, 398 bytes, Stack size 48 bytes, etharp.o(i.etharp_find_entry))
<BR><BR>[Stack]<UL><LI>Max Depth = 240<LI>Call Chain = etharp_find_entry &rArr; etharp_free_entry &rArr; pbuf_free &rArr; mem_free &rArr; sys_mutex_unlock &rArr; xQueueGiveMutexRecursive &rArr; xQueueGenericSend &rArr; vTaskPlaceOnEventList &rArr; prvAddCurrentTaskToDelayedList &rArr; vListInsert
</UL>
<BR>[Calls]<UL><LI><a href="#[110]">&gt;&gt;</a>&nbsp;&nbsp;&nbsp;etharp_free_entry
</UL>
<BR>[Called By]<UL><LI><a href="#[112]">&gt;&gt;</a>&nbsp;&nbsp;&nbsp;etharp_update_arp_entry
<LI><a href="#[d0]">&gt;&gt;</a>&nbsp;&nbsp;&nbsp;etharp_query
</UL>

<P><STRONG><a name="[110]"></a>etharp_free_entry</STRONG> (Thumb, 112 bytes, Stack size 8 bytes, etharp.o(i.etharp_free_entry))
<BR><BR>[Stack]<UL><LI>Max Depth = 192<LI>Call Chain = etharp_free_entry &rArr; pbuf_free &rArr; mem_free &rArr; sys_mutex_unlock &rArr; xQueueGiveMutexRecursive &rArr; xQueueGenericSend &rArr; vTaskPlaceOnEventList &rArr; prvAddCurrentTaskToDelayedList &rArr; vListInsert
</UL>
<BR>[Calls]<UL><LI><a href="#[df]">&gt;&gt;</a>&nbsp;&nbsp;&nbsp;pbuf_free
</UL>
<BR>[Called By]<UL><LI><a href="#[82]">&gt;&gt;</a>&nbsp;&nbsp;&nbsp;etharp_tmr
<LI><a href="#[10f]">&gt;&gt;</a>&nbsp;&nbsp;&nbsp;etharp_find_entry
</UL>

<P><STRONG><a name="[115]"></a>etharp_output_to_arp_index</STRONG> (Thumb, 178 bytes, Stack size 24 bytes, etharp.o(i.etharp_output_to_arp_index))
<BR><BR>[Stack]<UL><LI>Max Depth = 352<LI>Call Chain = etharp_output_to_arp_index &rArr; etharp_request &rArr; etharp_request_dst &rArr; etharp_raw &rArr; pbuf_alloc &rArr; pbuf_free &rArr; mem_free &rArr; sys_mutex_unlock &rArr; xQueueGiveMutexRecursive &rArr; xQueueGenericSend &rArr; vTaskPlaceOnEventList &rArr; prvAddCurrentTaskToDelayedList &rArr; vListInsert
</UL>
<BR>[Calls]<UL><LI><a href="#[117]">&gt;&gt;</a>&nbsp;&nbsp;&nbsp;etharp_request
<LI><a href="#[116]">&gt;&gt;</a>&nbsp;&nbsp;&nbsp;ethernet_output
<LI><a href="#[118]">&gt;&gt;</a>&nbsp;&nbsp;&nbsp;etharp_request_dst
</UL>
<BR>[Called By]<UL><LI><a href="#[61]">&gt;&gt;</a>&nbsp;&nbsp;&nbsp;etharp_output
</UL>

<P><STRONG><a name="[113]"></a>etharp_raw</STRONG> (Thumb, 162 bytes, Stack size 48 bytes, etharp.o(i.etharp_raw))
<BR><BR>[Stack]<UL><LI>Max Depth = 280<LI>Call Chain = etharp_raw &rArr; pbuf_alloc &rArr; pbuf_free &rArr; mem_free &rArr; sys_mutex_unlock &rArr; xQueueGiveMutexRecursive &rArr; xQueueGenericSend &rArr; vTaskPlaceOnEventList &rArr; prvAddCurrentTaskToDelayedList &rArr; vListInsert
</UL>
<BR>[Calls]<UL><LI><a href="#[11b]">&gt;&gt;</a>&nbsp;&nbsp;&nbsp;lwip_htons
<LI><a href="#[d6]">&gt;&gt;</a>&nbsp;&nbsp;&nbsp;pbuf_alloc
<LI><a href="#[df]">&gt;&gt;</a>&nbsp;&nbsp;&nbsp;pbuf_free
<LI><a href="#[116]">&gt;&gt;</a>&nbsp;&nbsp;&nbsp;ethernet_output
</UL>
<BR>[Called By]<UL><LI><a href="#[111]">&gt;&gt;</a>&nbsp;&nbsp;&nbsp;etharp_input
<LI><a href="#[118]">&gt;&gt;</a>&nbsp;&nbsp;&nbsp;etharp_request_dst
</UL>

<P><STRONG><a name="[118]"></a>etharp_request_dst</STRONG> (Thumb, 38 bytes, Stack size 32 bytes, etharp.o(i.etharp_request_dst))
<BR><BR>[Stack]<UL><LI>Max Depth = 312<LI>Call Chain = etharp_request_dst &rArr; etharp_raw &rArr; pbuf_alloc &rArr; pbuf_free &rArr; mem_free &rArr; sys_mutex_unlock &rArr; xQueueGiveMutexRecursive &rArr; xQueueGenericSend &rArr; vTaskPlaceOnEventList &rArr; prvAddCurrentTaskToDelayedList &rArr; vListInsert
</UL>
<BR>[Calls]<UL><LI><a href="#[113]">&gt;&gt;</a>&nbsp;&nbsp;&nbsp;etharp_raw
</UL>
<BR>[Called By]<UL><LI><a href="#[117]">&gt;&gt;</a>&nbsp;&nbsp;&nbsp;etharp_request
<LI><a href="#[115]">&gt;&gt;</a>&nbsp;&nbsp;&nbsp;etharp_output_to_arp_index
</UL>

<P><STRONG><a name="[112]"></a>etharp_update_arp_entry</STRONG> (Thumb, 198 bytes, Stack size 32 bytes, etharp.o(i.etharp_update_arp_entry))
<BR><BR>[Stack]<UL><LI>Max Depth = 272<LI>Call Chain = etharp_update_arp_entry &rArr; etharp_find_entry &rArr; etharp_free_entry &rArr; pbuf_free &rArr; mem_free &rArr; sys_mutex_unlock &rArr; xQueueGiveMutexRecursive &rArr; xQueueGenericSend &rArr; vTaskPlaceOnEventList &rArr; prvAddCurrentTaskToDelayedList &rArr; vListInsert
</UL>
<BR>[Calls]<UL><LI><a href="#[df]">&gt;&gt;</a>&nbsp;&nbsp;&nbsp;pbuf_free
<LI><a href="#[114]">&gt;&gt;</a>&nbsp;&nbsp;&nbsp;ip4_addr_isbroadcast_u32
<LI><a href="#[116]">&gt;&gt;</a>&nbsp;&nbsp;&nbsp;ethernet_output
<LI><a href="#[10f]">&gt;&gt;</a>&nbsp;&nbsp;&nbsp;etharp_find_entry
</UL>
<BR>[Called By]<UL><LI><a href="#[111]">&gt;&gt;</a>&nbsp;&nbsp;&nbsp;etharp_input
</UL>

<P><STRONG><a name="[12d]"></a>icmp_send_response</STRONG> (Thumb, 160 bytes, Stack size 56 bytes, icmp.o(i.icmp_send_response))
<BR><BR>[Stack]<UL><LI>Max Depth = 472<LI>Call Chain = icmp_send_response &rArr; ip4_output_if &rArr; ip4_output_if_src &rArr; ip4_frag &rArr; pbuf_alloc &rArr; pbuf_free &rArr; mem_free &rArr; sys_mutex_unlock &rArr; xQueueGiveMutexRecursive &rArr; xQueueGenericSend &rArr; vTaskPlaceOnEventList &rArr; prvAddCurrentTaskToDelayedList &rArr; vListInsert
</UL>
<BR>[Calls]<UL><LI><a href="#[d6]">&gt;&gt;</a>&nbsp;&nbsp;&nbsp;pbuf_alloc
<LI><a href="#[df]">&gt;&gt;</a>&nbsp;&nbsp;&nbsp;pbuf_free
<LI><a href="#[132]">&gt;&gt;</a>&nbsp;&nbsp;&nbsp;ip4_output_if
<LI><a href="#[133]">&gt;&gt;</a>&nbsp;&nbsp;&nbsp;ip4_route
<LI><a href="#[130]">&gt;&gt;</a>&nbsp;&nbsp;&nbsp;__aeabi_memcpy
</UL>
<BR>[Called By]<UL><LI><a href="#[12c]">&gt;&gt;</a>&nbsp;&nbsp;&nbsp;icmp_dest_unreach
<LI><a href="#[134]">&gt;&gt;</a>&nbsp;&nbsp;&nbsp;icmp_time_exceeded
</UL>

<P><STRONG><a name="[13d]"></a>ip4_input_accept</STRONG> (Thumb, 56 bytes, Stack size 8 bytes, ip4.o(i.ip4_input_accept))
<BR><BR>[Stack]<UL><LI>Max Depth = 20<LI>Call Chain = ip4_input_accept &rArr; ip4_addr_isbroadcast_u32
</UL>
<BR>[Calls]<UL><LI><a href="#[114]">&gt;&gt;</a>&nbsp;&nbsp;&nbsp;ip4_addr_isbroadcast_u32
</UL>
<BR>[Called By]<UL><LI><a href="#[7d]">&gt;&gt;</a>&nbsp;&nbsp;&nbsp;ip4_input
</UL>

<P><STRONG><a name="[139]"></a>ip_frag_alloc_pbuf_custom_ref</STRONG> (Thumb, 10 bytes, Stack size 8 bytes, ip4_frag.o(i.ip_frag_alloc_pbuf_custom_ref))
<BR><BR>[Stack]<UL><LI>Max Depth = 48<LI>Call Chain = ip_frag_alloc_pbuf_custom_ref &rArr; memp_malloc &rArr; do_memp_malloc_pool &rArr; sys_arch_unprotect
</UL>
<BR>[Calls]<UL><LI><a href="#[148]">&gt;&gt;</a>&nbsp;&nbsp;&nbsp;memp_malloc
</UL>
<BR>[Called By]<UL><LI><a href="#[138]">&gt;&gt;</a>&nbsp;&nbsp;&nbsp;ip4_frag
</UL>

<P><STRONG><a name="[13b]"></a>ip_frag_free_pbuf_custom_ref</STRONG> (Thumb, 18 bytes, Stack size 8 bytes, ip4_frag.o(i.ip_frag_free_pbuf_custom_ref))
<BR><BR>[Stack]<UL><LI>Max Depth = 56<LI>Call Chain = ip_frag_free_pbuf_custom_ref &rArr; memp_free &rArr; do_memp_free_pool &rArr; sys_arch_unprotect
</UL>
<BR>[Calls]<UL><LI><a href="#[149]">&gt;&gt;</a>&nbsp;&nbsp;&nbsp;memp_free
</UL>
<BR>[Called By]<UL><LI><a href="#[64]">&gt;&gt;</a>&nbsp;&nbsp;&nbsp;ipfrag_free_pbuf_custom
<LI><a href="#[138]">&gt;&gt;</a>&nbsp;&nbsp;&nbsp;ip4_frag
</UL>

<P><STRONG><a name="[146]"></a>ip_reass_chain_frag_into_datagram_and_validate</STRONG> (Thumb, 404 bytes, Stack size 64 bytes, ip4_frag.o(i.ip_reass_chain_frag_into_datagram_and_validate))
<BR><BR>[Stack]<UL><LI>Max Depth = 64<LI>Call Chain = ip_reass_chain_frag_into_datagram_and_validate
</UL>
<BR>[Calls]<UL><LI><a href="#[11b]">&gt;&gt;</a>&nbsp;&nbsp;&nbsp;lwip_htons
</UL>
<BR>[Called By]<UL><LI><a href="#[13e]">&gt;&gt;</a>&nbsp;&nbsp;&nbsp;ip4_reass
</UL>

<P><STRONG><a name="[147]"></a>ip_reass_dequeue_datagram</STRONG> (Thumb, 40 bytes, Stack size 16 bytes, ip4_frag.o(i.ip_reass_dequeue_datagram))
<BR><BR>[Stack]<UL><LI>Max Depth = 64<LI>Call Chain = ip_reass_dequeue_datagram &rArr; memp_free &rArr; do_memp_free_pool &rArr; sys_arch_unprotect
</UL>
<BR>[Calls]<UL><LI><a href="#[149]">&gt;&gt;</a>&nbsp;&nbsp;&nbsp;memp_free
</UL>
<BR>[Called By]<UL><LI><a href="#[14a]">&gt;&gt;</a>&nbsp;&nbsp;&nbsp;ip_reass_free_complete_datagram
<LI><a href="#[13e]">&gt;&gt;</a>&nbsp;&nbsp;&nbsp;ip4_reass
</UL>

<P><STRONG><a name="[145]"></a>ip_reass_enqueue_new_datagram</STRONG> (Thumb, 84 bytes, Stack size 16 bytes, ip4_frag.o(i.ip_reass_enqueue_new_datagram))
<BR><BR>[Stack]<UL><LI>Max Depth = 576<LI>Call Chain = ip_reass_enqueue_new_datagram &rArr; ip_reass_remove_oldest_datagram &rArr; ip_reass_free_complete_datagram &rArr; icmp_time_exceeded &rArr; icmp_send_response &rArr; ip4_output_if &rArr; ip4_output_if_src &rArr; ip4_frag &rArr; pbuf_alloc &rArr; pbuf_free &rArr; mem_free &rArr; sys_mutex_unlock &rArr; xQueueGiveMutexRecursive &rArr; xQueueGenericSend &rArr; vTaskPlaceOnEventList &rArr; prvAddCurrentTaskToDelayedList &rArr; vListInsert
</UL>
<BR>[Calls]<UL><LI><a href="#[148]">&gt;&gt;</a>&nbsp;&nbsp;&nbsp;memp_malloc
<LI><a href="#[f6]">&gt;&gt;</a>&nbsp;&nbsp;&nbsp;__aeabi_memclr4
<LI><a href="#[130]">&gt;&gt;</a>&nbsp;&nbsp;&nbsp;__aeabi_memcpy
<LI><a href="#[144]">&gt;&gt;</a>&nbsp;&nbsp;&nbsp;ip_reass_remove_oldest_datagram
</UL>
<BR>[Called By]<UL><LI><a href="#[13e]">&gt;&gt;</a>&nbsp;&nbsp;&nbsp;ip4_reass
</UL>

<P><STRONG><a name="[14a]"></a>ip_reass_free_complete_datagram</STRONG> (Thumb, 156 bytes, Stack size 32 bytes, ip4_frag.o(i.ip_reass_free_complete_datagram))
<BR><BR>[Stack]<UL><LI>Max Depth = 520<LI>Call Chain = ip_reass_free_complete_datagram &rArr; icmp_time_exceeded &rArr; icmp_send_response &rArr; ip4_output_if &rArr; ip4_output_if_src &rArr; ip4_frag &rArr; pbuf_alloc &rArr; pbuf_free &rArr; mem_free &rArr; sys_mutex_unlock &rArr; xQueueGiveMutexRecursive &rArr; xQueueGenericSend &rArr; vTaskPlaceOnEventList &rArr; prvAddCurrentTaskToDelayedList &rArr; vListInsert
</UL>
<BR>[Calls]<UL><LI><a href="#[df]">&gt;&gt;</a>&nbsp;&nbsp;&nbsp;pbuf_free
<LI><a href="#[143]">&gt;&gt;</a>&nbsp;&nbsp;&nbsp;pbuf_clen
<LI><a href="#[130]">&gt;&gt;</a>&nbsp;&nbsp;&nbsp;__aeabi_memcpy
<LI><a href="#[147]">&gt;&gt;</a>&nbsp;&nbsp;&nbsp;ip_reass_dequeue_datagram
<LI><a href="#[134]">&gt;&gt;</a>&nbsp;&nbsp;&nbsp;icmp_time_exceeded
</UL>
<BR>[Called By]<UL><LI><a href="#[81]">&gt;&gt;</a>&nbsp;&nbsp;&nbsp;ip_reass_tmr
<LI><a href="#[144]">&gt;&gt;</a>&nbsp;&nbsp;&nbsp;ip_reass_remove_oldest_datagram
</UL>

<P><STRONG><a name="[144]"></a>ip_reass_remove_oldest_datagram</STRONG> (Thumb, 130 bytes, Stack size 40 bytes, ip4_frag.o(i.ip_reass_remove_oldest_datagram))
<BR><BR>[Stack]<UL><LI>Max Depth = 560<LI>Call Chain = ip_reass_remove_oldest_datagram &rArr; ip_reass_free_complete_datagram &rArr; icmp_time_exceeded &rArr; icmp_send_response &rArr; ip4_output_if &rArr; ip4_output_if_src &rArr; ip4_frag &rArr; pbuf_alloc &rArr; pbuf_free &rArr; mem_free &rArr; sys_mutex_unlock &rArr; xQueueGiveMutexRecursive &rArr; xQueueGenericSend &rArr; vTaskPlaceOnEventList &rArr; prvAddCurrentTaskToDelayedList &rArr; vListInsert
</UL>
<BR>[Calls]<UL><LI><a href="#[14a]">&gt;&gt;</a>&nbsp;&nbsp;&nbsp;ip_reass_free_complete_datagram
</UL>
<BR>[Called By]<UL><LI><a href="#[145]">&gt;&gt;</a>&nbsp;&nbsp;&nbsp;ip_reass_enqueue_new_datagram
<LI><a href="#[13e]">&gt;&gt;</a>&nbsp;&nbsp;&nbsp;ip4_reass
</UL>

<P><STRONG><a name="[64]"></a>ipfrag_free_pbuf_custom</STRONG> (Thumb, 32 bytes, Stack size 16 bytes, ip4_frag.o(i.ipfrag_free_pbuf_custom))
<BR><BR>[Stack]<UL><LI>Max Depth = 200<LI>Call Chain = ipfrag_free_pbuf_custom &rArr; pbuf_free &rArr; mem_free &rArr; sys_mutex_unlock &rArr; xQueueGiveMutexRecursive &rArr; xQueueGenericSend &rArr; vTaskPlaceOnEventList &rArr; prvAddCurrentTaskToDelayedList &rArr; vListInsert
</UL>
<BR>[Calls]<UL><LI><a href="#[df]">&gt;&gt;</a>&nbsp;&nbsp;&nbsp;pbuf_free
<LI><a href="#[13b]">&gt;&gt;</a>&nbsp;&nbsp;&nbsp;ip_frag_free_pbuf_custom_ref
</UL>
<BR>[Address Reference Count : 1]<UL><LI> ip4_frag.o(i.ip4_frag)
</UL>
<P><STRONG><a name="[9f]"></a>_fp_digits</STRONG> (Thumb, 366 bytes, Stack size 64 bytes, printfa.o(i._fp_digits), UNUSED)
<BR><BR>[Calls]<UL><LI><a href="#[8b]">&gt;&gt;</a>&nbsp;&nbsp;&nbsp;__aeabi_uldivmod
<LI><a href="#[94]">&gt;&gt;</a>&nbsp;&nbsp;&nbsp;__aeabi_dmul
<LI><a href="#[95]">&gt;&gt;</a>&nbsp;&nbsp;&nbsp;__aeabi_ddiv
<LI><a href="#[8e]">&gt;&gt;</a>&nbsp;&nbsp;&nbsp;__aeabi_dadd
<LI><a href="#[96]">&gt;&gt;</a>&nbsp;&nbsp;&nbsp;__aeabi_d2ulz
<LI><a href="#[a0]">&gt;&gt;</a>&nbsp;&nbsp;&nbsp;__aeabi_cdrcmple
</UL>
<BR>[Called By]<UL><LI><a href="#[9e]">&gt;&gt;</a>&nbsp;&nbsp;&nbsp;_printf_core
</UL>

<P><STRONG><a name="[9e]"></a>_printf_core</STRONG> (Thumb, 1744 bytes, Stack size 136 bytes, printfa.o(i._printf_core), UNUSED)
<BR><BR>[Calls]<UL><LI><a href="#[8b]">&gt;&gt;</a>&nbsp;&nbsp;&nbsp;__aeabi_uldivmod
<LI><a href="#[a3]">&gt;&gt;</a>&nbsp;&nbsp;&nbsp;__aeabi_uidivmod
<LI><a href="#[a1]">&gt;&gt;</a>&nbsp;&nbsp;&nbsp;_printf_pre_padding
<LI><a href="#[a2]">&gt;&gt;</a>&nbsp;&nbsp;&nbsp;_printf_post_padding
<LI><a href="#[9f]">&gt;&gt;</a>&nbsp;&nbsp;&nbsp;_fp_digits
</UL>
<BR>[Called By]<UL><LI><a href="#[9d]">&gt;&gt;</a>&nbsp;&nbsp;&nbsp;__0printf
</UL>

<P><STRONG><a name="[a2]"></a>_printf_post_padding</STRONG> (Thumb, 36 bytes, Stack size 24 bytes, printfa.o(i._printf_post_padding), UNUSED)
<BR><BR>[Called By]<UL><LI><a href="#[9e]">&gt;&gt;</a>&nbsp;&nbsp;&nbsp;_printf_core
</UL>

<P><STRONG><a name="[a1]"></a>_printf_pre_padding</STRONG> (Thumb, 46 bytes, Stack size 24 bytes, printfa.o(i._printf_pre_padding), UNUSED)
<BR><BR>[Called By]<UL><LI><a href="#[9e]">&gt;&gt;</a>&nbsp;&nbsp;&nbsp;_printf_core
</UL>
<P>
<H3>
Undefined Global Symbols
</H3><HR></body></html>
