Component: ARM Compiler 5.06 update 4 (build 422) Tool: armlink [4d35d2]

==============================================================================

Section Cross References

    startup_gd32f407.o(RESET) refers to startup_gd32f407.o(STACK) for __initial_sp
    startup_gd32f407.o(RESET) refers to startup_gd32f407.o(.text) for Reset_Handler
    startup_gd32f407.o(RESET) refers to gd32f4xx_it.o(i.NMI_Handler) for NMI_Handler
    startup_gd32f407.o(RESET) refers to gd32f4xx_it.o(i.HardFault_Handler) for HardFault_Handler
    startup_gd32f407.o(RESET) refers to gd32f4xx_it.o(i.MemManage_Handler) for MemManage_Handler
    startup_gd32f407.o(RESET) refers to gd32f4xx_it.o(i.BusFault_Handler) for BusFault_Handler
    startup_gd32f407.o(RESET) refers to gd32f4xx_it.o(i.UsageFault_Handler) for UsageFault_Handler
    startup_gd32f407.o(RESET) refers to port.o(.emb_text) for SVC_Handler
    startup_gd32f407.o(RESET) refers to gd32f4xx_it.o(i.DebugMon_Handler) for DebugMon_Handler
    startup_gd32f407.o(RESET) refers to port.o(i.SysTick_Handler) for SysTick_Handler
    startup_gd32f407.o(RESET) refers to md_lwip.o(i.ENET_IRQHandler) for ENET_IRQHandler
    startup_gd32f407.o(.text) refers to system_gd32f4xx.o(i.SystemInit) for SystemInit
    startup_gd32f407.o(.text) refers to entry.o(.ARM.Collect$$$$00000000) for __main
    main.o(i.main) refers to md_app.o(i.bsp_init) for bsp_init
    main.o(i.main) refers to md_app.o(i.module_init) for module_init
    main.o(i.main) refers to tasks.o(i.vTaskStartScheduler) for vTaskStartScheduler
    system_gd32f4xx.o(i.SystemCoreClockUpdate) refers to system_gd32f4xx.o(.data) for SystemCoreClock
    system_gd32f4xx.o(i.SystemInit) refers to system_gd32f4xx.o(i.system_clock_config) for system_clock_config
    system_gd32f4xx.o(i.system_clock_config) refers to system_gd32f4xx.o(i.system_clock_168m_8m_hxtal) for system_clock_168m_8m_hxtal
    gd32f4xx_adc.o(i.adc_deinit) refers to gd32f4xx_rcu.o(i.rcu_periph_reset_enable) for rcu_periph_reset_enable
    gd32f4xx_adc.o(i.adc_deinit) refers to gd32f4xx_rcu.o(i.rcu_periph_reset_disable) for rcu_periph_reset_disable
    gd32f4xx_can.o(i.can_debug_freeze_disable) refers to gd32f4xx_dbg.o(i.dbg_periph_disable) for dbg_periph_disable
    gd32f4xx_can.o(i.can_debug_freeze_enable) refers to gd32f4xx_dbg.o(i.dbg_periph_enable) for dbg_periph_enable
    gd32f4xx_can.o(i.can_deinit) refers to gd32f4xx_rcu.o(i.rcu_periph_reset_enable) for rcu_periph_reset_enable
    gd32f4xx_can.o(i.can_deinit) refers to gd32f4xx_rcu.o(i.rcu_periph_reset_disable) for rcu_periph_reset_disable
    gd32f4xx_can.o(i.can_interrupt_flag_get) refers to gd32f4xx_can.o(i.can_receive_message_length_get) for can_receive_message_length_get
    gd32f4xx_can.o(i.can_interrupt_flag_get) refers to gd32f4xx_can.o(i.can_error_get) for can_error_get
    gd32f4xx_ctc.o(i.ctc_deinit) refers to gd32f4xx_rcu.o(i.rcu_periph_reset_enable) for rcu_periph_reset_enable
    gd32f4xx_ctc.o(i.ctc_deinit) refers to gd32f4xx_rcu.o(i.rcu_periph_reset_disable) for rcu_periph_reset_disable
    gd32f4xx_dac.o(i.dac_deinit) refers to gd32f4xx_rcu.o(i.rcu_periph_reset_enable) for rcu_periph_reset_enable
    gd32f4xx_dac.o(i.dac_deinit) refers to gd32f4xx_rcu.o(i.rcu_periph_reset_disable) for rcu_periph_reset_disable
    gd32f4xx_dci.o(i.dci_deinit) refers to gd32f4xx_rcu.o(i.rcu_periph_reset_enable) for rcu_periph_reset_enable
    gd32f4xx_dci.o(i.dci_deinit) refers to gd32f4xx_rcu.o(i.rcu_periph_reset_disable) for rcu_periph_reset_disable
    gd32f4xx_enet.o(i.enet_deinit) refers to gd32f4xx_rcu.o(i.rcu_periph_reset_enable) for rcu_periph_reset_enable
    gd32f4xx_enet.o(i.enet_deinit) refers to gd32f4xx_rcu.o(i.rcu_periph_reset_disable) for rcu_periph_reset_disable
    gd32f4xx_enet.o(i.enet_deinit) refers to gd32f4xx_enet.o(i.enet_initpara_reset) for enet_initpara_reset
    gd32f4xx_enet.o(i.enet_descriptors_chain_init) refers to gd32f4xx_enet.o(.bss) for txdesc_tab
    gd32f4xx_enet.o(i.enet_descriptors_chain_init) refers to gd32f4xx_enet.o(.data) for dma_current_txdesc
    gd32f4xx_enet.o(i.enet_descriptors_ring_init) refers to gd32f4xx_enet.o(.bss) for txdesc_tab
    gd32f4xx_enet.o(i.enet_descriptors_ring_init) refers to gd32f4xx_enet.o(.data) for dma_current_txdesc
    gd32f4xx_enet.o(i.enet_disable) refers to gd32f4xx_enet.o(i.enet_tx_disable) for enet_tx_disable
    gd32f4xx_enet.o(i.enet_disable) refers to gd32f4xx_enet.o(i.enet_rx_disable) for enet_rx_disable
    gd32f4xx_enet.o(i.enet_enable) refers to gd32f4xx_enet.o(i.enet_tx_enable) for enet_tx_enable
    gd32f4xx_enet.o(i.enet_enable) refers to gd32f4xx_enet.o(i.enet_rx_enable) for enet_rx_enable
    gd32f4xx_enet.o(i.enet_frame_receive) refers to gd32f4xx_enet.o(.data) for dma_current_rxdesc
    gd32f4xx_enet.o(i.enet_frame_transmit) refers to gd32f4xx_enet.o(.data) for dma_current_txdesc
    gd32f4xx_enet.o(i.enet_init) refers to gd32f4xx_enet.o(i.enet_phy_config) for enet_phy_config
[...]
    dhcp_coarse_tmr                          0x08001f8d   Thumb Code   114  dhcp.o(i.dhcp_coarse_tmr)
    dhcp_fine_tmr                            0x0800236d   Thumb Code    56  dhcp.o(i.dhcp_fine_tmr)
    dhcp_network_changed                     0x0800250d   Thumb Code    78  dhcp.o(i.dhcp_network_changed)
    dhcp_release_and_stop                    0x08002ccd   Thumb Code   214  dhcp.o(i.dhcp_release_and_stop)
    dhcp_renew                               0x08002dad   Thumb Code   248  dhcp.o(i.dhcp_renew)
    dhcp_start                               0x08003089   Thumb Code   200  dhcp.o(i.dhcp_start)
    dhcp_supplied_address                    0x08003185   Thumb Code    40  dhcp.o(i.dhcp_supplied_address)
    enet_deinit                              0x080033a1   Thumb Code    24  gd32f4xx_enet.o(i.enet_deinit)
    enet_desc_information_get                0x080033d1   Thumb Code    96  gd32f4xx_enet.o(i.enet_desc_information_get)
    enet_descriptors_chain_init              0x08003435   Thumb Code   162  gd32f4xx_enet.o(i.enet_descriptors_chain_init)
    enet_enable                              0x080034fd   Thumb Code    12  gd32f4xx_enet.o(i.enet_enable)
    enet_frame_receive                       0x08003509   Thumb Code   236  gd32f4xx_enet.o(i.enet_frame_receive)
    enet_frame_transmit                      0x08003601   Thumb Code   196  gd32f4xx_enet.o(i.enet_frame_transmit)
    enet_init                                0x0800389d   Thumb Code   822  gd32f4xx_enet.o(i.enet_init)
    enet_initpara_reset                      0x08003c01   Thumb Code    36  gd32f4xx_enet.o(i.enet_initpara_reset)
    enet_interrupt_enable                    0x08003c29   Thumb Code    66  gd32f4xx_enet.o(i.enet_interrupt_enable)
    enet_interrupt_flag_clear                0x08003c71   Thumb Code    18  gd32f4xx_enet.o(i.enet_interrupt_flag_clear)
    enet_interrupt_flag_get                  0x08003c89   Thumb Code    30  gd32f4xx_enet.o(i.enet_interrupt_flag_get)
    enet_mac_address_set                     0x08003cad   Thumb Code    42  gd32f4xx_enet.o(i.enet_mac_address_set)
    enet_phy_config                          0x08003d1d   Thumb Code   184  gd32f4xx_enet.o(i.enet_phy_config)
    enet_phy_write_read                      0x08003df5   Thumb Code   148  gd32f4xx_enet.o(i.enet_phy_write_read)
    enet_rx_desc_immediate_receive_complete_interrupt 0x08003e91   Thumb Code    10  gd32f4xx_enet.o(i.enet_rx_desc_immediate_receive_complete_interrupt)
    enet_rx_enable                           0x08003e9d   Thumb Code    26  gd32f4xx_enet.o(i.enet_rx_enable)
    enet_software_reset                      0x08003ec1   Thumb Code    52  gd32f4xx_enet.o(i.enet_software_reset)
    enet_system_setup                        0x08003efd   Thumb Code    36  bsp_enet.o(i.enet_system_setup)
    enet_transmit_checksum_config            0x08003f29   Thumb Code    16  gd32f4xx_enet.o(i.enet_transmit_checksum_config)
    enet_tx_enable                           0x08003f39   Thumb Code    32  gd32f4xx_enet.o(i.enet_tx_enable)
    enet_txfifo_flush                        0x08003f61   Thumb Code    44  gd32f4xx_enet.o(i.enet_txfifo_flush)
    err_to_errno                             0x08004085   Thumb Code    26  err.o(i.err_to_errno)
    etharp_input                             0x080042b1   Thumb Code   226  etharp.o(i.etharp_input)
    etharp_output                            0x080043a5   Thumb Code   328  etharp.o(i.etharp_output)
    etharp_query                             0x080045b1   Thumb Code   422  etharp.o(i.etharp_query)
    etharp_request                           0x08004805   Thumb Code    22  etharp.o(i.etharp_request)
    etharp_tmr                               0x0800484d   Thumb Code   222  etharp.o(i.etharp_tmr)
    ethernet_input                           0x080049fd   Thumb Code   210  ethernet.o(i.ethernet_input)
    ethernet_output                          0x08004ad5   Thumb Code    94  ethernet.o(i.ethernet_output)
    ethernetif_init                          0x08004b35   Thumb Code    38  ethernetif.o(i.ethernetif_init)
    ethernetif_input                         0x08004b65   Thumb Code    70  ethernetif.o(i.ethernetif_input)
    fputc                                    0x08004ca9   Thumb Code    32  bsp_uart.o(i.fputc)
    gpio_af_set                              0x08004d6d   Thumb Code    94  gd32f4xx_gpio.o(i.gpio_af_set)
    gpio_bit_reset                           0x08004dcb   Thumb Code     4  gd32f4xx_gpio.o(i.gpio_bit_reset)
    gpio_bit_set                             0x08004dcf   Thumb Code     4  gd32f4xx_gpio.o(i.gpio_bit_set)
    gpio_mode_set                            0x08004dd3   Thumb Code    78  gd32f4xx_gpio.o(i.gpio_mode_set)
    gpio_output_options_set                  0x08004e21   Thumb Code    66  gd32f4xx_gpio.o(i.gpio_output_options_set)
    icmp_dest_unreach                        0x08004e63   Thumb Code    18  icmp.o(i.icmp_dest_unreach)
    icmp_input                               0x08004e75   Thumb Code   468  icmp.o(i.icmp_input)
    icmp_time_exceeded                       0x080050ed   Thumb Code    18  icmp.o(i.icmp_time_exceeded)
    inet_chksum_pbuf                         0x080050ff   Thumb Code    86  inet_chksum.o(i.inet_chksum_pbuf)
    init_task                                0x08005155   Thumb Code    42  md_app.o(i.init_task)
    ip4_addr_isbroadcast_u32                 0x08005189   Thumb Code    78  ip4_addr.o(i.ip4_addr_isbroadcast_u32)
    ip4_frag                                 0x080051d9   Thumb Code   478  ip4_frag.o(i.ip4_frag)
    ip4_input                                0x080053d9   Thumb Code   512  ip4.o(i.ip4_input)
    ip4_output_if                            0x0800561d   Thumb Code    54  ip4.o(i.ip4_output_if)
    ip4_output_if_src                        0x08005655   Thumb Code   218  ip4.o(i.ip4_output_if_src)
    ip4_reass                                0x08005739   Thumb Code   536  ip4_frag.o(i.ip4_reass)
    ip4_route                                0x08005959   Thumb Code   144  ip4.o(i.ip4_route)
    ip_reass_tmr                             0x08005d4d   Thumb Code    56  ip4_frag.o(i.ip_reass_tmr)
    lwip_bind                                0x08005fbd   Thumb Code   192  sockets.o(i.lwip_bind)
    lwip_close                               0x0800609d   Thumb Code   116  sockets.o(i.lwip_close)
    lwip_connect                             0x08006115   Thumb Code   218  sockets.o(i.lwip_connect)
    lwip_htonl                               0x08006265   Thumb Code    26  def.o(i.lwip_htonl)
    lwip_htons                               0x0800627f   Thumb Code    12  def.o(i.lwip_htons)
    lwip_init                                0x0800628b   Thumb Code    42  init.o(i.lwip_init)
    lwip_netconn_do_bind                     0x080062b5   Thumb Code    76  api_msg.o(i.lwip_netconn_do_bind)
    lwip_netconn_do_connect                  0x080064a5   Thumb Code   250  api_msg.o(i.lwip_netconn_do_connect)
    lwip_netconn_do_delconn                  0x08006649   Thumb Code   210  api_msg.o(i.lwip_netconn_do_delconn)
    lwip_netconn_do_disconnect               0x08006721   Thumb Code    38  api_msg.o(i.lwip_netconn_do_disconnect)
    lwip_netconn_do_newconn                  0x08006747   Thumb Code    24  api_msg.o(i.lwip_netconn_do_newconn)
    lwip_netconn_do_send                     0x0800675f   Thumb Code   100  api_msg.o(i.lwip_netconn_do_send)
    lwip_netconn_do_write                    0x080067c5   Thumb Code   124  api_msg.o(i.lwip_netconn_do_write)
    lwip_netconn_is_err_msg                  0x08006a95   Thumb Code    52  api_msg.o(i.lwip_netconn_is_err_msg)
    lwip_send                                0x08006b1d   Thumb Code   164  sockets.o(i.lwip_send)
    lwip_sendto                              0x08006bc5   Thumb Code   292  sockets.o(i.lwip_sendto)
    lwip_socket                              0x08006d0d   Thumb Code   182  sockets.o(i.lwip_socket)
    lwip_stack_init                          0x08006dcd   Thumb Code    72  md_lwip.o(i.lwip_stack_init)
    lwip_standard_chksum                     0x08006e29   Thumb Code    94  inet_chksum.o(i.lwip_standard_chksum)
    main                                     0x08006e87   Thumb Code    16  main.o(i.main)
    mem_free                                 0x08006e99   Thumb Code   208  mem.o(i.mem_free)
    mem_init                                 0x08006f79   Thumb Code    88  mem.o(i.mem_init)
    mem_malloc                               0x0800703d   Thumb Code   278  mem.o(i.mem_malloc)
    mem_trim                                 0x08007171   Thumb Code   304  mem.o(i.mem_trim)
    memp_free                                0x080072b1   Thumb Code    46  memp.o(i.memp_free)
    memp_init                                0x08007301   Thumb Code    26  memp.o(i.memp_init)
    memp_init_pool                           0x08007321   Thumb Code    44  memp.o(i.memp_init_pool)
    memp_malloc                              0x0800734d   Thumb Code    42  memp.o(i.memp_malloc)
    module_init                              0x0800739d   Thumb Code     8  md_app.o(i.module_init)
    netbuf_delete                            0x080073a5   Thumb Code    32  netbuf.o(i.netbuf_delete)
    netbuf_free                              0x080073c5   Thumb Code    42  netbuf.o(i.netbuf_free)
    netbuf_ref                               0x0800740d   Thumb Code    84  netbuf.o(i.netbuf_ref)
    netconn_alloc                            0x08007479   Thumb Code   138  api_msg.o(i.netconn_alloc)
    netconn_bind                             0x08007529   Thumb Code    60  api_lib.o(i.netconn_bind)
    netconn_connect                          0x08007589   Thumb Code    60  api_lib.o(i.netconn_connect)
    netconn_delete                           0x080075ed   Thumb Code    30  api_lib.o(i.netconn_delete)
    netconn_disconnect                       0x0800760d   Thumb Code    46  api_lib.o(i.netconn_disconnect)
    netconn_err                              0x08007707   Thumb Code    34  api_lib.o(i.netconn_err)
    netconn_free                             0x08007729   Thumb Code    38  api_msg.o(i.netconn_free)
    netconn_new_with_proto_and_callback      0x08007751   Thumb Code   100  api_lib.o(i.netconn_new_with_proto_and_callback)
    netconn_prepare_delete                   0x080077b9   Thumb Code    42  api_lib.o(i.netconn_prepare_delete)
    netconn_send                             0x080077e9   Thumb Code    54  api_lib.o(i.netconn_send)
    netconn_write_partly                     0x08007841   Thumb Code    40  api_lib.o(i.netconn_write_partly)
    netconn_write_vectors_partly             0x08007869   Thumb Code   242  api_lib.o(i.netconn_write_vectors_partly)
    netif_add                                0x080079a1   Thumb Code   280  netif.o(i.netif_add)
    netif_get_by_index                       0x08007bc5   Thumb Code    36  netif.o(i.netif_get_by_index)
    netif_init                               0x08007bed   Thumb Code     2  netif.o(i.netif_init)
    netif_set_addr                           0x08007c39   Thumb Code    92  netif.o(i.netif_set_addr)
    netif_set_default                        0x08007c99   Thumb Code    10  netif.o(i.netif_set_default)
    netif_set_link_up                        0x08007ca9   Thumb Code    66  netif.o(i.netif_set_link_up)
    netif_set_up                             0x08007d11   Thumb Code    60  netif.o(i.netif_set_up)
    nvic_configuration                       0x08007d69   Thumb Code   112  bsp_sys.o(i.nvic_configuration)
    nvic_irq_enable                          0x08007dd9   Thumb Code   186  gd32f4xx_misc.o(i.nvic_irq_enable)
    nvic_priority_group_set                  0x08007e9d   Thumb Code    10  gd32f4xx_misc.o(i.nvic_priority_group_set)
    pbuf_add_header                          0x08007eb1   Thumb Code    18  pbuf.o(i.pbuf_add_header)
    pbuf_alloc                               0x08007f2d   Thumb Code   308  pbuf.o(i.pbuf_alloc)
    pbuf_alloc_reference                     0x08008061   Thumb Code    56  pbuf.o(i.pbuf_alloc_reference)
    pbuf_alloced_custom                      0x08008099   Thumb Code    90  pbuf.o(i.pbuf_alloced_custom)
    pbuf_cat                                 0x080080f5   Thumb Code    68  pbuf.o(i.pbuf_cat)
    pbuf_chain                               0x08008171   Thumb Code    26  pbuf.o(i.pbuf_chain)
    pbuf_clen                                0x0800818b   Thumb Code    18  pbuf.o(i.pbuf_clen)
    pbuf_clone                               0x0800819d   Thumb Code    48  pbuf.o(i.pbuf_clone)
    pbuf_copy                                0x080081cd   Thumb Code    46  pbuf.o(i.pbuf_copy)
    pbuf_copy_partial                        0x08008219   Thumb Code   148  pbuf.o(i.pbuf_copy_partial)
    pbuf_copy_partial_pbuf                   0x080082f1   Thumb Code   312  pbuf.o(i.pbuf_copy_partial_pbuf)
    pbuf_free                                0x080084e5   Thumb Code   166  pbuf.o(i.pbuf_free)
    pbuf_header_force                        0x0800858b   Thumb Code    18  pbuf.o(i.pbuf_header_force)
    pbuf_realloc                             0x080085dd   Thumb Code   128  pbuf.o(i.pbuf_realloc)
    pbuf_ref                                 0x0800865d   Thumb Code    34  pbuf.o(i.pbuf_ref)
    pbuf_remove_header                       0x08008681   Thumb Code    86  pbuf.o(i.pbuf_remove_header)
    pvPortMalloc                             0x08009295   Thumb Code   338  heap_4.o(i.pvPortMalloc)
    pvTaskIncrementMutexHeldCount            0x08009401   Thumb Code    26  tasks.o(i.pvTaskIncrementMutexHeldCount)
    pxPortInitialiseStack                    0x08009421   Thumb Code    38  port.o(i.pxPortInitialiseStack)
    rcu_ckout0_config                        0x0800944d   Thumb Code    22  gd32f4xx_rcu.o(i.rcu_ckout0_config)
    rcu_clock_freq_get                       0x08009469   Thumb Code   264  gd32f4xx_rcu.o(i.rcu_clock_freq_get)
    rcu_periph_clock_enable                  0x0800958d   Thumb Code    32  gd32f4xx_rcu.o(i.rcu_periph_clock_enable)
    rcu_periph_reset_disable                 0x080095b1   Thumb Code    32  gd32f4xx_rcu.o(i.rcu_periph_reset_disable)
    rcu_periph_reset_enable                  0x080095d5   Thumb Code    32  gd32f4xx_rcu.o(i.rcu_periph_reset_enable)
    sys_arch_mbox_fetch                      0x080098c5   Thumb Code    78  sys_arch.o(i.sys_arch_mbox_fetch)
    sys_arch_mbox_tryfetch                   0x08009913   Thumb Code    48  sys_arch.o(i.sys_arch_mbox_tryfetch)
    sys_arch_protect                         0x08009943   Thumb Code    10  sys_arch.o(i.sys_arch_protect)
    sys_arch_sem_wait                        0x0800994d   Thumb Code    66  sys_arch.o(i.sys_arch_sem_wait)
    sys_arch_unprotect                       0x0800998f   Thumb Code    10  sys_arch.o(i.sys_arch_unprotect)
    sys_check_timeouts                       0x08009999   Thumb Code    74  timeouts.o(i.sys_check_timeouts)
    sys_init                                 0x080099ed   Thumb Code     2  sys_arch.o(i.sys_init)
    sys_mbox_free                            0x080099ef   Thumb Code    20  sys_arch.o(i.sys_mbox_free)
    sys_mbox_new                             0x08009a03   Thumb Code    40  sys_arch.o(i.sys_mbox_new)
    sys_mbox_trypost                         0x08009a2b   Thumb Code    44  sys_arch.o(i.sys_mbox_trypost)
    sys_mutex_lock                           0x08009a57   Thumb Code    30  sys_arch.o(i.sys_mutex_lock)
    sys_mutex_new                            0x08009a75   Thumb Code    30  sys_arch.o(i.sys_mutex_new)
    sys_mutex_unlock                         0x08009a93   Thumb Code    26  sys_arch.o(i.sys_mutex_unlock)
    sys_now                                  0x08009aad   Thumb Code     8  sys_arch.o(i.sys_now)
    sys_sem_free                             0x08009ab5   Thumb Code    24  sys_arch.o(i.sys_sem_free)
    sys_sem_new                              0x08009acd   Thumb Code    64  sys_arch.o(i.sys_sem_new)
    sys_sem_signal                           0x08009b0d   Thumb Code    32  sys_arch.o(i.sys_sem_signal)
    sys_thread_new                           0x08009b2d   Thumb Code    62  sys_arch.o(i.sys_thread_new)
    sys_timeout                              0x08009b6b   Thumb Code    34  timeouts.o(i.sys_timeout)
    sys_timeouts_init                        0x08009c1d   Thumb Code    30  timeouts.o(i.sys_timeouts_init)
    sys_timeouts_sleeptime                   0x08009c45   Thumb Code    62  timeouts.o(i.sys_timeouts_sleeptime)
    syscfg_enet_phy_interface_config         0x08009c89   Thumb Code    18  gd32f4xx_syscfg.o(i.syscfg_enet_phy_interface_config)
    tcp_abandon                              0x08009da5   Thumb Code   244  tcp.o(i.tcp_abandon)
    tcp_abort                                0x08009ec5   Thumb Code    14  tcp.o(i.tcp_abort)
    tcp_accept                               0x08009ed3   Thumb Code    16  tcp.o(i.tcp_accept)
    tcp_alloc                                0x08009ee5   Thumb Code   186  tcp.o(i.tcp_alloc)
    tcp_arg                                  0x08009fb1   Thumb Code     6  tcp.o(i.tcp_arg)
    tcp_bind                                 0x08009fb9   Thumb Code   188  tcp.o(i.tcp_bind)
    tcp_client_task                          0x0800a0c1   Thumb Code   210  md_app.o(i.tcp_client_task)
    tcp_close                                0x0800a19d   Thumb Code    58  tcp.o(i.tcp_close)
    tcp_connect                              0x0800a3a9   Thumb Code   376  tcp.o(i.tcp_connect)
    tcp_eff_send_mss_netif                   0x0800a67b   Thumb Code    52  tcp.o(i.tcp_eff_send_mss_netif)
    tcp_enqueue_flags                        0x0800a6af   Thumb Code   276  tcp_out.o(i.tcp_enqueue_flags)
    tcp_err                                  0x0800a7c3   Thumb Code    12  tcp.o(i.tcp_err)
    tcp_fasttmr                              0x0800a7d1   Thumb Code   150  tcp.o(i.tcp_fasttmr)
    tcp_free                                 0x0800a875   Thumb Code    18  tcp.o(i.tcp_free)
    tcp_init                                 0x0800a9ad   Thumb Code     2  tcp.o(i.tcp_init)
    tcp_input                                0x0800a9b1   Thumb Code  1360  tcp_in.o(i.tcp_input)
    tcp_keepalive                            0x0800af75   Thumb Code    98  tcp_out.o(i.tcp_keepalive)
    tcp_netif_ip_addr_changed                0x0800b26d   Thumb Code    64  tcp.o(i.tcp_netif_ip_addr_changed)
    tcp_new_ip_type                          0x0800b2eb   Thumb Code    16  tcp.o(i.tcp_new_ip_type)
    tcp_next_iss                             0x0800b365   Thumb Code    26  tcp.o(i.tcp_next_iss)
    tcp_output                               0x0800b389   Thumb Code   630  tcp_out.o(i.tcp_output)
    tcp_pcb_purge                            0x0800b971   Thumb Code   108  tcp.o(i.tcp_pcb_purge)
    tcp_pcb_remove                           0x0800b9f9   Thumb Code   132  tcp.o(i.tcp_pcb_remove)
    tcp_poll                                 0x0800ba7d   Thumb Code    40  tcp.o(i.tcp_poll)
    tcp_process_refused_data                 0x0800c0c1   Thumb Code   180  tcp.o(i.tcp_process_refused_data)
    tcp_recv                                 0x0800c7a5   Thumb Code    12  tcp.o(i.tcp_recv)
    tcp_recv_null                            0x0800c7b1   Thumb Code    68  tcp.o(i.tcp_recv_null)
    tcp_recved                               0x0800c811   Thumb Code   108  tcp.o(i.tcp_recved)
    tcp_rexmit                               0x0800c8b1   Thumb Code   124  tcp_out.o(i.tcp_rexmit)
    tcp_rexmit_fast                          0x0800c92d   Thumb Code   128  tcp_out.o(i.tcp_rexmit_fast)
    tcp_rexmit_rto                           0x0800c9ad   Thumb Code    24  tcp_out.o(i.tcp_rexmit_rto)
    tcp_rexmit_rto_commit                    0x0800c9c5   Thumb Code    34  tcp_out.o(i.tcp_rexmit_rto_commit)
    tcp_rexmit_rto_prepare                   0x0800c9e7   Thumb Code   146  tcp_out.o(i.tcp_rexmit_rto_prepare)
    tcp_rst                                  0x0800ca97   Thumb Code   110  tcp_out.o(i.tcp_rst)
    tcp_seg_free                             0x0800cb05   Thumb Code    26  tcp.o(i.tcp_seg_free)
    tcp_segs_free                            0x0800cb1f   Thumb Code    24  tcp.o(i.tcp_segs_free)
    tcp_send_empty_ack                       0x0800cb37   Thumb Code   180  tcp_out.o(i.tcp_send_empty_ack)
    tcp_send_fin                             0x0800cbeb   Thumb Code    82  tcp_out.o(i.tcp_send_fin)
    tcp_sent                                 0x0800cc3d   Thumb Code    10  tcp.o(i.tcp_sent)
    tcp_shutdown                             0x0800cc49   Thumb Code   124  tcp.o(i.tcp_shutdown)
    tcp_slowtmr                              0x0800cce1   Thumb Code  1040  tcp.o(i.tcp_slowtmr)
    tcp_split_unsent_seg                     0x0800d0f1   Thumb Code   438  tcp_out.o(i.tcp_split_unsent_seg)
    tcp_timer_needed                         0x0800d2a9   Thumb Code    38  timeouts.o(i.tcp_timer_needed)
    tcp_tmr                                  0x0800d391   Thumb Code    30  tcp.o(i.tcp_tmr)
    tcp_trigger_input_pcb_close              0x0800d3b5   Thumb Code    14  tcp_in.o(i.tcp_trigger_input_pcb_close)
    tcp_update_rcv_ann_wnd                   0x0800d3c9   Thumb Code    82  tcp.o(i.tcp_update_rcv_ann_wnd)
    tcp_write                                0x0800d41d   Thumb Code  1292  tcp_out.o(i.tcp_write)
    tcp_zero_window_probe                    0x0800d9a9   Thumb Code   238  tcp_out.o(i.tcp_zero_window_probe)
    tcpip_init                               0x0800da99   Thumb Code    66  tcpip.o(i.tcpip_init)
    tcpip_inpkt                              0x0800daf9   Thumb Code    70  tcpip.o(i.tcpip_inpkt)
    tcpip_input                              0x0800db45   Thumb Code    40  tcpip.o(i.tcpip_input)
    tcpip_send_msg_wait_sem                  0x0800db75   Thumb Code    28  tcpip.o(i.tcpip_send_msg_wait_sem)
    udp_bind                                 0x0800dd21   Thumb Code   198  udp.o(i.udp_bind)
    udp_connect                              0x0800de09   Thumb Code   150  udp.o(i.udp_connect)
    udp_disconnect                           0x0800dedd   Thumb Code    46  udp.o(i.udp_disconnect)
    udp_init                                 0x0800df29   Thumb Code     2  udp.o(i.udp_init)
    udp_input                                0x0800df2d   Thumb Code   408  udp.o(i.udp_input)
    udp_netif_ip_addr_changed                0x0800e135   Thumb Code    42  udp.o(i.udp_netif_ip_addr_changed)
    udp_new                                  0x0800e165   Thumb Code    28  udp.o(i.udp_new)
    udp_new_ip_type                          0x0800e181   Thumb Code    14  udp.o(i.udp_new_ip_type)
    udp_recv                                 0x0800e1e9   Thumb Code    34  udp.o(i.udp_recv)
    udp_remove                               0x0800e225   Thumb Code    84  udp.o(i.udp_remove)
    udp_send                                 0x0800e295   Thumb Code    64  udp.o(i.udp_send)
    udp_sendto                               0x0800e305   Thumb Code   142  udp.o(i.udp_sendto)
    udp_sendto_if                            0x0800e3e5   Thumb Code   162  udp.o(i.udp_sendto_if)
    udp_sendto_if_src                        0x0800e501   Thumb Code   346  udp.o(i.udp_sendto_if_src)
    usart_baudrate_set                       0x0800e709   Thumb Code   224  gd32f4xx_usart.o(i.usart_baudrate_set)
    usart_data_transmit                      0x0800e7f1   Thumb Code     8  gd32f4xx_usart.o(i.usart_data_transmit)
    usart_deinit                             0x0800e7f9   Thumb Code   210  gd32f4xx_usart.o(i.usart_deinit)
    usart_enable                             0x0800e8d5   Thumb Code    10  gd32f4xx_usart.o(i.usart_enable)
    usart_flag_get                           0x0800e8df   Thumb Code    30  gd32f4xx_usart.o(i.usart_flag_get)
    usart_interrupt_enable                   0x0800e8fd   Thumb Code    26  gd32f4xx_usart.o(i.usart_interrupt_enable)
    usart_parity_config                      0x0800e917   Thumb Code    16  gd32f4xx_usart.o(i.usart_parity_config)
    usart_receive_config                     0x0800e927   Thumb Code    16  gd32f4xx_usart.o(i.usart_receive_config)
    usart_stop_bit_set                       0x0800e937   Thumb Code    16  gd32f4xx_usart.o(i.usart_stop_bit_set)
    usart_transmit_config                    0x0800e947   Thumb Code    16  gd32f4xx_usart.o(i.usart_transmit_config)
    usart_word_length_set                    0x0800e957   Thumb Code    16  gd32f4xx_usart.o(i.usart_word_length_set)
    uxListRemove                             0x0800e967   Thumb Code    40  list.o(i.uxListRemove)
    vListInitialise                          0x0800e98f   Thumb Code    26  list.o(i.vListInitialise)
    vListInitialiseItem                      0x0800e9a9   Thumb Code     6  list.o(i.vListInitialiseItem)
    vListInsert                              0x0800e9af   Thumb Code    52  list.o(i.vListInsert)
    vListInsertEnd                           0x0800e9e3   Thumb Code    24  list.o(i.vListInsertEnd)
    vPortEnterCritical                       0x0800e9fd   Thumb Code    76  port.o(i.vPortEnterCritical)
    vPortExitCritical                        0x0800ea51   Thumb Code    56  port.o(i.vPortExitCritical)
    vPortFree                                0x0800ea8d   Thumb Code   150  heap_4.o(i.vPortFree)
    vPortSetupTimerInterrupt                 0x0800eb31   Thumb Code    36  port.o(i.vPortSetupTimerInterrupt)
    vPortValidateInterruptPriority           0x0800eb59   Thumb Code   106  port.o(i.vPortValidateInterruptPriority)
    vQueueAddToRegistry                      0x0800ebd1   Thumb Code    90  queue.o(i.vQueueAddToRegistry)
    vQueueDelete                             0x0800ec31   Thumb Code    44  queue.o(i.vQueueDelete)
    vQueueUnregisterQueue                    0x0800ec5d   Thumb Code    68  queue.o(i.vQueueUnregisterQueue)
    vQueueWaitForMessageRestricted           0x0800eca5   Thumb Code    74  queue.o(i.vQueueWaitForMessageRestricted)
    vTaskDelay                               0x0800ecf1   Thumb Code    82  tasks.o(i.vTaskDelay)
    vTaskDelete                              0x0800ed4d   Thumb Code   210  tasks.o(i.vTaskDelete)
    vTaskInternalSetTimeOutState             0x0800ee49   Thumb Code    14  tasks.o(i.vTaskInternalSetTimeOutState)
    vTaskMissedYield                         0x0800ee61   Thumb Code     8  tasks.o(i.vTaskMissedYield)
    vTaskPlaceOnEventList                    0x0800ee6d   Thumb Code    52  tasks.o(i.vTaskPlaceOnEventList)
    vTaskPlaceOnEventListRestricted          0x0800eea5   Thumb Code    94  tasks.o(i.vTaskPlaceOnEventListRestricted)
    vTaskPriorityDisinheritAfterTimeout      0x0800ef09   Thumb Code   268  tasks.o(i.vTaskPriorityDisinheritAfterTimeout)
    vTaskStartScheduler                      0x0800f021   Thumb Code   122  tasks.o(i.vTaskStartScheduler)
    vTaskSuspendAll                          0x0800f0bd   Thumb Code    12  tasks.o(i.vTaskSuspendAll)
    vTaskSwitchContext                       0x0800f0cd   Thumb Code   118  tasks.o(i.vTaskSwitchContext)
    xPortStartScheduler                      0x0800f159   Thumb Code   330  port.o(i.xPortStartScheduler)
    xQueueCreateMutex                        0x0800f2c1   Thumb Code    34  queue.o(i.xQueueCreateMutex)
    xQueueGenericCreate                      0x0800f2e3   Thumb Code   102  queue.o(i.xQueueGenericCreate)
    xQueueGenericReset                       0x0800f349   Thumb Code   214  queue.o(i.xQueueGenericReset)
    xQueueGenericSend                        0x0800f425   Thumb Code   420  queue.o(i.xQueueGenericSend)
    xQueueGiveFromISR                        0x0800f5cd   Thumb Code   260  queue.o(i.xQueueGiveFromISR)
    xQueueGiveMutexRecursive                 0x0800f6d1   Thumb Code    72  queue.o(i.xQueueGiveMutexRecursive)
    xQueueReceive                            0x0800f719   Thumb Code   356  queue.o(i.xQueueReceive)
    xQueueSemaphoreTake                      0x0800f881   Thumb Code   434  queue.o(i.xQueueSemaphoreTake)
    xQueueTakeMutexRecursive                 0x0800fa39   Thumb Code    78  queue.o(i.xQueueTakeMutexRecursive)
    xTaskCheckForTimeOut                     0x0800fa89   Thumb Code   136  tasks.o(i.xTaskCheckForTimeOut)
    xTaskCreate                              0x0800fb19   Thumb Code    96  tasks.o(i.xTaskCreate)
    xTaskGetCurrentTaskHandle                0x0800fb79   Thumb Code     6  tasks.o(i.xTaskGetCurrentTaskHandle)
    xTaskGetSchedulerState                   0x0800fb85   Thumb Code    24  tasks.o(i.xTaskGetSchedulerState)
    xTaskGetTickCount                        0x0800fba5   Thumb Code     6  tasks.o(i.xTaskGetTickCount)
    xTaskIncrementTick                       0x0800fbb1   Thumb Code   398  tasks.o(i.xTaskIncrementTick)
    xTaskPriorityDisinherit                  0x0800fd6d   Thumb Code   226  tasks.o(i.xTaskPriorityDisinherit)
    xTaskPriorityInherit                     0x0800fe5d   Thumb Code   224  tasks.o(i.xTaskPriorityInherit)
    xTaskRemoveFromEventList                 0x0800ff49   Thumb Code   264  tasks.o(i.xTaskRemoveFromEventList)
    xTaskResumeAll                           0x08010069   Thumb Code   338  tasks.o(i.xTaskResumeAll)
    xTimerCreateTimerTask                    0x080101e1   Thumb Code    66  timers.o(i.xTimerCreateTimerTask)
    netconn_aborted                          0x08010238   Data           1  api_msg.o(.constdata)
    netconn_reset                            0x08010239   Data           1  api_msg.o(.constdata)
    netconn_closed                           0x0801023a   Data           1  api_msg.o(.constdata)
    memp_UDP_PCB                             0x08010280   Data          16  memp.o(.constdata)
    memp_TCP_PCB                             0x08010290   Data          16  memp.o(.constdata)
    memp_TCP_PCB_LISTEN                      0x080102a0   Data          16  memp.o(.constdata)
    memp_TCP_SEG                             0x080102b0   Data          16  memp.o(.constdata)
    memp_REASSDATA                           0x080102c0   Data          16  memp.o(.constdata)
    memp_FRAG_PBUF                           0x080102d0   Data          16  memp.o(.constdata)
    memp_NETBUF                              0x080102e0   Data          16  memp.o(.constdata)
    memp_NETCONN                             0x080102f0   Data          16  memp.o(.constdata)
    memp_TCPIP_MSG_API                       0x08010300   Data          16  memp.o(.constdata)
    memp_TCPIP_MSG_INPKT                     0x08010310   Data          16  memp.o(.constdata)
    memp_SYS_TIMEOUT                         0x08010320   Data          16  memp.o(.constdata)
    memp_PBUF                                0x08010330   Data          16  memp.o(.constdata)
    memp_PBUF_POOL                           0x08010340   Data          16  memp.o(.constdata)
    memp_pools                               0x08010350   Data          52  memp.o(.constdata)
    tcp_pcb_lists                            0x080103c4   Data          16  tcp.o(.constdata)
    lwip_cyclic_timers                       0x080103d4   Data          40  timeouts.o(.constdata)
    lwip_num_cyclic_timers                   0x080103fc   Data           4  timeouts.o(.constdata)
    ip_addr_any                              0x08010400   Data           4  ip4_addr.o(.constdata)
    ip_addr_broadcast                        0x08010404   Data           4  ip4_addr.o(.constdata)
    ethbroadcast                             0x08010408   Data           6  ethernet.o(.constdata)
    ethzero                                  0x0801040e   Data           6  ethernet.o(.constdata)
    Region$$Table$$Base                      0x0801051c   Number         0  anon$$obj.o(Region$$Table)
    Region$$Table$$Limit                     0x0801053c   Number         0  anon$$obj.o(Region$$Table)
    SystemCoreClock                          0x20000000   Data           4  system_gd32f4xx.o(.data)
    dma_current_txdesc                       0x20000004   Data           4  gd32f4xx_enet.o(.data)
    dma_current_rxdesc                       0x20000008   Data           4  gd32f4xx_enet.o(.data)
    dma_current_ptp_txdesc                   0x2000000c   Data           4  gd32f4xx_enet.o(.data)
    dma_current_ptp_rxdesc                   0x20000010   Data           4  gd32f4xx_enet.o(.data)
    pxCurrentTCB                             0x2000001c   Data           4  tasks.o(.data)
    uxTopUsedPriority                        0x20000054   Data           4  tasks.o(.data)
    errno                                    0x2000009c   Data           4  if_api.o(.data)
    lock_tcpip_core                          0x200000b0   Data           4  tcpip.o(.data)
    g_rx_semaphore                           0x200000b8   Data           4  ethernetif.o(.data)
    netif_list                               0x20000104   Data           4  netif.o(.data)
    netif_default                            0x20000108   Data           4  netif.o(.data)
    tcp_ticks                                0x20000114   Data           4  tcp.o(.data)
    tcp_bound_pcbs                           0x20000118   Data           4  tcp.o(.data)
    tcp_listen_pcbs                          0x2000011c   Data           4  tcp.o(.data)
    tcp_active_pcbs                          0x20000120   Data           4  tcp.o(.data)
    tcp_tw_pcbs                              0x20000124   Data           4  tcp.o(.data)
    tcp_active_pcbs_changed                  0x20000128   Data           1  tcp.o(.data)
    tcp_input_pcb                            0x20000154   Data           4  tcp_in.o(.data)
    udp_pcbs                                 0x20000168   Data           4  udp.o(.data)
    dhcp_rx_options_given                    0x2000016c   Data           8  dhcp.o(.data)
    __stdout                                 0x20000190   Data           4  stdout.o(.data)
    rxdesc_tab                               0x20000194   Data          80  gd32f4xx_enet.o(.bss)
    txdesc_tab                               0x200001e4   Data          80  gd32f4xx_enet.o(.bss)
    rx_buff                                  0x20000234   Data        7620  gd32f4xx_enet.o(.bss)
    tx_buff                                  0x20001ff8   Data        7620  gd32f4xx_enet.o(.bss)
    g_mynetif                                0x20003df8   Data          52  md_lwip.o(.bss)
    sendbuf                                  0x20003e2c   Data        1460  md_app.o(.bss)
    xQueueRegistry                           0x200043e0   Data          64  queue.o(.bss)
    ip_data                                  0x2000bd8c   Data          24  ip.o(.bss)
    ram_heap                                 0x2000bda4   Data       20499  mem.o(.bss)
    memp_memory_UDP_PCB_base                 0x20010db7   Data         195  memp.o(.bss)
    memp_memory_TCP_PCB_base                 0x20010e7a   Data        1523  memp.o(.bss)
    memp_memory_TCP_PCB_LISTEN_base          0x2001146d   Data         143  memp.o(.bss)
    memp_memory_TCP_SEG_base                 0x200114fc   Data         403  memp.o(.bss)
    memp_memory_REASSDATA_base               0x2001168f   Data         163  memp.o(.bss)
    memp_memory_FRAG_PBUF_base               0x20011732   Data         363  memp.o(.bss)
    memp_memory_NETBUF_base                  0x2001189d   Data         131  memp.o(.bss)
    memp_memory_NETCONN_base                 0x20011920   Data         179  memp.o(.bss)
    memp_memory_TCPIP_MSG_API_base           0x200119d3   Data         131  memp.o(.bss)
    memp_memory_TCPIP_MSG_INPKT_base         0x20011a56   Data         131  memp.o(.bss)
    memp_memory_SYS_TIMEOUT_base             0x20011ad9   Data         163  memp.o(.bss)
    memp_memory_PBUF_base                    0x20011b7c   Data        1603  memp.o(.bss)
    memp_memory_PBUF_POOL_base               0x200121bf   Data       10323  memp.o(.bss)
    dhcp_rx_options_val                      0x20014a28   Data          32  dhcp.o(.bss)
    __initial_sp                             0x20014f38   Data           0  startup_gd32f407.o(STACK)



==============================================================================

Memory Map of the image

  Image Entry point : 0x08000189

  Load Region LR_IROM1 (Base: 0x08000000, Size: 0x000106d0, Max: 0x00080000, ABSOLUTE, COMPRESSED[0x0001055c])

    Execution Region ER_IROM1 (Base: 0x08000000, Size: 0x0001053c, Max: 0x00080000, ABSOLUTE)

    Base Addr    Size         Type   Attr      Idx    E Section Name        Object

    0x08000000   0x00000188   Data   RO            3    RESET               startup_gd32f407.o
    0x08000188   0x00000000   Code   RO        11061  * .ARM.Collect$$$$00000000  mc_w.l(entry.o)
    0x08000188   0x00000004   Code   RO        11403    .ARM.Collect$$$$00000001  mc_w.l(entry2.o)
    0x0800018c   0x00000004   Code   RO        11406    .ARM.Collect$$$$00000004  mc_w.l(entry5.o)
    0x08000190   0x00000000   Code   RO        11408    .ARM.Collect$$$$00000008  mc_w.l(entry7b.o)
    0x08000190   0x00000000   Code   RO        11410    .ARM.Collect$$$$0000000A  mc_w.l(entry8b.o)
    0x08000190   0x00000008   Code   RO        11411    .ARM.Collect$$$$0000000B  mc_w.l(entry9a.o)
    0x08000198   0x00000000   Code   RO        11413    .ARM.Collect$$$$0000000D  mc_w.l(entry10a.o)
    0x08000198   0x00000000   Code   RO        11415    .ARM.Collect$$$$0000000F  mc_w.l(entry11a.o)
    0x08000198   0x00000004   Code   RO        11404    .ARM.Collect$$$$00002712  mc_w.l(entry2.o)
    0x0800019c   0x000000be   Code   RO         7579    .emb_text           port.o
    0x0800025a   0x00000002   PAD
    0x0800025c   0x00000024   Code   RO            4    .text               startup_gd32f407.o
    0x08000280   0x00000040   Code   RO        11094    .text               mc_w.l(memmovea.o)
    0x080002c0   0x00000024   Code   RO        11098    .text               mc_w.l(memseta.o)
    0x080002e4   0x0000001a   Code   RO        11104    .text               mc_w.l(memcmp.o)
    0x080002fe   0x0000002c   Code   RO        11418    .text               mc_w.l(uidiv.o)
    0x0800032a   0x00000062   Code   RO        11420    .text               mc_w.l(uldiv.o)
    0x0800038c   0x00000000   Code   RO        11433    .text               mc_w.l(iusefp.o)
    0x0800038c   0x0000014e   Code   RO        11434    .text               mf_w.l(dadd.o)
    0x080004da   0x000000e4   Code   RO        11436    .text               mf_w.l(dmul.o)
    0x080005be   0x000000de   Code   RO        11438    .text               mf_w.l(ddiv.o)
    0x0800069c   0x00000030   Code   RO        11440    .text               mf_w.l(dfixul.o)
    0x080006cc   0x00000030   Code   RO        11442    .text               mf_w.l(cdrcmple.o)
    0x080006fc   0x00000024   Code   RO        11444    .text               mc_w.l(init.o)
    0x08000720   0x0000001e   Code   RO        11446    .text               mc_w.l(llshl.o)
    0x0800073e   0x00000020   Code   RO        11448    .text               mc_w.l(llushr.o)
    0x0800075e   0x00000024   Code   RO        11450    .text               mc_w.l(llsshr.o)
    0x08000782   0x000000ba   Code   RO        11454    .text               mf_w.l(depilogue.o)
    0x0800083c   0x0000003a   Code   RO        11466    .text               mc_w.l(__dczerorl.o)
    0x08000876   0x00000004   Code   RO           12    i.BusFault_Handler  gd32f4xx_it.o
    0x0800087a   0x00000002   Code   RO           13    i.DebugMon_Handler  gd32f4xx_it.o
    0x0800087c   0x00000054   Code   RO         6262    i.ENET_IRQHandler   md_lwip.o
    0x080008d0   0x00000004   Code   RO           14    i.HardFault_Handler  gd32f4xx_it.o
    0x080008d4   0x00000004   Code   RO           15    i.MemManage_Handler  gd32f4xx_it.o
    0x080008d8   0x00000002   Code   RO           16    i.NMI_Handler       gd32f4xx_it.o
    0x080008da   0x00000002   PAD
    0x080008dc   0x00000034   Code   RO         7580    i.SysTick_Handler   port.o
    0x08000910   0x00000084   Code   RO          276    i.SystemInit        system_gd32f4xx.o
    0x08000994   0x00000004   Code   RO           17    i.UsageFault_Handler  gd32f4xx_it.o
    0x08000998   0x00000020   Code   RO        11345    i.__0printf         mc_w.l(printfa.o)
    0x080009b8   0x0000000e   Code   RO        11460    i.__scatterload_copy  mc_w.l(handlers.o)
    0x080009c6   0x00000002   Code   RO        11461    i.__scatterload_null  mc_w.l(handlers.o)
    0x080009c8   0x0000000e   Code   RO        11462    i.__scatterload_zeroinit  mc_w.l(handlers.o)
    0x080009d6   0x00000002   PAD
    0x080009d8   0x00000184   Code   RO        11352    i._fp_digits        mc_w.l(printfa.o)
    0x08000b5c   0x000006dc   Code   RO        11353    i._printf_core      mc_w.l(printfa.o)
    0x08001238   0x00000024   Code   RO        11354    i._printf_post_padding  mc_w.l(printfa.o)
    0x0800125c   0x0000002e   Code   RO        11355    i._printf_pre_padding  mc_w.l(printfa.o)
    0x0800128a   0x00000002   PAD
    0x0800128c   0x00000084   Code   RO         8288    i.alloc_socket      sockets.o
    0x08001310   0x00000028   Code   RO         6419    i.app_init          md_app.o
    0x08001338   0x0000012c   Code   RO         5791    i.bsp_can0_init     bsp_can.o
    0x08001464   0x0000012c   Code   RO         5792    i.bsp_can1_init     bsp_can.o
    0x08001590   0x0000011c   Code   RO         6020    i.bsp_gpio_init     bsp_gpio.o
    0x080016ac   0x0000002c   Code   RO         6420    i.bsp_init          md_app.o
    0x080016d8   0x000000bc   Code   RO         5961    i.bsp_usart0_init   bsp_uart.o
    0x08001794   0x000000b0   Code   RO         5962    i.bsp_usart1_init   bsp_uart.o
    0x08001844   0x000000c8   Code   RO         5963    i.bsp_usart2_init   bsp_uart.o
    0x0800190c   0x000000bc   Code   RO         5964    i.bsp_usart3_init   bsp_uart.o
    0x080019c8   0x000000b8   Code   RO         5965    i.bsp_usart4_init   bsp_uart.o
    0x08001a80   0x000000b0   Code   RO         5966    i.bsp_usart5_init   bsp_uart.o
    0x08001b30   0x00000034   Code   RO          610    i.can_deinit        gd32f4xx_can.o
    0x08001b64   0x00000110   Code   RO          613    i.can_filter_init   gd32f4xx_can.o
    0x08001c74   0x00000122   Code   RO          616    i.can_init          gd32f4xx_can.o
    0x08001d96   0x00000008   Code   RO          618    i.can_interrupt_enable  gd32f4xx_can.o
    0x08001d9e   0x00000002   PAD
    0x08001da0   0x00000050   Code   RO        10454    i.dhcp_arp_reply    dhcp.o
    0x08001df0   0x00000150   Code   RO        10455    i.dhcp_bind         dhcp.o
    0x08001f40   0x0000004c   Code   RO        10456    i.dhcp_check        dhcp.o
    0x08001f8c   0x00000078   Code   RO        10458    i.dhcp_coarse_tmr   dhcp.o
    0x08002004   0x0000015c   Code   RO        10459    i.dhcp_create_msg   dhcp.o
    0x08002160   0x00000030   Code   RO        10460    i.dhcp_dec_pcb_refcount  dhcp.o
    0x08002190   0x000000c0   Code   RO        10461    i.dhcp_decline      dhcp.o
    0x08002250   0x0000011c   Code   RO        10462    i.dhcp_discover     dhcp.o
    0x0800236c   0x0000003c   Code   RO        10463    i.dhcp_fine_tmr     dhcp.o
    0x080023a8   0x00000080   Code   RO        10464    i.dhcp_handle_ack   dhcp.o
    0x08002428   0x0000002c   Code   RO        10465    i.dhcp_handle_nak   dhcp.o
    0x08002454   0x00000044   Code   RO        10466    i.dhcp_handle_offer  dhcp.o
    0x08002498   0x00000074   Code   RO        10467    i.dhcp_inc_pcb_refcount  dhcp.o
    0x0800250c   0x0000004e   Code   RO        10469    i.dhcp_network_changed  dhcp.o
    0x0800255a   0x00000018   Code   RO        10470    i.dhcp_option       dhcp.o
    0x08002572   0x00000010   Code   RO        10471    i.dhcp_option_byte  dhcp.o
    0x08002582   0x00000032   Code   RO        10472    i.dhcp_option_long  dhcp.o
    0x080025b4   0x0000001a   Code   RO        10473    i.dhcp_option_short  dhcp.o
    0x080025ce   0x0000003a   Code   RO        10474    i.dhcp_option_trailer  dhcp.o
    0x08002608   0x0000033c   Code   RO        10475    i.dhcp_parse_reply  dhcp.o
    0x08002944   0x00000104   Code   RO        10476    i.dhcp_rebind       dhcp.o
    0x08002a48   0x00000128   Code   RO        10477    i.dhcp_reboot       dhcp.o
    0x08002b70   0x0000015c   Code   RO        10478    i.dhcp_recv         dhcp.o
    0x08002ccc   0x000000e0   Code   RO        10480    i.dhcp_release_and_stop  dhcp.o
    0x08002dac   0x00000100   Code   RO        10481    i.dhcp_renew        dhcp.o
    0x08002eac   0x000001cc   Code   RO        10482    i.dhcp_select       dhcp.o
    0x08003078   0x00000010   Code   RO        10483    i.dhcp_set_state    dhcp.o
    0x08003088   0x000000fc   Code   RO        10485    i.dhcp_start        dhcp.o
    0x08003184   0x00000028   Code   RO        10487    i.dhcp_supplied_address  dhcp.o
    0x080031ac   0x0000004a   Code   RO        10488    i.dhcp_t1_timeout   dhcp.o
    0x080031f6   0x00000050   Code   RO        10489    i.dhcp_t2_timeout   dhcp.o
    0x08003246   0x00000088   Code   RO        10490    i.dhcp_timeout      dhcp.o
    0x080032ce   0x00000028   Code   RO         9231    i.do_memp_free_pool  memp.o
    0x080032f6   0x00000032   Code   RO         9232    i.do_memp_malloc_pool  memp.o
    0x08003328   0x00000078   Code   RO         1616    i.enet_default_init  gd32f4xx_enet.o
    0x080033a0   0x00000018   Code   RO         1617    i.enet_deinit       gd32f4xx_enet.o
    0x080033b8   0x00000018   Code   RO         1618    i.enet_delay        gd32f4xx_enet.o
    0x080033d0   0x00000064   Code   RO         1622    i.enet_desc_information_get  gd32f4xx_enet.o
    0x08003434   0x000000c8   Code   RO         1624    i.enet_descriptors_chain_init  gd32f4xx_enet.o
    0x080034fc   0x0000000c   Code   RO         1631    i.enet_enable       gd32f4xx_enet.o
    0x08003508   0x000000f8   Code   RO         1641    i.enet_frame_receive  gd32f4xx_enet.o
    0x08003600   0x000000cc   Code   RO         1642    i.enet_frame_transmit  gd32f4xx_enet.o
    0x080036cc   0x000001d0   Code   RO         6129    i.enet_gpio_config  bsp_enet.o
    0x0800389c   0x00000364   Code   RO         1643    i.enet_init         gd32f4xx_enet.o
    0x08003c00   0x00000028   Code   RO         1645    i.enet_initpara_reset  gd32f4xx_enet.o
    0x08003c28   0x00000048   Code   RO         1647    i.enet_interrupt_enable  gd32f4xx_enet.o
    0x08003c70   0x00000018   Code   RO         1648    i.enet_interrupt_flag_clear  gd32f4xx_enet.o
    0x08003c88   0x00000024   Code   RO         1649    i.enet_interrupt_flag_get  gd32f4xx_enet.o
    0x08003cac   0x00000030   Code   RO         1651    i.enet_mac_address_set  gd32f4xx_enet.o
    0x08003cdc   0x00000040   Code   RO         6130    i.enet_mac_dma_config  bsp_enet.o
    0x08003d1c   0x000000d8   Code   RO         1661    i.enet_phy_config   gd32f4xx_enet.o
    0x08003df4   0x0000009c   Code   RO         1662    i.enet_phy_write_read  gd32f4xx_enet.o
    0x08003e90   0x0000000a   Code   RO         1680    i.enet_rx_desc_immediate_receive_complete_interrupt  gd32f4xx_enet.o
    0x08003e9a   0x00000002   PAD
    0x08003e9c   0x00000024   Code   RO         1682    i.enet_rx_enable    gd32f4xx_enet.o
    0x08003ec0   0x0000003c   Code   RO         1686    i.enet_software_reset  gd32f4xx_enet.o
    0x08003efc   0x0000002c   Code   RO         6131    i.enet_system_setup  bsp_enet.o
    0x08003f28   0x00000010   Code   RO         1687    i.enet_transmit_checksum_config  gd32f4xx_enet.o
    0x08003f38   0x00000028   Code   RO         1689    i.enet_tx_enable    gd32f4xx_enet.o
    0x08003f60   0x00000034   Code   RO         1690    i.enet_txfifo_flush  gd32f4xx_enet.o
    0x08003f94   0x000000f0   Code   RO         7930    i.err_tcp           api_msg.o
    0x08004084   0x00000020   Code   RO         8129    i.err_to_errno      err.o
    0x080040a4   0x00000194   Code   RO        10670    i.etharp_find_entry  etharp.o
    0x08004238   0x00000078   Code   RO        10671    i.etharp_free_entry  etharp.o
    0x080042b0   0x000000f4   Code   RO        10673    i.etharp_input      etharp.o
    0x080043a4   0x00000154   Code   RO        10674    i.etharp_output     etharp.o
    0x080044f8   0x000000b8   Code   RO        10675    i.etharp_output_to_arp_index  etharp.o
    0x080045b0   0x000001b0   Code   RO        10676    i.etharp_query      etharp.o
    0x08004760   0x000000a2   Code   RO        10677    i.etharp_raw        etharp.o
    0x08004802   0x00000002   PAD
    0x08004804   0x0000001c   Code   RO        10678    i.etharp_request    etharp.o
    0x08004820   0x0000002c   Code   RO        10679    i.etharp_request_dst  etharp.o
    0x0800484c   0x000000e4   Code   RO        10680    i.etharp_tmr        etharp.o
    0x08004930   0x000000cc   Code   RO        10681    i.etharp_update_arp_entry  etharp.o
    0x080049fc   0x000000d8   Code   RO        10992    i.ethernet_input    ethernet.o
    0x08004ad4   0x0000005e   Code   RO        10993    i.ethernet_output   ethernet.o
    0x08004b32   0x00000002   PAD
    0x08004b34   0x00000030   Code   RO         8751    i.ethernetif_init   ethernetif.o
    0x08004b64   0x00000050   Code   RO         8752    i.ethernetif_input  ethernetif.o
    0x08004bb4   0x000000f4   Code   RO         8289    i.event_callback    sockets.o
    0x08004ca8   0x00000024   Code   RO         5967    i.fputc             bsp_uart.o
    0x08004ccc   0x00000032   Code   RO         8290    i.free_socket       sockets.o
    0x08004cfe   0x00000026   Code   RO         8291    i.free_socket_free_elements  sockets.o
    0x08004d24   0x00000018   Code   RO         8292    i.free_socket_locked  sockets.o
    0x08004d3c   0x00000030   Code   RO         8293    i.get_socket        sockets.o
    0x08004d6c   0x0000005e   Code   RO         2776    i.gpio_af_set       gd32f4xx_gpio.o
    0x08004dca   0x00000004   Code   RO         2777    i.gpio_bit_reset    gd32f4xx_gpio.o
    0x08004dce   0x00000004   Code   RO         2778    i.gpio_bit_set      gd32f4xx_gpio.o
    0x08004dd2   0x0000004e   Code   RO         2784    i.gpio_mode_set     gd32f4xx_gpio.o
    0x08004e20   0x00000042   Code   RO         2786    i.gpio_output_options_set  gd32f4xx_gpio.o
    0x08004e62   0x00000012   Code   RO        10755    i.icmp_dest_unreach  icmp.o
    0x08004e74   0x000001d8   Code   RO        10756    i.icmp_input        icmp.o
    0x0800504c   0x000000a0   Code   RO        10757    i.icmp_send_response  icmp.o
    0x080050ec   0x00000012   Code   RO        10758    i.icmp_time_exceeded  icmp.o
    0x080050fe   0x00000056   Code   RO         9044    i.inet_chksum_pbuf  inet_chksum.o
    0x08005154   0x00000034   Code   RO         6421    i.init_task         md_app.o
    0x08005188   0x0000004e   Code   RO        10836    i.ip4_addr_isbroadcast_u32  ip4_addr.o
    0x080051d6   0x00000002   PAD
    0x080051d8   0x00000200   Code   RO        10892    i.ip4_frag          ip4_frag.o
    0x080053d8   0x00000208   Code   RO        10793    i.ip4_input         ip4.o
    0x080055e0   0x0000003c   Code   RO        10794    i.ip4_input_accept  ip4.o
    0x0800561c   0x00000036   Code   RO        10796    i.ip4_output_if     ip4.o
    0x08005652   0x00000002   PAD
    0x08005654   0x000000e4   Code   RO        10797    i.ip4_output_if_src  ip4.o
    0x08005738   0x00000220   Code   RO        10893    i.ip4_reass         ip4_frag.o
    0x08005958   0x00000098   Code   RO        10798    i.ip4_route         ip4.o
    0x080059f0   0x0000000a   Code   RO        10894    i.ip_frag_alloc_pbuf_custom_ref  ip4_frag.o
    0x080059fa   0x00000012   Code   RO        10895    i.ip_frag_free_pbuf_custom_ref  ip4_frag.o
    0x08005a0c   0x00000194   Code   RO        10896    i.ip_reass_chain_frag_into_datagram_and_validate  ip4_frag.o
    0x08005ba0   0x0000002c   Code   RO        10897    i.ip_reass_dequeue_datagram  ip4_frag.o
    0x08005bcc   0x00000058   Code   RO        10898    i.ip_reass_enqueue_new_datagram  ip4_frag.o
    0x08005c24   0x000000a0   Code   RO        10899    i.ip_reass_free_complete_datagram  ip4_frag.o
    0x08005cc4   0x00000088   Code   RO        10900    i.ip_reass_remove_oldest_datagram  ip4_frag.o
    0x08005d4c   0x0000003c   Code   RO        10901    i.ip_reass_tmr      ip4_frag.o
    0x08005d88   0x00000020   Code   RO        10902    i.ipfrag_free_pbuf_custom  ip4_frag.o
    0x08005da8   0x000000fc   Code   RO         8753    i.low_level_init    ethernetif.o
    0x08005ea4   0x00000064   Code   RO         8754    i.low_level_input   ethernetif.o
    0x08005f08   0x000000b4   Code   RO         8755    i.low_level_output  ethernetif.o
    0x08005fbc   0x000000e0   Code   RO         8295    i.lwip_bind         sockets.o
    0x0800609c   0x00000078   Code   RO         8296    i.lwip_close        sockets.o
    0x08006114   0x00000100   Code   RO         8297    i.lwip_connect      sockets.o
    0x08006214   0x00000050   Code   RO        10254    i.lwip_cyclic_timer  timeouts.o
    0x08006264   0x0000001a   Code   RO         8995    i.lwip_htonl        def.o
    0x0800627e   0x0000000c   Code   RO         8996    i.lwip_htons        def.o
    0x0800628a   0x0000002a   Code   RO         9104    i.lwip_init         init.o
    0x080062b4   0x0000004c   Code   RO         7931    i.lwip_netconn_do_bind  api_msg.o
    0x08006300   0x000001a4   Code   RO         7934    i.lwip_netconn_do_close_internal  api_msg.o
    0x080064a4   0x0000011c   Code   RO         7935    i.lwip_netconn_do_connect  api_msg.o
    0x080065c0   0x00000086   Code   RO         7936    i.lwip_netconn_do_connected  api_msg.o
    0x08006646   0x00000002   PAD
    0x08006648   0x000000d8   Code   RO         7937    i.lwip_netconn_do_delconn  api_msg.o
    0x08006720   0x00000026   Code   RO         7938    i.lwip_netconn_do_disconnect  api_msg.o
    0x08006746   0x00000018   Code   RO         7941    i.lwip_netconn_do_newconn  api_msg.o
    0x0800675e   0x00000064   Code   RO         7943    i.lwip_netconn_do_send  api_msg.o
    0x080067c2   0x00000002   PAD
    0x080067c4   0x00000080   Code   RO         7944    i.lwip_netconn_do_write  api_msg.o
    0x08006844   0x0000021a   Code   RO         7945    i.lwip_netconn_do_writemore  api_msg.o
    0x08006a5e   0x00000002   PAD
    0x08006a60   0x00000034   Code   RO         7946    i.lwip_netconn_err_to_msg  api_msg.o
    0x08006a94   0x00000040   Code   RO         7947    i.lwip_netconn_is_err_msg  api_msg.o
    0x08006ad4   0x00000048   Code   RO         8310    i.lwip_poll_should_wake  sockets.o
    0x08006b1c   0x000000a8   Code   RO         8322    i.lwip_send         sockets.o
    0x08006bc4   0x00000148   Code   RO         8324    i.lwip_sendto       sockets.o
    0x08006d0c   0x000000c0   Code   RO         8329    i.lwip_socket       sockets.o
    0x08006dcc   0x0000005c   Code   RO         6263    i.lwip_stack_init   md_lwip.o
    0x08006e28   0x0000005e   Code   RO         9051    i.lwip_standard_chksum  inet_chksum.o
    0x08006e86   0x00000010   Code   RO          183    i.main              main.o
    0x08006e96   0x00000002   PAD
    0x08006e98   0x000000e0   Code   RO         9159    i.mem_free          mem.o
    0x08006f78   0x0000006c   Code   RO         9160    i.mem_init          mem.o
    0x08006fe4   0x00000058   Code   RO         9161    i.mem_link_valid    mem.o
    0x0800703c   0x00000124   Code   RO         9162    i.mem_malloc        mem.o
    0x08007160   0x00000010   Code   RO         9163    i.mem_to_ptr        mem.o
    0x08007170   0x00000140   Code   RO         9164    i.mem_trim          mem.o
    0x080072b0   0x00000050   Code   RO         9233    i.memp_free         memp.o
    0x08007300   0x00000020   Code   RO         9235    i.memp_init         memp.o
    0x08007320   0x0000002c   Code   RO         9236    i.memp_init_pool    memp.o
    0x0800734c   0x00000050   Code   RO         9237    i.memp_malloc       memp.o
    0x0800739c   0x00000008   Code   RO         6422    i.module_init       md_app.o
    0x080073a4   0x00000020   Code   RO         8206    i.netbuf_delete     netbuf.o
    0x080073c4   0x00000048   Code   RO         8208    i.netbuf_free       netbuf.o
    0x0800740c   0x0000006c   Code   RO         8211    i.netbuf_ref        netbuf.o
    0x08007478   0x0000008a   Code   RO         7948    i.netconn_alloc     api_msg.o
    0x08007502   0x00000026   Code   RO         7712    i.netconn_apimsg    api_lib.o
    0x08007528   0x00000060   Code   RO         7713    i.netconn_bind      api_lib.o
    0x08007588   0x00000064   Code   RO         7717    i.netconn_connect   api_lib.o
    0x080075ec   0x0000001e   Code   RO         7718    i.netconn_delete    api_lib.o
    0x0800760a   0x00000002   PAD
    0x0800760c   0x00000058   Code   RO         7719    i.netconn_disconnect  api_lib.o
    0x08007664   0x000000a2   Code   RO         7949    i.netconn_drain     api_msg.o
    0x08007706   0x00000022   Code   RO         7720    i.netconn_err       api_lib.o
    0x08007728   0x00000026   Code   RO         7950    i.netconn_free      api_msg.o
    0x0800774e   0x00000002   PAD
    0x08007750   0x00000068   Code   RO         7723    i.netconn_new_with_proto_and_callback  api_lib.o
    0x080077b8   0x00000030   Code   RO         7724    i.netconn_prepare_delete  api_lib.o
    0x080077e8   0x00000058   Code   RO         7732    i.netconn_send      api_lib.o
    0x08007840   0x00000028   Code   RO         7737    i.netconn_write_partly  api_lib.o
    0x08007868   0x00000138   Code   RO         7738    i.netconn_write_vectors_partly  api_lib.o
    0x080079a0   0x00000168   Code   RO         9329    i.netif_add         netif.o
    0x08007b08   0x00000018   Code   RO         9331    i.netif_do_ip_addr_changed  netif.o
    0x08007b20   0x0000002a   Code   RO         9332    i.netif_do_set_gw   netif.o
    0x08007b4a   0x0000004e   Code   RO         9333    i.netif_do_set_ipaddr  netif.o
    0x08007b98   0x0000002a   Code   RO         9334    i.netif_do_set_netmask  netif.o
    0x08007bc2   0x00000002   PAD
    0x08007bc4   0x00000028   Code   RO         9336    i.netif_get_by_index  netif.o
    0x08007bec   0x00000002   Code   RO         9338    i.netif_init        netif.o
    0x08007bee   0x00000040   Code   RO         9340    i.netif_issue_reports  netif.o
    0x08007c2e   0x00000008   Code   RO         9342    i.netif_null_output_ip4  netif.o
    0x08007c36   0x00000002   PAD
    0x08007c38   0x00000060   Code   RO         9344    i.netif_set_addr    netif.o
    0x08007c98   0x00000010   Code   RO         9345    i.netif_set_default  netif.o
    0x08007ca8   0x00000068   Code   RO         9350    i.netif_set_link_up  netif.o
    0x08007d10   0x00000058   Code   RO         9352    i.netif_set_up      netif.o
    0x08007d68   0x00000070   Code   RO         5864    i.nvic_configuration  bsp_sys.o
    0x08007dd8   0x000000c4   Code   RO         3352    i.nvic_irq_enable   gd32f4xx_misc.o
    0x08007e9c   0x00000014   Code   RO         3353    i.nvic_priority_group_set  gd32f4xx_misc.o
    0x08007eb0   0x00000012   Code   RO         9499    i.pbuf_add_header   pbuf.o
    0x08007ec2   0x0000006a   Code   RO         9501    i.pbuf_add_header_impl  pbuf.o
    0x08007f2c   0x00000134   Code   RO         9502    i.pbuf_alloc        pbuf.o
    0x08008060   0x00000038   Code   RO         9503    i.pbuf_alloc_reference  pbuf.o
    0x08008098   0x0000005a   Code   RO         9504    i.pbuf_alloced_custom  pbuf.o
    0x080080f2   0x00000002   PAD
    0x080080f4   0x0000007c   Code   RO         9505    i.pbuf_cat          pbuf.o
    0x08008170   0x0000001a   Code   RO         9506    i.pbuf_chain        pbuf.o
    0x0800818a   0x00000012   Code   RO         9507    i.pbuf_clen         pbuf.o
    0x0800819c   0x00000030   Code   RO         9508    i.pbuf_clone        pbuf.o
    0x080081cc   0x0000004c   Code   RO         9510    i.pbuf_copy         pbuf.o
    0x08008218   0x000000d8   Code   RO         9511    i.pbuf_copy_partial  pbuf.o
    0x080082f0   0x000001f4   Code   RO         9512    i.pbuf_copy_partial_pbuf  pbuf.o
    0x080084e4   0x000000a6   Code   RO         9514    i.pbuf_free         pbuf.o
    0x0800858a   0x00000012   Code   RO         9519    i.pbuf_header_force  pbuf.o
    0x0800859c   0x00000022   Code   RO         9520    i.pbuf_header_impl  pbuf.o
    0x080085be   0x0000001e   Code   RO         9521    i.pbuf_init_alloced_pbuf  pbuf.o
    0x080085dc   0x00000080   Code   RO         9525    i.pbuf_realloc      pbuf.o
    0x0800865c   0x00000022   Code   RO         9526    i.pbuf_ref          pbuf.o
    0x0800867e   0x00000002   PAD
    0x08008680   0x00000078   Code   RO         9527    i.pbuf_remove_header  pbuf.o
    0x080086f8   0x00000078   Code   RO         7951    i.pcb_new           api_msg.o
    0x08008770   0x0000009c   Code   RO         9165    i.plug_holes        mem.o
    0x0800880c   0x00000088   Code   RO         7952    i.poll_tcp          api_msg.o
    0x08008894   0x000000c0   Code   RO         7053    i.prvAddCurrentTaskToDelayedList  tasks.o
    0x08008954   0x000000ec   Code   RO         7054    i.prvAddNewTaskToReadyList  tasks.o
    0x08008a40   0x00000064   Code   RO         7417    i.prvCheckForValidListAndQueue  timers.o
    0x08008aa4   0x00000048   Code   RO         7055    i.prvCheckTasksWaitingTermination  tasks.o
    0x08008aec   0x0000002a   Code   RO         6685    i.prvCopyDataFromQueue  queue.o
    0x08008b16   0x0000007e   Code   RO         6686    i.prvCopyDataToQueue  queue.o
    0x08008b94   0x00000012   Code   RO         7056    i.prvDeleteTCB      tasks.o
    0x08008ba6   0x00000014   Code   RO         6687    i.prvGetDisinheritPriorityAfterTimeout  queue.o
    0x08008bba   0x00000002   PAD
    0x08008bbc   0x00000028   Code   RO         7418    i.prvGetNextExpireTime  timers.o
    0x08008be4   0x0000007c   Code   RO         7656    i.prvHeapInit       heap_4.o
    0x08008c60   0x00000028   Code   RO         7057    i.prvIdleTask       tasks.o
    0x08008c88   0x0000001e   Code   RO         6688    i.prvInitialiseMutex  queue.o
    0x08008ca6   0x0000002a   Code   RO         6689    i.prvInitialiseNewQueue  queue.o
    0x08008cd0   0x000000e0   Code   RO         7058    i.prvInitialiseNewTask  tasks.o
    0x08008db0   0x00000068   Code   RO         7059    i.prvInitialiseTaskLists  tasks.o
    0x08008e18   0x00000068   Code   RO         7657    i.prvInsertBlockIntoFreeList  heap_4.o
    0x08008e80   0x00000058   Code   RO         7420    i.prvInsertTimerInActiveList  timers.o
    0x08008ed8   0x0000001a   Code   RO         6690    i.prvIsQueueEmpty   queue.o
    0x08008ef2   0x0000001e   Code   RO         6691    i.prvIsQueueFull    queue.o
    0x08008f10   0x00000044   Code   RO         7421    i.prvProcessExpiredTimer  timers.o
    0x08008f54   0x0000011c   Code   RO         7422    i.prvProcessReceivedCommands  timers.o
    0x08009070   0x00000074   Code   RO         7423    i.prvProcessTimerOrBlockTask  timers.o
    0x080090e4   0x00000028   Code   RO         7424    i.prvReloadTimer    timers.o
    0x0800910c   0x00000030   Code   RO         7061    i.prvResetNextTaskUnblockTime  tasks.o
    0x0800913c   0x0000002c   Code   RO         7425    i.prvSampleTimeNow  timers.o
    0x08009168   0x00000044   Code   RO         7426    i.prvSwitchTimerLists  timers.o
    0x080091ac   0x00000040   Code   RO         7581    i.prvTaskExitError  port.o
    0x080091ec   0x0000001a   Code   RO         7427    i.prvTimerTask      timers.o
    0x08009206   0x0000007e   Code   RO         6692    i.prvUnlockQueue    queue.o
    0x08009284   0x00000010   Code   RO         9166    i.ptr_to_mem        mem.o
    0x08009294   0x0000016c   Code   RO         7658    i.pvPortMalloc      heap_4.o
    0x08009400   0x00000020   Code   RO         7064    i.pvTaskIncrementMutexHeldCount  tasks.o
    0x08009420   0x0000002c   Code   RO         7582    i.pxPortInitialiseStack  port.o
    0x0800944c   0x0000001c   Code   RO         3549    i.rcu_ckout0_config  gd32f4xx_rcu.o
    0x08009468   0x00000124   Code   RO         3551    i.rcu_clock_freq_get  gd32f4xx_rcu.o
    0x0800958c   0x00000024   Code   RO         3570    i.rcu_periph_clock_enable  gd32f4xx_rcu.o
    0x080095b0   0x00000024   Code   RO         3573    i.rcu_periph_reset_disable  gd32f4xx_rcu.o
    0x080095d4   0x00000024   Code   RO         3574    i.rcu_periph_reset_enable  gd32f4xx_rcu.o
    0x080095f8   0x00000080   Code   RO         7953    i.recv_tcp          api_msg.o
    0x08009678   0x00000090   Code   RO         7954    i.recv_udp          api_msg.o
    0x08009708   0x00000108   Code   RO         8337    i.select_check_waiters  sockets.o
    0x08009810   0x00000070   Code   RO         7955    i.sent_tcp          api_msg.o
    0x08009880   0x00000044   Code   RO         7956    i.setup_tcp         api_msg.o
    0x080098c4   0x0000004e   Code   RO         8814    i.sys_arch_mbox_fetch  sys_arch.o
    0x08009912   0x00000030   Code   RO         8815    i.sys_arch_mbox_tryfetch  sys_arch.o
    0x08009942   0x0000000a   Code   RO         8817    i.sys_arch_protect  sys_arch.o
    0x0800994c   0x00000042   Code   RO         8818    i.sys_arch_sem_wait  sys_arch.o
    0x0800998e   0x0000000a   Code   RO         8819    i.sys_arch_unprotect  sys_arch.o
    0x08009998   0x00000054   Code   RO        10255    i.sys_check_timeouts  timeouts.o
    0x080099ec   0x00000002   Code   RO         8820    i.sys_init          sys_arch.o
    0x080099ee   0x00000014   Code   RO         8822    i.sys_mbox_free     sys_arch.o
    0x08009a02   0x00000028   Code   RO         8823    i.sys_mbox_new      sys_arch.o
    0x08009a2a   0x0000002c   Code   RO         8825    i.sys_mbox_trypost  sys_arch.o
    0x08009a56   0x0000001e   Code   RO         8828    i.sys_mutex_lock    sys_arch.o
    0x08009a74   0x0000001e   Code   RO         8829    i.sys_mutex_new     sys_arch.o
    0x08009a92   0x0000001a   Code   RO         8830    i.sys_mutex_unlock  sys_arch.o
    0x08009aac   0x00000008   Code   RO         8831    i.sys_now           sys_arch.o
    0x08009ab4   0x00000018   Code   RO         8832    i.sys_sem_free      sys_arch.o
    0x08009acc   0x00000040   Code   RO         8833    i.sys_sem_new       sys_arch.o
    0x08009b0c   0x00000020   Code   RO         8834    i.sys_sem_signal    sys_arch.o
    0x08009b2c   0x0000003e   Code   RO         8835    i.sys_thread_new    sys_arch.o
    0x08009b6a   0x00000022   Code   RO        10257    i.sys_timeout       timeouts.o
    0x08009b8c   0x00000090   Code   RO        10258    i.sys_timeout_abs   timeouts.o
    0x08009c1c   0x00000028   Code   RO        10259    i.sys_timeouts_init  timeouts.o
    0x08009c44   0x00000044   Code   RO        10260    i.sys_timeouts_sleeptime  timeouts.o
    0x08009c88   0x00000018   Code   RO         4645    i.syscfg_enet_phy_interface_config  gd32f4xx_syscfg.o
    0x08009ca0   0x000000fc   Code   RO          277    i.system_clock_168m_8m_hxtal  system_gd32f4xx.o
    0x08009d9c   0x00000008   Code   RO          278    i.system_clock_config  system_gd32f4xx.o
    0x08009da4   0x00000120   Code   RO         9729    i.tcp_abandon       tcp.o
    0x08009ec4   0x0000000e   Code   RO         9730    i.tcp_abort         tcp.o
    0x08009ed2   0x00000010   Code   RO         9731    i.tcp_accept        tcp.o
    0x08009ee2   0x00000002   PAD
    0x08009ee4   0x000000cc   Code   RO         9733    i.tcp_alloc         tcp.o
    0x08009fb0   0x00000006   Code   RO         9734    i.tcp_arg           tcp.o
    0x08009fb6   0x00000002   PAD
    0x08009fb8   0x00000108   Code   RO         9735    i.tcp_bind          tcp.o
    0x0800a0c0   0x000000dc   Code   RO         6423    i.tcp_client_task   md_app.o
    0x0800a19c   0x00000054   Code   RO         9737    i.tcp_close         tcp.o
    0x0800a1f0   0x00000148   Code   RO         9738    i.tcp_close_shutdown  tcp.o
    0x0800a338   0x00000070   Code   RO         9739    i.tcp_close_shutdown_fin  tcp.o
    0x0800a3a8   0x000001ec   Code   RO         9740    i.tcp_connect       tcp.o
    0x0800a594   0x000000e6   Code   RO        10107    i.tcp_create_segment  tcp_out.o
    0x0800a67a   0x00000034   Code   RO         9742    i.tcp_eff_send_mss_netif  tcp.o
    0x0800a6ae   0x00000114   Code   RO        10108    i.tcp_enqueue_flags  tcp_out.o
    0x0800a7c2   0x0000000c   Code   RO         9743    i.tcp_err           tcp.o
    0x0800a7ce   0x00000002   PAD
    0x0800a7d0   0x000000a4   Code   RO         9744    i.tcp_fasttmr       tcp.o
    0x0800a874   0x00000012   Code   RO         9745    i.tcp_free          tcp.o
    0x0800a886   0x00000002   PAD
    0x0800a888   0x00000090   Code   RO        10035    i.tcp_free_acked_segments  tcp_in.o
    0x0800a918   0x00000012   Code   RO         9746    i.tcp_free_listen   tcp.o
    0x0800a92a   0x00000002   PAD
    0x0800a92c   0x00000048   Code   RO        10036    i.tcp_get_next_optbyte  tcp_in.o
    0x0800a974   0x00000038   Code   RO         9747    i.tcp_handle_closepend  tcp.o
    0x0800a9ac   0x00000002   Code   RO         9748    i.tcp_init          tcp.o
    0x0800a9ae   0x00000002   PAD
    0x0800a9b0   0x00000574   Code   RO        10037    i.tcp_input         tcp_in.o
    0x0800af24   0x00000050   Code   RO        10038    i.tcp_input_delayed_close  tcp_in.o
    0x0800af74   0x00000062   Code   RO        10109    i.tcp_keepalive     tcp_out.o
    0x0800afd6   0x00000002   PAD
    0x0800afd8   0x0000006c   Code   RO         9749    i.tcp_kill_prio     tcp.o
    0x0800b044   0x00000050   Code   RO         9750    i.tcp_kill_state    tcp.o
    0x0800b094   0x00000040   Code   RO         9751    i.tcp_kill_timewait  tcp.o
    0x0800b0d4   0x0000002c   Code   RO         9752    i.tcp_listen_closed  tcp.o
    0x0800b100   0x0000016c   Code   RO        10039    i.tcp_listen_input  tcp_in.o
    0x0800b26c   0x0000004c   Code   RO         9755    i.tcp_netif_ip_addr_changed  tcp.o
    0x0800b2b8   0x00000032   Code   RO         9756    i.tcp_netif_ip_addr_changed_pcblist  tcp.o
    0x0800b2ea   0x00000010   Code   RO         9758    i.tcp_new_ip_type   tcp.o
    0x0800b2fa   0x00000002   PAD
    0x0800b2fc   0x00000068   Code   RO         9759    i.tcp_new_port      tcp.o
    0x0800b364   0x00000024   Code   RO         9760    i.tcp_next_iss      tcp.o
    0x0800b388   0x0000027c   Code   RO        10110    i.tcp_output        tcp_out.o
    0x0800b604   0x00000040   Code   RO        10111    i.tcp_output_alloc_header  tcp_out.o
    0x0800b644   0x0000007a   Code   RO        10112    i.tcp_output_alloc_header_common  tcp_out.o
    0x0800b6be   0x00000058   Code   RO        10113    i.tcp_output_control_segment  tcp_out.o
    0x0800b716   0x0000001a   Code   RO        10114    i.tcp_output_fill_options  tcp_out.o
    0x0800b730   0x000000e8   Code   RO        10115    i.tcp_output_segment  tcp_out.o
    0x0800b818   0x00000016   Code   RO        10116    i.tcp_output_segment_busy  tcp_out.o
    0x0800b82e   0x00000002   PAD
    0x0800b830   0x000000bc   Code   RO        10040    i.tcp_parseopt      tcp_in.o
    0x0800b8ec   0x00000082   Code   RO        10117    i.tcp_pbuf_prealloc  tcp_out.o
    0x0800b96e   0x00000002   PAD
    0x0800b970   0x00000088   Code   RO         9761    i.tcp_pcb_purge     tcp.o
    0x0800b9f8   0x00000084   Code   RO         9762    i.tcp_pcb_remove    tcp.o
    0x0800ba7c   0x00000040   Code   RO         9763    i.tcp_poll          tcp.o
    0x0800babc   0x00000604   Code   RO        10041    i.tcp_process       tcp_in.o
    0x0800c0c0   0x000000dc   Code   RO         9764    i.tcp_process_refused_data  tcp.o
    0x0800c19c   0x00000608   Code   RO        10042    i.tcp_receive       tcp_in.o
    0x0800c7a4   0x0000000c   Code   RO         9765    i.tcp_recv          tcp.o
    0x0800c7b0   0x00000060   Code   RO         9766    i.tcp_recv_null     tcp.o
    0x0800c810   0x00000084   Code   RO         9767    i.tcp_recved        tcp.o
    0x0800c894   0x0000001c   Code   RO         9768    i.tcp_remove_listener  tcp.o
    0x0800c8b0   0x0000007c   Code   RO        10118    i.tcp_rexmit        tcp_out.o
    0x0800c92c   0x00000080   Code   RO        10119    i.tcp_rexmit_fast   tcp_out.o
    0x0800c9ac   0x00000018   Code   RO        10120    i.tcp_rexmit_rto    tcp_out.o
    0x0800c9c4   0x00000022   Code   RO        10121    i.tcp_rexmit_rto_commit  tcp_out.o
    0x0800c9e6   0x00000092   Code   RO        10122    i.tcp_rexmit_rto_prepare  tcp_out.o
    0x0800ca78   0x0000001e   Code   RO        10123    i.tcp_route         tcp_out.o
    0x0800ca96   0x0000006e   Code   RO        10124    i.tcp_rst           tcp_out.o
    0x0800cb04   0x0000001a   Code   RO         9769    i.tcp_seg_free      tcp.o
    0x0800cb1e   0x00000018   Code   RO         9770    i.tcp_segs_free     tcp.o
    0x0800cb36   0x000000b4   Code   RO        10125    i.tcp_send_empty_ack  tcp_out.o
    0x0800cbea   0x00000052   Code   RO        10126    i.tcp_send_fin      tcp_out.o
    0x0800cc3c   0x0000000a   Code   RO         9771    i.tcp_sent          tcp.o
    0x0800cc46   0x00000002   PAD
    0x0800cc48   0x00000098   Code   RO         9773    i.tcp_shutdown      tcp.o
    0x0800cce0   0x00000410   Code   RO         9774    i.tcp_slowtmr       tcp.o
    0x0800d0f0   0x000001b6   Code   RO        10127    i.tcp_split_unsent_seg  tcp_out.o
    0x0800d2a6   0x00000002   PAD
    0x0800d2a8   0x00000038   Code   RO        10262    i.tcp_timer_needed  timeouts.o
    0x0800d2e0   0x000000b0   Code   RO        10043    i.tcp_timewait_input  tcp_in.o
    0x0800d390   0x00000024   Code   RO         9776    i.tcp_tmr           tcp.o
    0x0800d3b4   0x00000014   Code   RO        10044    i.tcp_trigger_input_pcb_close  tcp_in.o
    0x0800d3c8   0x00000052   Code   RO         9778    i.tcp_update_rcv_ann_wnd  tcp.o
    0x0800d41a   0x00000002   PAD
    0x0800d41c   0x0000050c   Code   RO        10128    i.tcp_write         tcp_out.o
    0x0800d928   0x00000080   Code   RO        10129    i.tcp_write_checks  tcp_out.o
    0x0800d9a8   0x000000ee   Code   RO        10130    i.tcp_zero_window_probe  tcp_out.o
    0x0800da96   0x00000002   PAD
    0x0800da98   0x00000060   Code   RO         8622    i.tcpip_init        tcpip.o
    0x0800daf8   0x0000004c   Code   RO         8623    i.tcpip_inpkt       tcpip.o
    0x0800db44   0x00000030   Code   RO         8624    i.tcpip_input       tcpip.o
    0x0800db74   0x00000020   Code   RO         8625    i.tcpip_send_msg_wait_sem  tcpip.o
    0x0800db94   0x00000038   Code   RO        10263    i.tcpip_tcp_timer   timeouts.o
    0x0800dbcc   0x0000004c   Code   RO         8626    i.tcpip_thread      tcpip.o
    0x0800dc18   0x0000005c   Code   RO         8627    i.tcpip_thread_handle_msg  tcpip.o
    0x0800dc74   0x00000060   Code   RO         8628    i.tcpip_timeouts_mbox_fetch  tcpip.o
    0x0800dcd4   0x0000001a   Code   RO         8338    i.tryget_socket     sockets.o
    0x0800dcee   0x00000010   Code   RO         8339    i.tryget_socket_unconn  sockets.o
    0x0800dcfe   0x00000002   PAD
    0x0800dd00   0x00000020   Code   RO         8341    i.tryget_socket_unconn_nouse  sockets.o
    0x0800dd20   0x000000e8   Code   RO        10330    i.udp_bind          udp.o
    0x0800de08   0x000000d4   Code   RO        10332    i.udp_connect       udp.o
    0x0800dedc   0x0000004c   Code   RO        10333    i.udp_disconnect    udp.o
    0x0800df28   0x00000002   Code   RO        10334    i.udp_init          udp.o
    0x0800df2a   0x00000002   PAD
    0x0800df2c   0x000001a0   Code   RO        10335    i.udp_input         udp.o
    0x0800e0cc   0x00000068   Code   RO        10336    i.udp_input_local_match  udp.o
    0x0800e134   0x00000030   Code   RO        10337    i.udp_netif_ip_addr_changed  udp.o
    0x0800e164   0x0000001c   Code   RO        10338    i.udp_new           udp.o
    0x0800e180   0x0000000e   Code   RO        10339    i.udp_new_ip_type   udp.o
    0x0800e18e   0x00000002   PAD
    0x0800e190   0x00000058   Code   RO        10340    i.udp_new_port      udp.o
    0x0800e1e8   0x0000003c   Code   RO        10341    i.udp_recv          udp.o
    0x0800e224   0x00000070   Code   RO        10342    i.udp_remove        udp.o
    0x0800e294   0x00000070   Code   RO        10343    i.udp_send          udp.o
    0x0800e304   0x000000e0   Code   RO        10344    i.udp_sendto        udp.o
    0x0800e3e4   0x0000011c   Code   RO        10345    i.udp_sendto_if     udp.o
    0x0800e500   0x00000208   Code   RO        10346    i.udp_sendto_if_src  udp.o
    0x0800e708   0x000000e8   Code   RO         5392    i.usart_baudrate_set  gd32f4xx_usart.o
    0x0800e7f0   0x00000008   Code   RO         5397    i.usart_data_transmit  gd32f4xx_usart.o
    0x0800e7f8   0x000000dc   Code   RO         5398    i.usart_deinit      gd32f4xx_usart.o
    0x0800e8d4   0x0000000a   Code   RO         5402    i.usart_enable      gd32f4xx_usart.o
    0x0800e8de   0x0000001e   Code   RO         5404    i.usart_flag_get    gd32f4xx_usart.o
    0x0800e8fc   0x0000001a   Code   RO         5412    i.usart_interrupt_enable  gd32f4xx_usart.o
    0x0800e916   0x00000010   Code   RO         5427    i.usart_parity_config  gd32f4xx_usart.o
    0x0800e926   0x00000010   Code   RO         5429    i.usart_receive_config  gd32f4xx_usart.o
    0x0800e936   0x00000010   Code   RO         5440    i.usart_stop_bit_set  gd32f4xx_usart.o
    0x0800e946   0x00000010   Code   RO         5444    i.usart_transmit_config  gd32f4xx_usart.o
    0x0800e956   0x00000010   Code   RO         5445    i.usart_word_length_set  gd32f4xx_usart.o
    0x0800e966   0x00000028   Code   RO         6648    i.uxListRemove      list.o
    0x0800e98e   0x0000001a   Code   RO         6649    i.vListInitialise   list.o
    0x0800e9a8   0x00000006   Code   RO         6650    i.vListInitialiseItem  list.o
    0x0800e9ae   0x00000034   Code   RO         6651    i.vListInsert       list.o
    0x0800e9e2   0x00000018   Code   RO         6652    i.vListInsertEnd    list.o
    0x0800e9fa   0x00000002   PAD
    0x0800e9fc   0x00000054   Code   RO         7584    i.vPortEnterCritical  port.o
    0x0800ea50   0x0000003c   Code   RO         7585    i.vPortExitCritical  port.o
    0x0800ea8c   0x000000a4   Code   RO         7659    i.vPortFree         heap_4.o
    0x0800eb30   0x00000028   Code   RO         7586    i.vPortSetupTimerInterrupt  port.o
    0x0800eb58   0x00000078   Code   RO         7587    i.vPortValidateInterruptPriority  port.o
    0x0800ebd0   0x00000060   Code   RO         6698    i.vQueueAddToRegistry  queue.o
    0x0800ec30   0x0000002c   Code   RO         6699    i.vQueueDelete      queue.o
    0x0800ec5c   0x00000048   Code   RO         6701    i.vQueueUnregisterQueue  queue.o
    0x0800eca4   0x0000004a   Code   RO         6702    i.vQueueWaitForMessageRestricted  queue.o
    0x0800ecee   0x00000002   PAD
    0x0800ecf0   0x0000005c   Code   RO         7073    i.vTaskDelay        tasks.o
    0x0800ed4c   0x000000fc   Code   RO         7074    i.vTaskDelete       tasks.o
    0x0800ee48   0x00000018   Code   RO         7078    i.vTaskInternalSetTimeOutState  tasks.o
    0x0800ee60   0x0000000c   Code   RO         7079    i.vTaskMissedYield  tasks.o
    0x0800ee6c   0x00000038   Code   RO         7080    i.vTaskPlaceOnEventList  tasks.o
    0x0800eea4   0x00000064   Code   RO         7081    i.vTaskPlaceOnEventListRestricted  tasks.o
    0x0800ef08   0x00000118   Code   RO         7083    i.vTaskPriorityDisinheritAfterTimeout  tasks.o
    0x0800f020   0x0000009c   Code   RO         7089    i.vTaskStartScheduler  tasks.o
    0x0800f0bc   0x00000010   Code   RO         7091    i.vTaskSuspendAll   tasks.o
    0x0800f0cc   0x0000008c   Code   RO         7092    i.vTaskSwitchContext  tasks.o
    0x0800f158   0x00000168   Code   RO         7588    i.xPortStartScheduler  port.o
    0x0800f2c0   0x00000022   Code   RO         6704    i.xQueueCreateMutex  queue.o
    0x0800f2e2   0x00000066   Code   RO         6705    i.xQueueGenericCreate  queue.o
    0x0800f348   0x000000dc   Code   RO         6706    i.xQueueGenericReset  queue.o
    0x0800f424   0x000001a8   Code   RO         6707    i.xQueueGenericSend  queue.o
    0x0800f5cc   0x00000104   Code   RO         6709    i.xQueueGiveFromISR  queue.o
    0x0800f6d0   0x00000048   Code   RO         6710    i.xQueueGiveMutexRecursive  queue.o
    0x0800f718   0x00000168   Code   RO         6715    i.xQueueReceive     queue.o
    0x0800f880   0x000001b8   Code   RO         6717    i.xQueueSemaphoreTake  queue.o
    0x0800fa38   0x0000004e   Code   RO         6718    i.xQueueTakeMutexRecursive  queue.o
    0x0800fa86   0x00000002   PAD
    0x0800fa88   0x00000090   Code   RO         7094    i.xTaskCheckForTimeOut  tasks.o
    0x0800fb18   0x00000060   Code   RO         7095    i.xTaskCreate       tasks.o
    0x0800fb78   0x0000000c   Code   RO         7101    i.xTaskGetCurrentTaskHandle  tasks.o
    0x0800fb84   0x00000020   Code   RO         7102    i.xTaskGetSchedulerState  tasks.o
    0x0800fba4   0x0000000c   Code   RO         7103    i.xTaskGetTickCount  tasks.o
    0x0800fbb0   0x000001bc   Code   RO         7105    i.xTaskIncrementTick  tasks.o
    0x0800fd6c   0x000000f0   Code   RO         7106    i.xTaskPriorityDisinherit  tasks.o
    0x0800fe5c   0x000000ec   Code   RO         7107    i.xTaskPriorityInherit  tasks.o
    0x0800ff48   0x00000120   Code   RO         7108    i.xTaskRemoveFromEventList  tasks.o
    0x08010068   0x00000178   Code   RO         7109    i.xTaskResumeAll    tasks.o
    0x080101e0   0x00000058   Code   RO         7435    i.xTimerCreateTimerTask  timers.o
    0x08010238   0x00000003   Data   RO         7957    .constdata          api_msg.o
    0x0801023b   0x00000001   PAD
    0x0801023c   0x00000044   Data   RO         8131    .constdata          err.o
    0x08010280   0x00000104   Data   RO         9240    .constdata          memp.o
    0x08010384   0x00000050   Data   RO         9779    .constdata          tcp.o
    0x080103d4   0x0000002c   Data   RO        10264    .constdata          timeouts.o
    0x08010400   0x00000008   Data   RO        10843    .constdata          ip4_addr.o
    0x08010408   0x0000000c   Data   RO        10994    .constdata          ethernet.o
    0x08010414   0x00000098   Data   RO         9241    .conststring        memp.o
    0x080104ac   0x0000006d   Data   RO         9780    .conststring        tcp.o
    0x08010519   0x00000003   PAD
    0x0801051c   0x00000020   Data   RO        11458    Region$$Table       anon$$obj.o


    Execution Region RW_IRAM1 (Base: 0x20000000, Size: 0x00014f38, Max: 0x00020000, ABSOLUTE, COMPRESSED[0x00000020])

    Base Addr    Size         Type   Attr      Idx    E Section Name        Object

    0x20000000   0x00000004   Data   RW          279    .data               system_gd32f4xx.o
    0x20000004   0x00000014   Data   RW         1697    .data               gd32f4xx_enet.o
    0x20000018   0x00000004   Data   RW         6132    .data               bsp_enet.o
    0x2000001c   0x00000040   Data   RW         7112    .data               tasks.o
    0x2000005c   0x00000014   Data   RW         7442    .data               timers.o
    0x20000070   0x0000000c   Data   RW         7589    .data               port.o
    0x2000007c   0x00000020   Data   RW         7665    .data               heap_4.o
    0x2000009c   0x00000004   Data   RW         8169    .data               if_api.o
    0x200000a0   0x00000004   Data   RW         8343    .data               sockets.o
    0x200000a4   0x00000010   Data   RW         8630    .data               tcpip.o
    0x200000b4   0x0000000c   Data   RW         8757    .data               ethernetif.o
    0x200000c0   0x00000010   Data   RW         9168    .data               mem.o
    0x200000d0   0x00000034   Data   RW         9242    .data               memp.o
    0x20000104   0x00000009   Data   RW         9353    .data               netif.o
    0x2000010d   0x00000003   PAD
    0x20000110   0x00000020   Data   RW         9781    .data               tcp.o
    0x20000130   0x00000028   Data   RW        10046    .data               tcp_in.o
    0x20000158   0x0000000c   Data   RW        10265    .data               timeouts.o
    0x20000164   0x00000008   Data   RW        10347    .data               udp.o
    0x2000016c   0x00000018   Data   RW        10492    .data               dhcp.o
    0x20000184   0x00000001   Data   RW        10683    .data               etharp.o
    0x20000185   0x00000001   PAD
    0x20000186   0x00000002   Data   RW        10799    .data               ip4.o
    0x20000188   0x00000006   Data   RW        10903    .data               ip4_frag.o
    0x2000018e   0x00000002   PAD
    0x20000190   0x00000004   Data   RW        11417    .data               mc_w.l(stdout.o)
    0x20000194   0x00003c64   Zero   RW         1695    .bss                gd32f4xx_enet.o
    0x20003df8   0x00000034   Zero   RW         6264    .bss                md_lwip.o
    0x20003e2c   0x000005b4   Zero   RW         6424    .bss                md_app.o
    0x200043e0   0x00000040   Zero   RW         6719    .bss                queue.o
    0x20004420   0x00000104   Zero   RW         7111    .bss                tasks.o
    0x20004524   0x00000028   Zero   RW         7441    .bss                timers.o
    0x2000454c   0x00007800   Zero   RW         7664    .bss                heap_4.o
    0x2000bd4c   0x00000040   Zero   RW         8342    .bss                sockets.o
    0x2000bd8c   0x00000018   Zero   RW         9146    .bss                ip.o
    0x2000bda4   0x00005013   Zero   RW         9167    .bss                mem.o
    0x20010db7   0x00003c5b   Zero   RW         9239    .bss                memp.o
    0x20014a12   0x00000002   PAD
    0x20014a14   0x00000014   Zero   RW        10045    .bss                tcp_in.o
    0x20014a28   0x00000020   Zero   RW        10491    .bss                dhcp.o
    0x20014a48   0x000000f0   Zero   RW        10682    .bss                etharp.o
    0x20014b38   0x00000400   Zero   RW            1    STACK               startup_gd32f407.o


==============================================================================

Image component sizes


      Code (inc. data)   RO Data    RW Data    ZI Data      Debug   Object Name

       978        232          0          0          0      31131   api_lib.o
      3360        108          3          0          0      35857   api_msg.o
       600         18          0          0          0       1460   bsp_can.o
       572         26          0          4          0       2184   bsp_enet.o
       284         12          0          0          0        588   bsp_gpio.o
       112          0          0          0          0        541   bsp_sys.o
         0          0          0          0          0       1228   bsp_time.o
      1148         66          0          0          0       4004   bsp_uart.o
        38          0          0          0          0       1002   def.o
      5422        426          0         24         32      27940   dhcp.o
        32          6         68          0          0       6331   err.o
      2390         84          0          1        240      10600   etharp.o
       310          6         12          0          0       2494   ethernet.o
       660         78          0         12          0       8975   ethernetif.o
         0          0          0          0          0      11984   event_groups.o
       622         16          0          0          0       2929   gd32f4xx_can.o
      2606        242          0         20      15460      15712   gd32f4xx_enet.o
       246          0          0          0          0       3356   gd32f4xx_gpio.o
        20          0          0          0          0      77177   gd32f4xx_it.o
       216         20          0          0          0       1352   gd32f4xx_misc.o
       428         46          0          0          0       3796   gd32f4xx_rcu.o
        24          6          0          0          0        583   gd32f4xx_syscfg.o
       606         18          0          0          0       6657   gd32f4xx_usart.o
       756         74          0         32      30720       4359   heap_4.o
       668          4          0          0          0       4506   icmp.o
         0          0          0          4          0        196   if_api.o
       180          0          0          0          0       1950   inet_chksum.o
        42          0          0          0          0        508   init.o
         0          0          0          0         24       3086   ip.o
      1014         30          0          2          0       5464   ip4.o
        78          0          8          0          0       8454   ip4_addr.o
      2008         64          0          6          0      11522   ip4_frag.o
       148          0          0          0          0       3170   list.o
        16          0          0          0          0      35775   main.o
       364         34          0          0       1460      20922   md_app.o
       176         34          0          0         52      26723   md_lwip.o
      1220         92          0         16      20499       7817   mem.o
       326         78        412         52      15451      11747   memp.o
       212         54          0          0          0      10871   netbuf.o
       964        160          0          9          0      14473   netif.o
      2116        376          0          0          0      14977   pbuf.o
      1014         92          0         12          0      10853   port.o
      2718         30          0          0         64      21754   queue.o
      2234        148          0          4         64      34975   sockets.o
        36          8        392          0       1024        840   startup_gd32f407.o
       594          0          0          0          0      14821   sys_arch.o
       392         28          0          4          0       2223   system_gd32f4xx.o
      3974        436          0         64        260      31135   tasks.o
      4898        590        189         32          0      38228   tcp.o
      5524        360          0         40         20      20279   tcp_in.o
      4878         90          0          0          0      31650   tcp_out.o
       516         70          0         16          0       9109   tcpip.o
       562         74         44         12          0       6839   timeouts.o
       962        110          0         20         40      22880   timers.o
      2532        632          0          8          0      13836   udp.o

    ----------------------------------------------------------------------
     61874       5078       1164        400      85412     703823   Object Totals
         0          0         32          0          0          0   (incl. Generated)
        78          0          4          6          2          0   (incl. Padding)

    ----------------------------------------------------------------------

      Code (inc. data)   RO Data    RW Data    ZI Data      Debug   Library Member Name

        58          0          0          0          0          0   __dczerorl.o
         0          0          0          0          0          0   entry.o
         0          0          0          0          0          0   entry10a.o
         0          0          0          0          0          0   entry11a.o
         8          4          0          0          0          0   entry2.o
         4          0          0          0          0          0   entry5.o
         0          0          0          0          0          0   entry7b.o
         0          0          0          0          0          0   entry8b.o
         8          4          0          0          0          0   entry9a.o
        30          0          0          0          0          0   handlers.o
        36          8          0          0          0         68   init.o
         0          0          0          0          0          0   iusefp.o
        30          0          0          0          0         68   llshl.o
        36          0          0          0          0         68   llsshr.o
        32          0          0          0          0         68   llushr.o
        26          0          0          0          0         80   memcmp.o
        64          0          0          0          0         76   memmovea.o
        36          0          0          0          0        108   memseta.o
      2258         90          0          0          0        452   printfa.o
         0          0          0          4          0          0   stdout.o
        44          0          0          0          0         80   uidiv.o
        98          0          0          0          0         92   uldiv.o
        48          0          0          0          0         68   cdrcmple.o
       334          0          0          0          0        148   dadd.o
       222          0          0          0          0        100   ddiv.o
       186          0          0          0          0        176   depilogue.o
        48          0          0          0          0         68   dfixul.o
       228          0          0          0          0         96   dmul.o

    ----------------------------------------------------------------------
      3838        106          0          4          0       1816   Library Totals
         4          0          0          0          0          0   (incl. Padding)

    ----------------------------------------------------------------------

      Code (inc. data)   RO Data    RW Data    ZI Data      Debug   Library Name

      2768        106          0          4          0       1160   mc_w.l
      1066          0          0          0          0        656   mf_w.l

    ----------------------------------------------------------------------
      3838        106          0          4          0       1816   Library Totals

    ----------------------------------------------------------------------

==============================================================================


      Code (inc. data)   RO Data    RW Data    ZI Data      Debug   

     65712       5184       1164        404      85412     659587   Grand Totals
     65712       5184       1164         32      85412     659587   ELF Image Totals (compressed)
     65712       5184       1164         32          0          0   ROM Totals

==============================================================================

    Total RO  Size (Code + RO Data)                66876 (  65.31kB)
    Total RW  Size (RW Data + ZI Data)             85816 (  83.80kB)
    Total ROM Size (Code + RO Data + RW Data)      66908 (  65.34kB)

==============================================================================

