Component: ARM Compiler 5.06 update 4 (build 422) Tool: armlink [4d35d2]

==============================================================================

Section Cross References

    startup_gd32f450_470.o(RESET) refers to startup_gd32f450_470.o(STACK) for __initial_sp
    startup_gd32f450_470.o(RESET) refers to startup_gd32f450_470.o(.text) for Reset_Handler
    startup_gd32f450_470.o(RESET) refers to gd32f4xx_it.o(i.NMI_Handler) for NMI_Handler
    startup_gd32f450_470.o(RESET) refers to gd32f4xx_it.o(i.HardFault_Handler) for HardFault_Handler
    startup_gd32f450_470.o(RESET) refers to gd32f4xx_it.o(i.MemManage_Handler) for MemManage_Handler
    startup_gd32f450_470.o(RESET) refers to gd32f4xx_it.o(i.BusFault_Handler) for BusFault_Handler
    startup_gd32f450_470.o(RESET) refers to gd32f4xx_it.o(i.UsageFault_Handler) for UsageFault_Handler
    startup_gd32f450_470.o(RESET) refers to gd32f4xx_it.o(i.SVC_Handler) for SVC_Handler
    startup_gd32f450_470.o(RESET) refers to gd32f4xx_it.o(i.DebugMon_Handler) for DebugMon_Handler
    startup_gd32f450_470.o(RESET) refers to gd32f4xx_it.o(i.PendSV_Handler) for PendSV_Handler
    startup_gd32f450_470.o(RESET) refers to gd32f4xx_it.o(i.SysTick_Handler) for SysTick_Handler
    startup_gd32f450_470.o(RESET) refers to ecatport.o(i.EXTI1_IRQHandler) for EXTI1_IRQHandler
    startup_gd32f450_470.o(RESET) refers to ecatport.o(i.EXTI3_IRQHandler) for EXTI3_IRQHandler
    startup_gd32f450_470.o(RESET) refers to ecatport.o(i.EXTI10_15_IRQHandler) for EXTI10_15_IRQHandler
    startup_gd32f450_470.o(RESET) refers to ecatport.o(i.TIMER4_IRQHandler) for TIMER4_IRQHandler
    startup_gd32f450_470.o(.text) refers to system_gd32f4xx.o(i.SystemInit) for SystemInit
    startup_gd32f450_470.o(.text) refers to entry.o(.ARM.Collect$$$$00000000) for __main
    gd32f4xx_it.o(i.SysTick_Handler) refers to bsp_systick.o(i.TimingDelay_Decrement) for TimingDelay_Decrement
    system_gd32f4xx.o(i.SystemCoreClockUpdate) refers to system_gd32f4xx.o(.data) for .data
    system_gd32f4xx.o(i.SystemInit) refers to system_gd32f4xx.o(i.system_clock_200m_25m_hxtal) for system_clock_200m_25m_hxtal
    gd32f4xx_adc.o(i.adc_deinit) refers to gd32f4xx_rcu.o(i.rcu_periph_reset_enable) for rcu_periph_reset_enable
    gd32f4xx_adc.o(i.adc_deinit) refers to gd32f4xx_rcu.o(i.rcu_periph_reset_disable) for rcu_periph_reset_disable
    gd32f4xx_can.o(i.can_debug_freeze_disable) refers to gd32f4xx_dbg.o(i.dbg_periph_disable) for dbg_periph_disable
    gd32f4xx_can.o(i.can_debug_freeze_enable) refers to gd32f4xx_dbg.o(i.dbg_periph_enable) for dbg_periph_enable
    gd32f4xx_can.o(i.can_deinit) refers to gd32f4xx_rcu.o(i.rcu_periph_reset_enable) for rcu_periph_reset_enable
    gd32f4xx_can.o(i.can_deinit) refers to gd32f4xx_rcu.o(i.rcu_periph_reset_disable) for rcu_periph_reset_disable
    gd32f4xx_can.o(i.can_interrupt_flag_get) refers to gd32f4xx_can.o(i.can_receive_message_length_get) for can_receive_message_length_get
    gd32f4xx_can.o(i.can_interrupt_flag_get) refers to gd32f4xx_can.o(i.can_error_get) for can_error_get
    gd32f4xx_ctc.o(i.ctc_deinit) refers to gd32f4xx_rcu.o(i.rcu_periph_reset_enable) for rcu_periph_reset_enable
    gd32f4xx_ctc.o(i.ctc_deinit) refers to gd32f4xx_rcu.o(i.rcu_periph_reset_disable) for rcu_periph_reset_disable
    gd32f4xx_dac.o(i.dac_deinit) refers to gd32f4xx_rcu.o(i.rcu_periph_reset_enable) for rcu_periph_reset_enable
    gd32f4xx_dac.o(i.dac_deinit) refers to gd32f4xx_rcu.o(i.rcu_periph_reset_disable) for rcu_periph_reset_disable
    gd32f4xx_dci.o(i.dci_deinit) refers to gd32f4xx_rcu.o(i.rcu_periph_reset_enable) for rcu_periph_reset_enable
    gd32f4xx_dci.o(i.dci_deinit) refers to gd32f4xx_rcu.o(i.rcu_periph_reset_disable) for rcu_periph_reset_disable
    gd32f4xx_enet.o(i.enet_deinit) refers to gd32f4xx_rcu.o(i.rcu_periph_reset_enable) for rcu_periph_reset_enable
    gd32f4xx_enet.o(i.enet_deinit) refers to gd32f4xx_rcu.o(i.rcu_periph_reset_disable) for rcu_periph_reset_disable
    gd32f4xx_enet.o(i.enet_deinit) refers to gd32f4xx_enet.o(i.enet_initpara_reset) for enet_initpara_reset
    gd32f4xx_enet.o(i.enet_descriptors_chain_init) refers to gd32f4xx_enet.o(.data) for .data
    gd32f4xx_enet.o(i.enet_descriptors_chain_init) refers to gd32f4xx_enet.o(.bss) for .bss
    gd32f4xx_enet.o(i.enet_descriptors_ring_init) refers to gd32f4xx_enet.o(.data) for .data
    gd32f4xx_enet.o(i.enet_descriptors_ring_init) refers to gd32f4xx_enet.o(.bss) for .bss
    gd32f4xx_enet.o(i.enet_disable) refers to gd32f4xx_enet.o(i.enet_tx_disable) for enet_tx_disable
    gd32f4xx_enet.o(i.enet_disable) refers to gd32f4xx_enet.o(i.enet_rx_disable) for enet_rx_disable
    gd32f4xx_enet.o(i.enet_enable) refers to gd32f4xx_enet.o(i.enet_tx_enable) for enet_tx_enable
    gd32f4xx_enet.o(i.enet_enable) refers to gd32f4xx_enet.o(i.enet_rx_enable) for enet_rx_enable
    gd32f4xx_enet.o(i.enet_frame_receive) refers to gd32f4xx_enet.o(.data) for .data
[...]
    i.MBX_Init                               0x080017b8   Section        0  mailbox.o(i.MBX_Init)
    i.MBX_MailboxReadInd                     0x08001828   Section        0  mailbox.o(i.MBX_MailboxReadInd)
    i.MBX_MailboxRepeatReq                   0x08001888   Section        0  mailbox.o(i.MBX_MailboxRepeatReq)
    i.MBX_MailboxSendReq                     0x080018c8   Section        0  mailbox.o(i.MBX_MailboxSendReq)
    i.MBX_MailboxWriteInd                    0x08001940   Section        0  mailbox.o(i.MBX_MailboxWriteInd)
    i.MBX_Main                               0x080019a8   Section        0  mailbox.o(i.MBX_Main)
    i.MBX_StartMailboxHandler                0x080019f4   Section        0  mailbox.o(i.MBX_StartMailboxHandler)
    i.MBX_StopMailboxHandler                 0x08001a64   Section        0  mailbox.o(i.MBX_StopMailboxHandler)
    i.MailboxServiceInd                      0x08001b0c   Section        0  mailbox.o(i.MailboxServiceInd)
    i.MainInit                               0x08001b20   Section        0  ecatappl.o(i.MainInit)
    i.MainLoop                               0x08001b9c   Section        0  ecatappl.o(i.MainLoop)
    i.MemManage_Handler                      0x08001c48   Section        0  gd32f4xx_it.o(i.MemManage_Handler)
    i.NMI_Handler                            0x08001c4a   Section        0  gd32f4xx_it.o(i.NMI_Handler)
    i.OBJ_CopyNumberToString                 0x08001c4c   Section        0  objdef.o(i.OBJ_CopyNumberToString)
    i.OBJ_GetDesc                            0x08001c7c   Section        0  objdef.o(i.OBJ_GetDesc)
    i.OBJ_GetEntryDesc                       0x08001d1c   Section        0  objdef.o(i.OBJ_GetEntryDesc)
    i.OBJ_GetEntryOffset                     0x08001d3a   Section        0  objdef.o(i.OBJ_GetEntryOffset)
    i.OBJ_GetNoOfObjects                     0x08001e00   Section        0  objdef.o(i.OBJ_GetNoOfObjects)
    i.OBJ_GetObjDesc                         0x08001e5c   Section        0  objdef.o(i.OBJ_GetObjDesc)
    i.OBJ_GetObjectHandle                    0x08001e60   Section        0  objdef.o(i.OBJ_GetObjectHandle)
    i.OBJ_GetObjectLength                    0x08001e78   Section        0  objdef.o(i.OBJ_GetObjectLength)
    i.OBJ_GetObjectList                      0x08001efc   Section        0  objdef.o(i.OBJ_GetObjectList)
    i.OBJ_Read                               0x08001f94   Section        0  objdef.o(i.OBJ_Read)
    i.OBJ_Write                              0x080022d8   Section        0  objdef.o(i.OBJ_Write)
    i.PDI_Isr                                0x08002694   Section        0  ecatappl.o(i.PDI_Isr)
    i.PDO_InputMapping                       0x0800277c   Section        0  ecatappl.o(i.PDO_InputMapping)
    i.PDO_OutputMapping                      0x080027e0   Section        0  ecatappl.o(i.PDO_OutputMapping)
    i.PendSV_Handler                         0x08002854   Section        0  gd32f4xx_it.o(i.PendSV_Handler)
    i.PutInMbxQueue                          0x08002856   Section        0  mailbox.o(i.PutInMbxQueue)
    i.Read0x10F8                             0x0800287c   Section        0  coeappl.o(i.Read0x10F8)
    i.ResetALEventMask                       0x080028bc   Section        0  ecatslv.o(i.ResetALEventMask)
    i.SDOS_SdoInd                            0x080028f4   Section        0  sdoserv.o(i.SDOS_SdoInd)
    i.SDOS_SdoInfoInd                        0x08002bd4   Section        0  sdoserv.o(i.SDOS_SdoInfoInd)
    i.SDOS_SdoRes                            0x08002e34   Section        0  sdoserv.o(i.SDOS_SdoRes)
    i.SODS_ClearPendingResponse              0x08002ec4   Section        0  sdoserv.o(i.SODS_ClearPendingResponse)
    i.SVC_Handler                            0x08002f18   Section        0  gd32f4xx_it.o(i.SVC_Handler)
    i.SdoDownloadSegmentInd                  0x08002f1c   Section        0  sdoserv.o(i.SdoDownloadSegmentInd)
    SdoDownloadSegmentInd                    0x08002f1d   Thumb Code   470  sdoserv.o(i.SdoDownloadSegmentInd)
    i.SdoRes                                 0x080030fc   Section        0  sdoserv.o(i.SdoRes)
    i.SdoUploadSegmentInd                    0x080031b8   Section        0  sdoserv.o(i.SdoUploadSegmentInd)
    SdoUploadSegmentInd                      0x080031b9   Thumb Code   264  sdoserv.o(i.SdoUploadSegmentInd)
    i.SetALEventMask                         0x080032c8   Section        0  ecatslv.o(i.SetALEventMask)
    i.SetALStatus                            0x08003300   Section        0  ecatslv.o(i.SetALStatus)
    i.StartInputHandler                      0x0800336c   Section        0  ecatslv.o(i.StartInputHandler)
    i.StartOutputHandler                     0x08003764   Section        0  ecatslv.o(i.StartOutputHandler)
    i.StopInputHandler                       0x0800379c   Section        0  ecatslv.o(i.StopInputHandler)
    i.StopOutputHandler                      0x08003808   Section        0  ecatslv.o(i.StopOutputHandler)
    i.Sync0_Isr                              0x08003818   Section        0  ecatappl.o(i.Sync0_Isr)
    i.Sync1_Isr                              0x08003914   Section        0  ecatappl.o(i.Sync1_Isr)
    i.SysTick_Handler                        0x08003950   Section        0  gd32f4xx_it.o(i.SysTick_Handler)
    i.SystemInit                             0x08003954   Section        0  system_gd32f4xx.o(i.SystemInit)
    i.TIMER4_IRQHandler                      0x080039e0   Section        0  ecatport.o(i.TIMER4_IRQHandler)
    i.TimingDelay_Decrement                  0x080039f8   Section        0  bsp_systick.o(i.TimingDelay_Decrement)
    i.UpdateEEPROMLoadedState                0x08003a0c   Section        0  ecatslv.o(i.UpdateEEPROMLoadedState)
    i.UsageFault_Handler                     0x08003a3c   Section        0  gd32f4xx_it.o(i.UsageFault_Handler)
    i.__scatterload_copy                     0x08003a3e   Section       14  handlers.o(i.__scatterload_copy)
    i.__scatterload_null                     0x08003a4c   Section        2  handlers.o(i.__scatterload_null)
    i.__scatterload_zeroinit                 0x08003a4e   Section       14  handlers.o(i.__scatterload_zeroinit)
    i.bsp_spi3_init                          0x08003a5c   Section        0  bsp_spi.o(i.bsp_spi3_init)
    i.bsp_time4_init                         0x08003b50   Section        0  bsp_time.o(i.bsp_time4_init)
    i.delay_ms                               0x08003ba4   Section        0  bsp_systick.o(i.delay_ms)
    i.ethercat_gpio_init                     0x08003bbc   Section        0  md_ethercat.o(i.ethercat_gpio_init)
    i.ethercat_pdi_init                      0x08003c08   Section        0  md_ethercat.o(i.ethercat_pdi_init)
    i.ethercat_sync0_init                    0x08003c48   Section        0  md_ethercat.o(i.ethercat_sync0_init)
    i.ethercat_sync1_init                    0x08003c8c   Section        0  md_ethercat.o(i.ethercat_sync1_init)
    i.ethercat_timer_init                    0x08003ccc   Section        0  md_ethercat.o(i.ethercat_timer_init)
    i.exti_init                              0x08003cd0   Section        0  gd32f4xx_exti.o(i.exti_init)
    i.exti_interrupt_flag_clear              0x08003d38   Section        0  gd32f4xx_exti.o(i.exti_interrupt_flag_clear)
    i.free                                   0x08003d44   Section        0  malloc.o(i.free)
    i.gpio_af_set                            0x08003d94   Section        0  gd32f4xx_gpio.o(i.gpio_af_set)
    i.gpio_bit_reset                         0x08003dea   Section        0  gd32f4xx_gpio.o(i.gpio_bit_reset)
    i.gpio_bit_set                           0x08003dee   Section        0  gd32f4xx_gpio.o(i.gpio_bit_set)
    i.gpio_mode_set                          0x08003df2   Section        0  gd32f4xx_gpio.o(i.gpio_mode_set)
    i.gpio_output_options_set                0x08003e3a   Section        0  gd32f4xx_gpio.o(i.gpio_output_options_set)
    i.main                                   0x08003e78   Section        0  myapp.o(i.main)
    i.malloc                                 0x08003ea0   Section        0  malloc.o(i.malloc)
    i.nvic_configuration                     0x08003f0c   Section        0  bsp_sys.o(i.nvic_configuration)
    i.nvic_irq_disable                       0x08003fb0   Section        0  gd32f4xx_misc.o(i.nvic_irq_disable)
    i.nvic_irq_enable                        0x08003fc8   Section        0  gd32f4xx_misc.o(i.nvic_irq_enable)
    i.nvic_priority_group_set                0x0800405c   Section        0  gd32f4xx_misc.o(i.nvic_priority_group_set)
    i.rcu_periph_clock_enable                0x08004070   Section        0  gd32f4xx_rcu.o(i.rcu_periph_clock_enable)
    i.rcu_periph_reset_disable               0x08004090   Section        0  gd32f4xx_rcu.o(i.rcu_periph_reset_disable)
    i.rcu_periph_reset_enable                0x080040b0   Section        0  gd32f4xx_rcu.o(i.rcu_periph_reset_enable)
    i.rcu_timer_clock_prescaler_config       0x080040d0   Section        0  gd32f4xx_rcu.o(i.rcu_timer_clock_prescaler_config)
    i.spi_data_rw                            0x080040ec   Section        0  md_ethercat.o(i.spi_data_rw)
    i.spi_enable                             0x08004120   Section        0  gd32f4xx_spi.o(i.spi_enable)
    i.spi_i2s_data_receive                   0x0800412a   Section        0  gd32f4xx_spi.o(i.spi_i2s_data_receive)
    i.spi_i2s_data_transmit                  0x08004130   Section        0  gd32f4xx_spi.o(i.spi_i2s_data_transmit)
    i.spi_i2s_flag_get                       0x08004134   Section        0  gd32f4xx_spi.o(i.spi_i2s_flag_get)
    i.spi_init                               0x0800413e   Section        0  gd32f4xx_spi.o(i.spi_init)
    i.sysTick_init                           0x0800416c   Section        0  bsp_systick.o(i.sysTick_init)
    i.syscfg_exti_line_config                0x080041a4   Section        0  gd32f4xx_syscfg.o(i.syscfg_exti_line_config)
    i.system_clock_200m_25m_hxtal            0x080041e8   Section        0  system_gd32f4xx.o(i.system_clock_200m_25m_hxtal)
    system_clock_200m_25m_hxtal              0x080041e9   Thumb Code   158  system_gd32f4xx.o(i.system_clock_200m_25m_hxtal)
    i.timer_deinit                           0x08004294   Section        0  gd32f4xx_timer.o(i.timer_deinit)
    i.timer_enable                           0x08004360   Section        0  gd32f4xx_timer.o(i.timer_enable)
    i.timer_init                             0x0800436c   Section        0  gd32f4xx_timer.o(i.timer_init)
    i.timer_interrupt_enable                 0x08004400   Section        0  gd32f4xx_timer.o(i.timer_interrupt_enable)
    i.timer_interrupt_flag_clear             0x08004408   Section        0  gd32f4xx_timer.o(i.timer_interrupt_flag_clear)
    .constdata                               0x0800440e   Section       18  coeappl.o(.constdata)
    .constdata                               0x08004420   Section       17  coeappl.o(.constdata)
    .constdata                               0x08004432   Section       18  coeappl.o(.constdata)
    .constdata                               0x08004444   Section       17  coeappl.o(.constdata)
    .constdata                               0x08004456   Section       12  coeappl.o(.constdata)
    .constdata                               0x08004462   Section       27  coeappl.o(.constdata)
    .constdata                               0x0800447e   Section       12  coeappl.o(.constdata)
    .constdata                               0x0800448a   Section       27  coeappl.o(.constdata)
    .constdata                               0x080044a6   Section        6  coeappl.o(.constdata)
    .constdata                               0x080044ac   Section        7  coeappl.o(.constdata)
    .constdata                               0x080044b4   Section        6  coeappl.o(.constdata)
    .constdata                               0x080044ba   Section        7  coeappl.o(.constdata)
    .constdata                               0x080044c2   Section       12  coeappl.o(.constdata)
    .constdata                               0x080044ce   Section       15  coeappl.o(.constdata)
    .constdata                               0x080044de   Section       24  coeappl.o(.constdata)
    .constdata                               0x080044f6   Section       29  coeappl.o(.constdata)
    .constdata                               0x08004514   Section       12  coeappl.o(.constdata)
    .constdata                               0x08004520   Section        6  coeappl.o(.constdata)
    .constdata                               0x08004526   Section       24  coeappl.o(.constdata)
    .constdata                               0x0800453e   Section       29  coeappl.o(.constdata)
    .constdata                               0x0800455c   Section       18  coeappl.o(.constdata)
    .constdata                               0x0800456e   Section       68  coeappl.o(.constdata)
    .constdata                               0x080045b2   Section        6  coeappl.o(.constdata)
    .constdata                               0x080045b8   Section       12  coeappl.o(.constdata)
    .constdata                               0x080045c4   Section        6  coeappl.o(.constdata)
    .constdata                               0x080045ca   Section       15  coeappl.o(.constdata)
    .constdata                               0x080045da   Section        6  coeappl.o(.constdata)
    .constdata                               0x080045e0   Section       12  coeappl.o(.constdata)
    .constdata                               0x080045ec   Section        6  coeappl.o(.constdata)
    .constdata                               0x080045f2   Section       17  coeappl.o(.constdata)
    .constdata                               0x08004604   Section        6  coeappl.o(.constdata)
    .constdata                               0x0800460a   Section       17  coeappl.o(.constdata)
    .constdata                               0x0800461c   Section       30  coeappl.o(.constdata)
    .constdata                               0x0800463a   Section       57  coeappl.o(.constdata)
    .constdata                               0x08004674   Section       18  coeappl.o(.constdata)
    .constdata                               0x08004686   Section       63  coeappl.o(.constdata)
    .constdata                               0x080046c6   Section        6  coeappl.o(.constdata)
    .constdata                               0x080046cc   Section       19  coeappl.o(.constdata)
    .constdata                               0x080046e0   Section       12  coeappl.o(.constdata)
    .constdata                               0x080046ec   Section       18  coeappl.o(.constdata)
    .constdata                               0x080046fe   Section      198  coeappl.o(.constdata)
    .constdata                               0x080047c4   Section      256  coeappl.o(.constdata)
    .constdata                               0x080048c4   Section      255  coeappl.o(.constdata)
    .constdata                               0x080049c4   Section       32  objdef.o(.constdata)
    .constdata                               0x080049e4   Section      120  sdoserv.o(.constdata)
    .data                                    0x20000000   Section        4  system_gd32f4xx.o(.data)
    .data                                    0x20000004   Section        4  bsp_systick.o(.data)
    TimingDelay                              0x20000004   Data           4  bsp_systick.o(.data)
    .data                                    0x20000008   Section      984  coeappl.o(.data)
    .data                                    0x200003e0   Section        4  coeappl.o(.data)
    .data                                    0x200003e4   Section        2  coeappl.o(.data)
    .data                                    0x200003e6   Section       11  coeappl.o(.data)
    .data                                    0x200003f1   Section        5  coeappl.o(.data)
    .data                                    0x200003f6   Section        5  coeappl.o(.data)
    .data                                    0x200003fc   Section       20  coeappl.o(.data)
    .data                                    0x20000410   Section        6  coeappl.o(.data)
    .data                                    0x20000418   Section       32  ecatappl.o(.data)
    u8PrevErrorLed                           0x20000419   Data           1  ecatappl.o(.data)
    u8PrevRunLed                             0x2000041a   Data           1  ecatappl.o(.data)
    ms                                       0x2000041e   Data           2  ecatappl.o(.data)
    RunCounter                               0x20000420   Data           2  ecatappl.o(.data)
    ErrorCounter                             0x20000422   Data           2  ecatappl.o(.data)
    .data                                    0x20000438   Section        1  ecatappl.o(.data)
    .data                                    0x2000043c   Section        4  ecatcoe.o(.data)
    .data                                    0x20000440   Section       68  ecatslv.o(.data)
    .data                                    0x20000484   Section        1  ecatslv.o(.data)
    .data                                    0x20000485   Section        1  ecatslv.o(.data)
    .data                                    0x20000488   Section       32  mailbox.o(.data)
    .data                                    0x200004a8   Section       12  myapp.o(.data)
    .data                                    0x200004b4   Section       12  myapp.o(.data)
    .data                                    0x200004c0   Section       24  myapp.o(.data)
    tpdodata                                 0x200004c8   Data           8  myapp.o(.data)
    rpdodata                                 0x200004d0   Data           8  myapp.o(.data)
    .data                                    0x200004d8   Section        1  myapp.o(.data)
    .data                                    0x200004d9   Section        1  myapp.o(.data)
    .data                                    0x200004da   Section        4  myapp.o(.data)
    .data                                    0x200004e0   Section       16  myapp.o(.data)
    .data                                    0x200004f0   Section        4  myapp.o(.data)
    .data                                    0x200004f4   Section       16  myapp.o(.data)
    .data                                    0x20000504   Section        6  myapp.o(.data)
    .data                                    0x2000050c   Section       12  objdef.o(.data)
    .data                                    0x20000518   Section       14  objdef.o(.data)
    .data                                    0x20000526   Section        2  objdef.o(.data)
    .data                                    0x20000528   Section       52  sdoserv.o(.data)
    .data                                    0x2000055c   Section        4  sdoserv.o(.data)
    .data                                    0x20000560   Section        2  ecatport.o(.data)
    .data                                    0x20000564   Section        4  mvars.o(.data)
    .data                                    0x20000568   Section        4  mvars.o(.data)
    .bss                                     0x2000056c   Section      136  ecatappl.o(.bss)
    .bss                                     0x200005f4   Section      104  mailbox.o(.bss)
    .bss                                     0x2000065c   Section      136  objdef.o(.bss)
    .bss                                     0x200006e4   Section       16  sdoserv.o(.bss)
    HEAP                                     0x200006f8   Section     1024  startup_gd32f450_470.o(HEAP)
    STACK                                    0x20000af8   Section     1024  startup_gd32f450_470.o(STACK)

    Global Symbols

    Symbol Name                              Value     Ov Type        Size  Object(Section)

    BuildAttributes$$THM_ISAv4$E$P$D$K$B$S$7EM$VFPi3$EXTD16$VFPS$VFMA$PE$A:L22UL41UL21$X:L11$S22US41US21$IEEE1$IW$USESV6$~STKCKD$USESV7$~SHL$OSPACE$EBA8$MICROLIB$REQ8$PRES8$EABIv2 0x00000000   Number         0  anon$$obj.o ABSOLUTE
    __ARM_use_no_argv                        0x00000000   Number         0  myapp.o ABSOLUTE
    __cpp_initialize__aeabi_                  - Undefined Weak Reference
    __cxa_finalize                            - Undefined Weak Reference
    _clock_init                               - Undefined Weak Reference
    _microlib_exit                            - Undefined Weak Reference
    __Vectors_Size                           0x000001ac   Number         0  startup_gd32f450_470.o ABSOLUTE
    __Vectors                                0x08000000   Data           4  startup_gd32f450_470.o(RESET)
    __Vectors_End                            0x080001ac   Data           0  startup_gd32f450_470.o(RESET)
    __main                                   0x080001ad   Thumb Code     0  entry.o(.ARM.Collect$$$$00000000)
    _main_stk                                0x080001ad   Thumb Code     0  entry2.o(.ARM.Collect$$$$00000001)
    _main_scatterload                        0x080001b1   Thumb Code     0  entry5.o(.ARM.Collect$$$$00000004)
    __main_after_scatterload                 0x080001b5   Thumb Code     0  entry5.o(.ARM.Collect$$$$00000004)
    _main_clock                              0x080001b5   Thumb Code     0  entry7b.o(.ARM.Collect$$$$00000008)
    _main_cpp_init                           0x080001b5   Thumb Code     0  entry8b.o(.ARM.Collect$$$$0000000A)
    _main_init                               0x080001b5   Thumb Code     0  entry9a.o(.ARM.Collect$$$$0000000B)
    __rt_final_cpp                           0x080001bd   Thumb Code     0  entry10a.o(.ARM.Collect$$$$0000000D)
    __rt_final_exit                          0x080001bd   Thumb Code     0  entry11a.o(.ARM.Collect$$$$0000000F)
    Reset_Handler                            0x080001c1   Thumb Code     8  startup_gd32f450_470.o(.text)
    ADC_IRQHandler                           0x080001db   Thumb Code     0  startup_gd32f450_470.o(.text)
    CAN0_EWMC_IRQHandler                     0x080001db   Thumb Code     0  startup_gd32f450_470.o(.text)
    CAN0_RX0_IRQHandler                      0x080001db   Thumb Code     0  startup_gd32f450_470.o(.text)
    CAN0_RX1_IRQHandler                      0x080001db   Thumb Code     0  startup_gd32f450_470.o(.text)
    CAN0_TX_IRQHandler                       0x080001db   Thumb Code     0  startup_gd32f450_470.o(.text)
    CAN1_EWMC_IRQHandler                     0x080001db   Thumb Code     0  startup_gd32f450_470.o(.text)
    CAN1_RX0_IRQHandler                      0x080001db   Thumb Code     0  startup_gd32f450_470.o(.text)
    CAN1_RX1_IRQHandler                      0x080001db   Thumb Code     0  startup_gd32f450_470.o(.text)
    CAN1_TX_IRQHandler                       0x080001db   Thumb Code     0  startup_gd32f450_470.o(.text)
    DCI_IRQHandler                           0x080001db   Thumb Code     0  startup_gd32f450_470.o(.text)
    DMA0_Channel0_IRQHandler                 0x080001db   Thumb Code     0  startup_gd32f450_470.o(.text)
    DMA0_Channel1_IRQHandler                 0x080001db   Thumb Code     0  startup_gd32f450_470.o(.text)
    DMA0_Channel2_IRQHandler                 0x080001db   Thumb Code     0  startup_gd32f450_470.o(.text)
    DMA0_Channel3_IRQHandler                 0x080001db   Thumb Code     0  startup_gd32f450_470.o(.text)
    DMA0_Channel4_IRQHandler                 0x080001db   Thumb Code     0  startup_gd32f450_470.o(.text)
    DMA0_Channel5_IRQHandler                 0x080001db   Thumb Code     0  startup_gd32f450_470.o(.text)
    DMA0_Channel6_IRQHandler                 0x080001db   Thumb Code     0  startup_gd32f450_470.o(.text)
    DMA0_Channel7_IRQHandler                 0x080001db   Thumb Code     0  startup_gd32f450_470.o(.text)
    DMA1_Channel0_IRQHandler                 0x080001db   Thumb Code     0  startup_gd32f450_470.o(.text)
    DMA1_Channel1_IRQHandler                 0x080001db   Thumb Code     0  startup_gd32f450_470.o(.text)
    DMA1_Channel2_IRQHandler                 0x080001db   Thumb Code     0  startup_gd32f450_470.o(.text)
    DMA1_Channel3_IRQHandler                 0x080001db   Thumb Code     0  startup_gd32f450_470.o(.text)
    DMA1_Channel4_IRQHandler                 0x080001db   Thumb Code     0  startup_gd32f450_470.o(.text)
    DMA1_Channel5_IRQHandler                 0x080001db   Thumb Code     0  startup_gd32f450_470.o(.text)
    DMA1_Channel6_IRQHandler                 0x080001db   Thumb Code     0  startup_gd32f450_470.o(.text)
    DMA1_Channel7_IRQHandler                 0x080001db   Thumb Code     0  startup_gd32f450_470.o(.text)
    ENET_IRQHandler                          0x080001db   Thumb Code     0  startup_gd32f450_470.o(.text)
    ENET_WKUP_IRQHandler                     0x080001db   Thumb Code     0  startup_gd32f450_470.o(.text)
    EXMC_IRQHandler                          0x080001db   Thumb Code     0  startup_gd32f450_470.o(.text)
    EXTI0_IRQHandler                         0x080001db   Thumb Code     0  startup_gd32f450_470.o(.text)
    EXTI2_IRQHandler                         0x080001db   Thumb Code     0  startup_gd32f450_470.o(.text)
    EXTI4_IRQHandler                         0x080001db   Thumb Code     0  startup_gd32f450_470.o(.text)
    EXTI5_9_IRQHandler                       0x080001db   Thumb Code     0  startup_gd32f450_470.o(.text)
    FMC_IRQHandler                           0x080001db   Thumb Code     0  startup_gd32f450_470.o(.text)
    FPU_IRQHandler                           0x080001db   Thumb Code     0  startup_gd32f450_470.o(.text)
    I2C0_ER_IRQHandler                       0x080001db   Thumb Code     0  startup_gd32f450_470.o(.text)
    I2C0_EV_IRQHandler                       0x080001db   Thumb Code     0  startup_gd32f450_470.o(.text)
    I2C1_ER_IRQHandler                       0x080001db   Thumb Code     0  startup_gd32f450_470.o(.text)
    I2C1_EV_IRQHandler                       0x080001db   Thumb Code     0  startup_gd32f450_470.o(.text)
    I2C2_ER_IRQHandler                       0x080001db   Thumb Code     0  startup_gd32f450_470.o(.text)
    I2C2_EV_IRQHandler                       0x080001db   Thumb Code     0  startup_gd32f450_470.o(.text)
    IPA_IRQHandler                           0x080001db   Thumb Code     0  startup_gd32f450_470.o(.text)
    LVD_IRQHandler                           0x080001db   Thumb Code     0  startup_gd32f450_470.o(.text)
    RCU_CTC_IRQHandler                       0x080001db   Thumb Code     0  startup_gd32f450_470.o(.text)
    RTC_Alarm_IRQHandler                     0x080001db   Thumb Code     0  startup_gd32f450_470.o(.text)
    RTC_WKUP_IRQHandler                      0x080001db   Thumb Code     0  startup_gd32f450_470.o(.text)
    SDIO_IRQHandler                          0x080001db   Thumb Code     0  startup_gd32f450_470.o(.text)
    SPI0_IRQHandler                          0x080001db   Thumb Code     0  startup_gd32f450_470.o(.text)
    SPI1_IRQHandler                          0x080001db   Thumb Code     0  startup_gd32f450_470.o(.text)
    SPI2_IRQHandler                          0x080001db   Thumb Code     0  startup_gd32f450_470.o(.text)
    SPI3_IRQHandler                          0x080001db   Thumb Code     0  startup_gd32f450_470.o(.text)
    SPI4_IRQHandler                          0x080001db   Thumb Code     0  startup_gd32f450_470.o(.text)
    SPI5_IRQHandler                          0x080001db   Thumb Code     0  startup_gd32f450_470.o(.text)
    TAMPER_STAMP_IRQHandler                  0x080001db   Thumb Code     0  startup_gd32f450_470.o(.text)
    TIMER0_BRK_TIMER8_IRQHandler             0x080001db   Thumb Code     0  startup_gd32f450_470.o(.text)
    TIMER0_Channel_IRQHandler                0x080001db   Thumb Code     0  startup_gd32f450_470.o(.text)
    TIMER0_TRG_CMT_TIMER10_IRQHandler        0x080001db   Thumb Code     0  startup_gd32f450_470.o(.text)
    TIMER0_UP_TIMER9_IRQHandler              0x080001db   Thumb Code     0  startup_gd32f450_470.o(.text)
    TIMER1_IRQHandler                        0x080001db   Thumb Code     0  startup_gd32f450_470.o(.text)
    TIMER2_IRQHandler                        0x080001db   Thumb Code     0  startup_gd32f450_470.o(.text)
    TIMER3_IRQHandler                        0x080001db   Thumb Code     0  startup_gd32f450_470.o(.text)
    TIMER5_DAC_IRQHandler                    0x080001db   Thumb Code     0  startup_gd32f450_470.o(.text)
    TIMER6_IRQHandler                        0x080001db   Thumb Code     0  startup_gd32f450_470.o(.text)
    TIMER7_BRK_TIMER11_IRQHandler            0x080001db   Thumb Code     0  startup_gd32f450_470.o(.text)
    TIMER7_Channel_IRQHandler                0x080001db   Thumb Code     0  startup_gd32f450_470.o(.text)
    TIMER7_TRG_CMT_TIMER13_IRQHandler        0x080001db   Thumb Code     0  startup_gd32f450_470.o(.text)
    TIMER7_UP_TIMER12_IRQHandler             0x080001db   Thumb Code     0  startup_gd32f450_470.o(.text)
    TLI_ER_IRQHandler                        0x080001db   Thumb Code     0  startup_gd32f450_470.o(.text)
    TLI_IRQHandler                           0x080001db   Thumb Code     0  startup_gd32f450_470.o(.text)
    TRNG_IRQHandler                          0x080001db   Thumb Code     0  startup_gd32f450_470.o(.text)
    UART3_IRQHandler                         0x080001db   Thumb Code     0  startup_gd32f450_470.o(.text)
    UART4_IRQHandler                         0x080001db   Thumb Code     0  startup_gd32f450_470.o(.text)
    UART6_IRQHandler                         0x080001db   Thumb Code     0  startup_gd32f450_470.o(.text)
    UART7_IRQHandler                         0x080001db   Thumb Code     0  startup_gd32f450_470.o(.text)
    USART0_IRQHandler                        0x080001db   Thumb Code     0  startup_gd32f450_470.o(.text)
    USART1_IRQHandler                        0x080001db   Thumb Code     0  startup_gd32f450_470.o(.text)
    USART2_IRQHandler                        0x080001db   Thumb Code     0  startup_gd32f450_470.o(.text)
    USART5_IRQHandler                        0x080001db   Thumb Code     0  startup_gd32f450_470.o(.text)
    USBFS_IRQHandler                         0x080001db   Thumb Code     0  startup_gd32f450_470.o(.text)
    USBFS_WKUP_IRQHandler                    0x080001db   Thumb Code     0  startup_gd32f450_470.o(.text)
    USBHS_EP1_In_IRQHandler                  0x080001db   Thumb Code     0  startup_gd32f450_470.o(.text)
    USBHS_EP1_Out_IRQHandler                 0x080001db   Thumb Code     0  startup_gd32f450_470.o(.text)
    USBHS_IRQHandler                         0x080001db   Thumb Code     0  startup_gd32f450_470.o(.text)
    USBHS_WKUP_IRQHandler                    0x080001db   Thumb Code     0  startup_gd32f450_470.o(.text)
    WWDGT_IRQHandler                         0x080001db   Thumb Code     0  startup_gd32f450_470.o(.text)
    __aeabi_memcpy                           0x080001e5   Thumb Code    36  memcpya.o(.text)
    __aeabi_memcpy4                          0x080001e5   Thumb Code     0  memcpya.o(.text)
    __aeabi_memcpy8                          0x080001e5   Thumb Code     0  memcpya.o(.text)
    strlen                                   0x08000209   Thumb Code    14  strlen.o(.text)
    __scatterload                            0x08000219   Thumb Code    28  init.o(.text)
    __scatterload_rt2                        0x08000219   Thumb Code     0  init.o(.text)
    __decompress                             0x0800023d   Thumb Code     0  __dczerorl2.o(.text)
    __decompress1                            0x0800023d   Thumb Code    86  __dczerorl2.o(.text)
    AL_ControlInd                            0x08000295   Thumb Code   852  ecatslv.o(i.AL_ControlInd)
    AL_ControlRes                            0x080005f5   Thumb Code   390  ecatslv.o(i.AL_ControlRes)
    APPL_AckErrorInd                         0x08000785   Thumb Code     2  myapp.o(i.APPL_AckErrorInd)
    APPL_Application                         0x08000787   Thumb Code     2  myapp.o(i.APPL_Application)
    APPL_GenerateMapping                     0x08000789   Thumb Code   220  myapp.o(i.APPL_GenerateMapping)
    APPL_InputMapping                        0x08000869   Thumb Code    48  myapp.o(i.APPL_InputMapping)
    APPL_OutputMapping                       0x0800089d   Thumb Code    48  myapp.o(i.APPL_OutputMapping)
    APPL_StartInputHandler                   0x080008d1   Thumb Code     4  myapp.o(i.APPL_StartInputHandler)
    APPL_StartMailboxHandler                 0x080008d5   Thumb Code     4  myapp.o(i.APPL_StartMailboxHandler)
    APPL_StartOutputHandler                  0x080008d9   Thumb Code     4  myapp.o(i.APPL_StartOutputHandler)
    APPL_StopInputHandler                    0x080008dd   Thumb Code     4  myapp.o(i.APPL_StopInputHandler)
    APPL_StopMailboxHandler                  0x080008e1   Thumb Code     4  myapp.o(i.APPL_StopMailboxHandler)
    APPL_StopOutputHandler                   0x080008e5   Thumb Code     4  myapp.o(i.APPL_StopOutputHandler)
    AddObjectsToObjDictionary                0x080008e9   Thumb Code    32  coeappl.o(i.AddObjectsToObjDictionary)
    BusFault_Handler                         0x0800093d   Thumb Code     2  gd32f4xx_it.o(i.BusFault_Handler)
    COE_AddObjectToDic                       0x08000941   Thumb Code    88  coeappl.o(i.COE_AddObjectToDic)
    COE_ClearObjDictionary                   0x0800099d   Thumb Code    26  coeappl.o(i.COE_ClearObjDictionary)
    COE_ContinueInd                          0x080009bd   Thumb Code    52  ecatcoe.o(i.COE_ContinueInd)
    COE_GetObjectDictionary                  0x080009f9   Thumb Code     6  coeappl.o(i.COE_GetObjectDictionary)
    COE_Init                                 0x08000a05   Thumb Code    12  ecatcoe.o(i.COE_Init)
    COE_Main                                 0x08000a19   Thumb Code   140  coeappl.o(i.COE_Main)
    COE_ObjDictionaryInit                    0x08000ac5   Thumb Code    34  coeappl.o(i.COE_ObjDictionaryInit)
    COE_ObjInit                              0x08000aed   Thumb Code   162  coeappl.o(i.COE_ObjInit)
    COE_RemoveDicEntry                       0x08000bc9   Thumb Code    52  coeappl.o(i.COE_RemoveDicEntry)
    COE_ServiceInd                           0x08000c01   Thumb Code    38  ecatcoe.o(i.COE_ServiceInd)
    COE_SyncTimeStamp                        0x08000c29   Thumb Code    68  coeappl.o(i.COE_SyncTimeStamp)
    COE_UpdateSyncErrorStatus                0x08000c75   Thumb Code    56  coeappl.o(i.COE_UpdateSyncErrorStatus)
    CheckIfEcatError                         0x08000cb9   Thumb Code    92  ecatslv.o(i.CheckIfEcatError)
    CheckSmSettings                          0x08000d19   Thumb Code   340  ecatslv.o(i.CheckSmSettings)
    CheckSyncTypeValue                       0x08000e71   Thumb Code   128  objdef.o(i.CheckSyncTypeValue)
    DC_CheckWatchdog                         0x08000efd   Thumb Code   118  ecatslv.o(i.DC_CheckWatchdog)
    DebugMon_Handler                         0x08000f81   Thumb Code     2  gd32f4xx_it.o(i.DebugMon_Handler)
    DisableSyncManChannel                    0x08000f83   Thumb Code    48  ecatslv.o(i.DisableSyncManChannel)
    ECAT_Application                         0x08000fb5   Thumb Code    36  ecatappl.o(i.ECAT_Application)
    ECAT_CheckTimer                          0x08000fe5   Thumb Code    86  ecatappl.o(i.ECAT_CheckTimer)
    ECAT_Init                                0x08001059   Thumb Code   144  ecatslv.o(i.ECAT_Init)
    ECAT_Main                                0x080010ed   Thumb Code   250  ecatslv.o(i.ECAT_Main)
    ECAT_SetLedIndication                    0x080011f9   Thumb Code   318  ecatappl.o(i.ECAT_SetLedIndication)
    EXTI10_15_IRQHandler                     0x0800134d   Thumb Code    18  ecatport.o(i.EXTI10_15_IRQHandler)
    EXTI1_IRQHandler                         0x0800135f   Thumb Code    16  ecatport.o(i.EXTI1_IRQHandler)
    EXTI3_IRQHandler                         0x0800136f   Thumb Code    16  ecatport.o(i.EXTI3_IRQHandler)
    EnableSyncManChannel                     0x0800137f   Thumb Code    46  ecatslv.o(i.EnableSyncManChannel)
    GetOutOfMbxQueue                         0x080013ad   Thumb Code    38  mailbox.o(i.GetOutOfMbxQueue)
    GetSyncMan                               0x080013d5   Thumb Code    22  ecatslv.o(i.GetSyncMan)
    GetSystemTimeDelay                       0x080013f1   Thumb Code    58  ecatappl.o(i.GetSystemTimeDelay)
    HW_EscRead                               0x08001431   Thumb Code    58  ecatport.o(i.HW_EscRead)
    HW_EscReadIsr                            0x08001471   Thumb Code    52  ecatport.o(i.HW_EscReadIsr)
    HW_EscWrite                              0x080014a9   Thumb Code    56  ecatport.o(i.HW_EscWrite)
    HW_EscWriteIsr                           0x080014e5   Thumb Code    48  ecatport.o(i.HW_EscWriteIsr)
    HW_GetALEventRegister                    0x08001519   Thumb Code    42  ecatport.o(i.HW_GetALEventRegister)
    HW_GetALEventRegister_Isr                0x0800154d   Thumb Code    46  ecatport.o(i.HW_GetALEventRegister_Isr)
    HW_Init                                  0x08001585   Thumb Code   108  ecatport.o(i.HW_Init)
    HW_Release                               0x080015f1   Thumb Code     2  ecatport.o(i.HW_Release)
    HW_SetLed                                0x080015f3   Thumb Code     2  ecatport.o(i.HW_SetLed)
    HandleCycleTimeMeasurement               0x080015f5   Thumb Code    56  ecatappl.o(i.HandleCycleTimeMeasurement)
    HardFault_Handler                        0x0800163d   Thumb Code     2  gd32f4xx_it.o(i.HardFault_Handler)
    MBX_CheckAndCopyMailbox                  0x08001641   Thumb Code   194  mailbox.o(i.MBX_CheckAndCopyMailbox)
    MBX_CopyToSendMailbox                    0x0800170d   Thumb Code   158  mailbox.o(i.MBX_CopyToSendMailbox)
    MBX_Init                                 0x080017b9   Thumb Code   102  mailbox.o(i.MBX_Init)
    MBX_MailboxReadInd                       0x08001829   Thumb Code    86  mailbox.o(i.MBX_MailboxReadInd)
    MBX_MailboxRepeatReq                     0x08001889   Thumb Code    58  mailbox.o(i.MBX_MailboxRepeatReq)
    MBX_MailboxSendReq                       0x080018c9   Thumb Code   108  mailbox.o(i.MBX_MailboxSendReq)
    MBX_MailboxWriteInd                      0x08001941   Thumb Code    94  mailbox.o(i.MBX_MailboxWriteInd)
    MBX_Main                                 0x080019a9   Thumb Code    66  mailbox.o(i.MBX_Main)
    MBX_StartMailboxHandler                  0x080019f5   Thumb Code   108  mailbox.o(i.MBX_StartMailboxHandler)
    MBX_StopMailboxHandler                   0x08001a65   Thumb Code   160  mailbox.o(i.MBX_StopMailboxHandler)
    MailboxServiceInd                        0x08001b0d   Thumb Code    18  mailbox.o(i.MailboxServiceInd)
    MainInit                                 0x08001b21   Thumb Code   118  ecatappl.o(i.MainInit)
    MainLoop                                 0x08001b9d   Thumb Code   138  ecatappl.o(i.MainLoop)
    MemManage_Handler                        0x08001c49   Thumb Code     2  gd32f4xx_it.o(i.MemManage_Handler)
    NMI_Handler                              0x08001c4b   Thumb Code     2  gd32f4xx_it.o(i.NMI_Handler)
    OBJ_CopyNumberToString                   0x08001c4d   Thumb Code    48  objdef.o(i.OBJ_CopyNumberToString)
    OBJ_GetDesc                              0x08001c7d   Thumb Code   156  objdef.o(i.OBJ_GetDesc)
    OBJ_GetEntryDesc                         0x08001d1d   Thumb Code    30  objdef.o(i.OBJ_GetEntryDesc)
    OBJ_GetEntryOffset                       0x08001d3b   Thumb Code   198  objdef.o(i.OBJ_GetEntryOffset)
    OBJ_GetNoOfObjects                       0x08001e01   Thumb Code    92  objdef.o(i.OBJ_GetNoOfObjects)
    OBJ_GetObjDesc                           0x08001e5d   Thumb Code     4  objdef.o(i.OBJ_GetObjDesc)
    OBJ_GetObjectHandle                      0x08001e61   Thumb Code    24  objdef.o(i.OBJ_GetObjectHandle)
    OBJ_GetObjectLength                      0x08001e79   Thumb Code   130  objdef.o(i.OBJ_GetObjectLength)
    OBJ_GetObjectList                        0x08001efd   Thumb Code   148  objdef.o(i.OBJ_GetObjectList)
    OBJ_Read                                 0x08001f95   Thumb Code   826  objdef.o(i.OBJ_Read)
    OBJ_Write                                0x080022d9   Thumb Code   936  objdef.o(i.OBJ_Write)
    PDI_Isr                                  0x08002695   Thumb Code   184  ecatappl.o(i.PDI_Isr)
    PDO_InputMapping                         0x0800277d   Thumb Code    80  ecatappl.o(i.PDO_InputMapping)
    PDO_OutputMapping                        0x080027e1   Thumb Code    92  ecatappl.o(i.PDO_OutputMapping)
    PendSV_Handler                           0x08002855   Thumb Code     2  gd32f4xx_it.o(i.PendSV_Handler)
    PutInMbxQueue                            0x08002857   Thumb Code    38  mailbox.o(i.PutInMbxQueue)
    Read0x10F8                               0x0800287d   Thumb Code    58  coeappl.o(i.Read0x10F8)
    ResetALEventMask                         0x080028bd   Thumb Code    56  ecatslv.o(i.ResetALEventMask)
    SDOS_SdoInd                              0x080028f5   Thumb Code   724  sdoserv.o(i.SDOS_SdoInd)
    SDOS_SdoInfoInd                          0x08002bd5   Thumb Code   584  sdoserv.o(i.SDOS_SdoInfoInd)
    SDOS_SdoRes                              0x08002e35   Thumb Code   136  sdoserv.o(i.SDOS_SdoRes)
    SODS_ClearPendingResponse                0x08002ec5   Thumb Code    70  sdoserv.o(i.SODS_ClearPendingResponse)
    SVC_Handler                              0x08002f19   Thumb Code     2  gd32f4xx_it.o(i.SVC_Handler)
    SdoRes                                   0x080030fd   Thumb Code   178  sdoserv.o(i.SdoRes)
    SetALEventMask                           0x080032c9   Thumb Code    56  ecatslv.o(i.SetALEventMask)
    SetALStatus                              0x08003301   Thumb Code   104  ecatslv.o(i.SetALStatus)
    StartInputHandler                        0x0800336d   Thumb Code   970  ecatslv.o(i.StartInputHandler)
    StartOutputHandler                       0x08003765   Thumb Code    42  ecatslv.o(i.StartOutputHandler)
    StopInputHandler                         0x0800379d   Thumb Code    92  ecatslv.o(i.StopInputHandler)
    StopOutputHandler                        0x08003809   Thumb Code    10  ecatslv.o(i.StopOutputHandler)
    Sync0_Isr                                0x08003819   Thumb Code   204  ecatappl.o(i.Sync0_Isr)
    Sync1_Isr                                0x08003915   Thumb Code    38  ecatappl.o(i.Sync1_Isr)
    SysTick_Handler                          0x08003951   Thumb Code     4  gd32f4xx_it.o(i.SysTick_Handler)
    SystemInit                               0x08003955   Thumb Code   122  system_gd32f4xx.o(i.SystemInit)
    TIMER4_IRQHandler                        0x080039e1   Thumb Code    18  ecatport.o(i.TIMER4_IRQHandler)
    TimingDelay_Decrement                    0x080039f9   Thumb Code    16  bsp_systick.o(i.TimingDelay_Decrement)
    UpdateEEPROMLoadedState                  0x08003a0d   Thumb Code    44  ecatslv.o(i.UpdateEEPROMLoadedState)
    UsageFault_Handler                       0x08003a3d   Thumb Code     2  gd32f4xx_it.o(i.UsageFault_Handler)
    __scatterload_copy                       0x08003a3f   Thumb Code    14  handlers.o(i.__scatterload_copy)
    __scatterload_null                       0x08003a4d   Thumb Code     2  handlers.o(i.__scatterload_null)
    __scatterload_zeroinit                   0x08003a4f   Thumb Code    14  handlers.o(i.__scatterload_zeroinit)
    bsp_spi3_init                            0x08003a5d   Thumb Code   234  bsp_spi.o(i.bsp_spi3_init)
    bsp_time4_init                           0x08003b51   Thumb Code    80  bsp_time.o(i.bsp_time4_init)
    delay_ms                                 0x08003ba5   Thumb Code    18  bsp_systick.o(i.delay_ms)
    ethercat_gpio_init                       0x08003bbd   Thumb Code    70  md_ethercat.o(i.ethercat_gpio_init)
    ethercat_pdi_init                        0x08003c09   Thumb Code    58  md_ethercat.o(i.ethercat_pdi_init)
    ethercat_sync0_init                      0x08003c49   Thumb Code    62  md_ethercat.o(i.ethercat_sync0_init)
    ethercat_sync1_init                      0x08003c8d   Thumb Code    58  md_ethercat.o(i.ethercat_sync1_init)
    ethercat_timer_init                      0x08003ccd   Thumb Code     4  md_ethercat.o(i.ethercat_timer_init)
    exti_init                                0x08003cd1   Thumb Code    98  gd32f4xx_exti.o(i.exti_init)
    exti_interrupt_flag_clear                0x08003d39   Thumb Code     6  gd32f4xx_exti.o(i.exti_interrupt_flag_clear)
    free                                     0x08003d45   Thumb Code    76  malloc.o(i.free)
    gpio_af_set                              0x08003d95   Thumb Code    86  gd32f4xx_gpio.o(i.gpio_af_set)
    gpio_bit_reset                           0x08003deb   Thumb Code     4  gd32f4xx_gpio.o(i.gpio_bit_reset)
    gpio_bit_set                             0x08003def   Thumb Code     4  gd32f4xx_gpio.o(i.gpio_bit_set)
    gpio_mode_set                            0x08003df3   Thumb Code    72  gd32f4xx_gpio.o(i.gpio_mode_set)
    gpio_output_options_set                  0x08003e3b   Thumb Code    62  gd32f4xx_gpio.o(i.gpio_output_options_set)
    main                                     0x08003e79   Thumb Code    34  myapp.o(i.main)
    malloc                                   0x08003ea1   Thumb Code    92  malloc.o(i.malloc)
    nvic_configuration                       0x08003f0d   Thumb Code   164  bsp_sys.o(i.nvic_configuration)
    nvic_irq_disable                         0x08003fb1   Thumb Code    22  gd32f4xx_misc.o(i.nvic_irq_disable)
    nvic_irq_enable                          0x08003fc9   Thumb Code   144  gd32f4xx_misc.o(i.nvic_irq_enable)
    nvic_priority_group_set                  0x0800405d   Thumb Code    10  gd32f4xx_misc.o(i.nvic_priority_group_set)
    rcu_periph_clock_enable                  0x08004071   Thumb Code    26  gd32f4xx_rcu.o(i.rcu_periph_clock_enable)
    rcu_periph_reset_disable                 0x08004091   Thumb Code    26  gd32f4xx_rcu.o(i.rcu_periph_reset_disable)
    rcu_periph_reset_enable                  0x080040b1   Thumb Code    26  gd32f4xx_rcu.o(i.rcu_periph_reset_enable)
    rcu_timer_clock_prescaler_config         0x080040d1   Thumb Code    22  gd32f4xx_rcu.o(i.rcu_timer_clock_prescaler_config)
    spi_data_rw                              0x080040ed   Thumb Code    48  md_ethercat.o(i.spi_data_rw)
    spi_enable                               0x08004121   Thumb Code    10  gd32f4xx_spi.o(i.spi_enable)
    spi_i2s_data_receive                     0x0800412b   Thumb Code     6  gd32f4xx_spi.o(i.spi_i2s_data_receive)
    spi_i2s_data_transmit                    0x08004131   Thumb Code     4  gd32f4xx_spi.o(i.spi_i2s_data_transmit)
    spi_i2s_flag_get                         0x08004135   Thumb Code    10  gd32f4xx_spi.o(i.spi_i2s_flag_get)
    spi_init                                 0x0800413f   Thumb Code    46  gd32f4xx_spi.o(i.spi_init)
    sysTick_init                             0x0800416d   Thumb Code    44  bsp_systick.o(i.sysTick_init)
    syscfg_exti_line_config                  0x080041a5   Thumb Code    62  gd32f4xx_syscfg.o(i.syscfg_exti_line_config)
    timer_deinit                             0x08004295   Thumb Code   190  gd32f4xx_timer.o(i.timer_deinit)
    timer_enable                             0x08004361   Thumb Code    10  gd32f4xx_timer.o(i.timer_enable)
    timer_init                               0x0800436d   Thumb Code   120  gd32f4xx_timer.o(i.timer_init)
    timer_interrupt_enable                   0x08004401   Thumb Code     8  gd32f4xx_timer.o(i.timer_interrupt_enable)
    timer_interrupt_flag_clear               0x08004409   Thumb Code     6  gd32f4xx_timer.o(i.timer_interrupt_flag_clear)
    asEntryDesc0x1600                        0x0800440e   Data          18  coeappl.o(.constdata)
    aName0x1600                              0x08004420   Data          17  coeappl.o(.constdata)
    asEntryDesc0x1A00                        0x08004432   Data          18  coeappl.o(.constdata)
    aName0x1A00                              0x08004444   Data          17  coeappl.o(.constdata)
    asEntryDesc0x1C12                        0x08004456   Data          12  coeappl.o(.constdata)
    aName0x1C12                              0x08004462   Data          27  coeappl.o(.constdata)
    asEntryDesc0x1C13                        0x0800447e   Data          12  coeappl.o(.constdata)
    aName0x1C13                              0x0800448a   Data          27  coeappl.o(.constdata)
    sEntryDesc0x2002                         0x080044a6   Data           6  coeappl.o(.constdata)
    aName0x2002                              0x080044ac   Data           7  coeappl.o(.constdata)
    sEntryDesc0x2003                         0x080044b4   Data           6  coeappl.o(.constdata)
    aName0x2003                              0x080044ba   Data           7  coeappl.o(.constdata)
    asEntryDesc0x6000                        0x080044c2   Data          12  coeappl.o(.constdata)
    aName0x6000                              0x080044ce   Data          15  coeappl.o(.constdata)
    asEntryDesc0x6001                        0x080044de   Data          24  coeappl.o(.constdata)
    aName0x6001                              0x080044f6   Data          29  coeappl.o(.constdata)
    asEntryDesc0x7000                        0x08004514   Data          12  coeappl.o(.constdata)
    aName0x7000                              0x08004520   Data           6  coeappl.o(.constdata)
    asEntryDesc0x7001                        0x08004526   Data          24  coeappl.o(.constdata)
    aName0x7001                              0x0800453e   Data          29  coeappl.o(.constdata)
    asEntryDesc0xF000                        0x0800455c   Data          18  coeappl.o(.constdata)
    aName0xF000                              0x0800456e   Data          68  coeappl.o(.constdata)
    sEntryDesc0x1000                         0x080045b2   Data           6  coeappl.o(.constdata)
    aName0x1000                              0x080045b8   Data          12  coeappl.o(.constdata)
    sEntryDesc0x1001                         0x080045c4   Data           6  coeappl.o(.constdata)
    aName0x1001                              0x080045ca   Data          15  coeappl.o(.constdata)
    sEntryDesc0x1008                         0x080045da   Data           6  coeappl.o(.constdata)
    aName0x1008                              0x080045e0   Data          12  coeappl.o(.constdata)
    sEntryDesc0x1009                         0x080045ec   Data           6  coeappl.o(.constdata)
    aName0x1009                              0x080045f2   Data          17  coeappl.o(.constdata)
    sEntryDesc0x100A                         0x08004604   Data           6  coeappl.o(.constdata)
    aName0x100A                              0x0800460a   Data          17  coeappl.o(.constdata)
    asEntryDesc0x1018                        0x0800461c   Data          30  coeappl.o(.constdata)
    aName0x1018                              0x0800463a   Data          57  coeappl.o(.constdata)
    asEntryDesc0x10F1                        0x08004674   Data          18  coeappl.o(.constdata)
    aName0x10F1                              0x08004686   Data          63  coeappl.o(.constdata)
    sEntryDesc0x10F8                         0x080046c6   Data           6  coeappl.o(.constdata)
    aName0x10F8                              0x080046cc   Data          19  coeappl.o(.constdata)
    asEntryDesc0x1C00                        0x080046e0   Data          12  coeappl.o(.constdata)
    aName0x1C00                              0x080046ec   Data          18  coeappl.o(.constdata)
    asEntryDesc0x1C3x                        0x080046fe   Data         198  coeappl.o(.constdata)
    aName0x1C32                              0x080047c4   Data         256  coeappl.o(.constdata)
    aName0x1C33                              0x080048c4   Data         255  coeappl.o(.constdata)
    cBitMask                                 0x080049c4   Data          32  objdef.o(.constdata)
    cAbortCode                               0x080049e4   Data         120  sdoserv.o(.constdata)
    Region$$Table$$Base                      0x08004a5c   Number         0  anon$$obj.o(Region$$Table)
    Region$$Table$$Limit                     0x08004a7c   Number         0  anon$$obj.o(Region$$Table)
    SystemCoreClock                          0x20000000   Data           4  system_gd32f4xx.o(.data)
    ObjDicList                               0x20000008   Data           4  coeappl.o(.data)
    u32LastDc32Value                         0x2000000c   Data           4  coeappl.o(.data)
    u32CheckForDcOverrunCnt                  0x20000010   Data           4  coeappl.o(.data)
    u64Timestamp                             0x20000018   Data           8  coeappl.o(.data)
    ApplicationObjDic                        0x20000020   Data         480  coeappl.o(.data)
    GenObjDic                                0x20000200   Data         480  coeappl.o(.data)
    u32Devicetype                            0x200003e0   Data           4  coeappl.o(.data)
    u16ErrorRegister                         0x200003e4   Data           2  coeappl.o(.data)
    acDevicename                             0x200003e6   Data          11  coeappl.o(.data)
    acHardwareversion                        0x200003f1   Data           5  coeappl.o(.data)
    acSoftwareversion                        0x200003f6   Data           5  coeappl.o(.data)
    sIdentity                                0x200003fc   Data          20  coeappl.o(.data)
    sSyncmanagertype                         0x20000410   Data           6  coeappl.o(.data)
    bInitFinished                            0x20000418   Data           1  ecatappl.o(.data)
    bEtherCATRunLed                          0x2000041b   Data           1  ecatappl.o(.data)
    bEtherCATErrorLed                        0x2000041c   Data           1  ecatappl.o(.data)
    bMinCycleTimeMeasurementStarted          0x2000041d   Data           1  ecatappl.o(.data)
    pAPPL_MainLoop                           0x20000424   Data           4  ecatappl.o(.data)
    u32CycleTimeStartValue                   0x20000428   Data           4  ecatappl.o(.data)
    u32MinCycleTimeStartValue                0x2000042c   Data           4  ecatappl.o(.data)
    u32SystemTimeReadFailure                 0x20000430   Data           4  ecatappl.o(.data)
    u32MinCycleTimeValue                     0x20000434   Data           4  ecatappl.o(.data)
    bRunApplication                          0x20000438   Data           1  ecatappl.o(.data)
    pCoeSendStored                           0x2000043c   Data           4  ecatcoe.o(.data)
    EepromLoaded                             0x20000440   Data           1  ecatslv.o(.data)
    bEcatOutputUpdateRunning                 0x20000441   Data           1  ecatslv.o(.data)
    bEcatInputUpdateRunning                  0x20000442   Data           1  ecatslv.o(.data)
    bEcatFirstOutputsReceived                0x20000443   Data           1  ecatslv.o(.data)
    bWdTrigger                               0x20000444   Data           1  ecatslv.o(.data)
    bDcSyncActive                            0x20000445   Data           1  ecatslv.o(.data)
    bDcRunning                               0x20000446   Data           1  ecatslv.o(.data)
    bSmSyncSequenceValid                     0x20000447   Data           1  ecatslv.o(.data)
    bEscIntEnabled                           0x20000448   Data           1  ecatslv.o(.data)
    b3BufferMode                             0x20000449   Data           1  ecatslv.o(.data)
    bLocalErrorFlag                          0x2000044a   Data           1  ecatslv.o(.data)
    bApplEsmPending                          0x2000044b   Data           1  ecatslv.o(.data)
    bEcatWaitForAlControlRes                 0x2000044c   Data           1  ecatslv.o(.data)
    u8EcatErrorLed                           0x2000044d   Data           1  ecatslv.o(.data)
    nMaxSyncMan                              0x2000044e   Data           1  ecatslv.o(.data)
    nAlStatus                                0x2000044f   Data           1  ecatslv.o(.data)
    SMActivate                               0x20000450   Data           2  ecatslv.o(.data)
    EsmTimeoutCounter                        0x20000452   Data           2  ecatslv.o(.data)
    u16SmSync0Counter                        0x20000454   Data           2  ecatslv.o(.data)
    u16SmSync0Value                          0x20000456   Data           2  ecatslv.o(.data)
    i16WaitForPllRunningTimeout              0x20000458   Data           2  ecatslv.o(.data)
    i16WaitForPllRunningCnt                  0x2000045a   Data           2  ecatslv.o(.data)
    Sync0WdCounter                           0x2000045c   Data           2  ecatslv.o(.data)
    Sync0WdValue                             0x2000045e   Data           2  ecatslv.o(.data)
    Sync1WdCounter                           0x20000460   Data           2  ecatslv.o(.data)
    Sync1WdValue                             0x20000462   Data           2  ecatslv.o(.data)
    LatchInputSync0Value                     0x20000464   Data           2  ecatslv.o(.data)
    LatchInputSync0Counter                   0x20000466   Data           2  ecatslv.o(.data)
    u16LocalErrorCode                        0x20000468   Data           2  ecatslv.o(.data)
    nEcatStateTrans                          0x2000046a   Data           2  ecatslv.o(.data)
    nPdInputSize                             0x2000046c   Data           2  ecatslv.o(.data)
    nPdOutputSize                            0x2000046e   Data           2  ecatslv.o(.data)
    nMaxEscAddress                           0x20000470   Data           2  ecatslv.o(.data)
    EcatWdValue                              0x20000472   Data           2  ecatslv.o(.data)
    nEscAddrOutputData                       0x20000474   Data           2  ecatslv.o(.data)
    nEscAddrInputData                        0x20000476   Data           2  ecatslv.o(.data)
    u16ALEventMask                           0x20000478   Data           2  ecatslv.o(.data)
    u16dummy                                 0x2000047a   Data           2  ecatslv.o(.data)
    SyncManInfo                              0x2000047c   Data           8  ecatslv.o(.data)
    b32BitDc                                 0x20000484   Data           1  ecatslv.o(.data)
    u8EcatRunLed                             0x20000485   Data           1  ecatslv.o(.data)
    bReceiveMbxIsLocked                      0x20000488   Data           1  mailbox.o(.data)
    bSendMbxIsFull                           0x20000489   Data           1  mailbox.o(.data)
    bMbxRunning                              0x2000048a   Data           1  mailbox.o(.data)
    bMbxRepeatToggle                         0x2000048b   Data           1  mailbox.o(.data)
    u8MbxWriteCounter                        0x2000048c   Data           1  mailbox.o(.data)
    u8MbxReadCounter                         0x2000048d   Data           1  mailbox.o(.data)
    u8MailboxSendReqStored                   0x2000048e   Data           1  mailbox.o(.data)
    bNoMbxMemoryAvailable                    0x2000048f   Data           1  mailbox.o(.data)
    u16SendMbxSize                           0x20000490   Data           2  mailbox.o(.data)
    u16ReceiveMbxSize                        0x20000492   Data           2  mailbox.o(.data)
    u16EscAddrReceiveMbx                     0x20000494   Data           2  mailbox.o(.data)
    u16EscAddrSendMbx                        0x20000496   Data           2  mailbox.o(.data)
    psWriteMbx                               0x20000498   Data           4  mailbox.o(.data)
    psReadMbx                                0x2000049c   Data           4  mailbox.o(.data)
    psRepeatMbx                              0x200004a0   Data           4  mailbox.o(.data)
    psStoreMbx                               0x200004a4   Data           4  mailbox.o(.data)
    RPDO0x1600                               0x200004a8   Data          12  myapp.o(.data)
    TPDO0x1A00                               0x200004b4   Data          12  myapp.o(.data)
    sRxPDOassign                             0x200004c0   Data           4  myapp.o(.data)
    sTxPDOassign                             0x200004c4   Data           4  myapp.o(.data)
    Res10x2002                               0x200004d8   Data           1  myapp.o(.data)
    Res20x2003                               0x200004d9   Data           1  myapp.o(.data)
    DigtalInput0x6000                        0x200004da   Data           4  myapp.o(.data)
    SENDDATA0x6001                           0x200004e0   Data          16  myapp.o(.data)
    LED0x7000                                0x200004f0   Data           4  myapp.o(.data)
    RECVDATA0x7001                           0x200004f4   Data          16  myapp.o(.data)
    ModularDeviceProfile0xF000               0x20000504   Data           6  myapp.o(.data)
    sErrorSettings                           0x2000050c   Data          12  objdef.o(.data)
    bSyncSetByUser                           0x20000518   Data           1  objdef.o(.data)
    aSubindexDesc                            0x20000519   Data          13  objdef.o(.data)
    sCycleDiag                               0x20000526   Data           2  objdef.o(.data)
    bSdoInWork                               0x20000528   Data           1  sdoserv.o(.data)
    u8PendingSdo                             0x20000529   Data           1  sdoserv.o(.data)
    bStoreCompleteAccess                     0x2000052a   Data           1  sdoserv.o(.data)
    u8StoreSubindex                          0x2000052b   Data           1  sdoserv.o(.data)
    nSdoSegService                           0x2000052c   Data           1  sdoserv.o(.data)
    bSdoSegFollows                           0x2000052d   Data           1  sdoserv.o(.data)
    bSdoSegAccess                            0x2000052e   Data           1  sdoserv.o(.data)
    nSdoSegSubindex                          0x2000052f   Data           1  sdoserv.o(.data)
    bSdoSegLastToggle                        0x20000530   Data           1  sdoserv.o(.data)
    u16StoreIndex                            0x20000532   Data           2  sdoserv.o(.data)
    nSdoInfoFragmentsLeft                    0x20000534   Data           2  sdoserv.o(.data)
    nSdoInfoIndex                            0x20000536   Data           2  sdoserv.o(.data)
    nSdoSegIndex                             0x20000538   Data           2  sdoserv.o(.data)
    u32StoreDataSize                         0x2000053c   Data           4  sdoserv.o(.data)
    pStoreData                               0x20000540   Data           4  sdoserv.o(.data)
    pSdoPendFunc                             0x20000544   Data           4  sdoserv.o(.data)
    pSdoSegData                              0x20000548   Data           4  sdoserv.o(.data)
    pSdoResStored                            0x2000054c   Data           4  sdoserv.o(.data)
    nSdoSegBytesToHandle                     0x20000550   Data           4  sdoserv.o(.data)
    nSdoSegCompleteSize                      0x20000554   Data           4  sdoserv.o(.data)
    pSdoSegObjEntry                          0x20000558   Data           4  sdoserv.o(.data)
    pSdoInfoObjEntry                         0x2000055c   Data           4  sdoserv.o(.data)
    EscALEvent                               0x20000560   Data           2  ecatport.o(.data)
    __microlib_freelist                      0x20000564   Data           4  mvars.o(.data)
    __microlib_freelist_initialised          0x20000568   Data           4  mvars.o(.data)
    aPdOutputData                            0x2000056c   Data          68  ecatappl.o(.bss)
    aPdInputData                             0x200005b0   Data          68  ecatappl.o(.bss)
    sMbxSendQueue                            0x200005f4   Data          52  mailbox.o(.bss)
    sMbxReceiveQueue                         0x20000628   Data          52  mailbox.o(.bss)
    sSyncManOutPar                           0x2000065c   Data          68  objdef.o(.bss)
    sSyncManInPar                            0x200006a0   Data          68  objdef.o(.bss)
    aSdoInfoHeader                           0x200006e4   Data          16  sdoserv.o(.bss)
    __heap_base                              0x200006f8   Data           0  startup_gd32f450_470.o(HEAP)
    __heap_limit                             0x20000af8   Data           0  startup_gd32f450_470.o(HEAP)
    __initial_sp                             0x20000ef8   Data           0  startup_gd32f450_470.o(STACK)



==============================================================================

Memory Map of the image

  Image Entry point : 0x080001ad

  Load Region LR_IROM1 (Base: 0x08000000, Size: 0x00004fe8, Max: 0x00100000, ABSOLUTE, COMPRESSED[0x00004c48])

    Execution Region ER_IROM1 (Base: 0x08000000, Size: 0x00004a7c, Max: 0x00100000, ABSOLUTE)

    Base Addr    Size         Type   Attr      Idx    E Section Name        Object

    0x08000000   0x000001ac   Data   RO            3    RESET               startup_gd32f450_470.o
    0x080001ac   0x00000000   Code   RO         6948  * .ARM.Collect$$$$00000000  mc_w.l(entry.o)
    0x080001ac   0x00000004   Code   RO         6985    .ARM.Collect$$$$00000001  mc_w.l(entry2.o)
    0x080001b0   0x00000004   Code   RO         6988    .ARM.Collect$$$$00000004  mc_w.l(entry5.o)
    0x080001b4   0x00000000   Code   RO         6990    .ARM.Collect$$$$00000008  mc_w.l(entry7b.o)
    0x080001b4   0x00000000   Code   RO         6992    .ARM.Collect$$$$0000000A  mc_w.l(entry8b.o)
    0x080001b4   0x00000008   Code   RO         6993    .ARM.Collect$$$$0000000B  mc_w.l(entry9a.o)
    0x080001bc   0x00000000   Code   RO         6995    .ARM.Collect$$$$0000000D  mc_w.l(entry10a.o)
    0x080001bc   0x00000000   Code   RO         6997    .ARM.Collect$$$$0000000F  mc_w.l(entry11a.o)
    0x080001bc   0x00000004   Code   RO         6986    .ARM.Collect$$$$00002712  mc_w.l(entry2.o)
    0x080001c0   0x00000024   Code   RO            4    .text               startup_gd32f450_470.o
    0x080001e4   0x00000024   Code   RO         6951    .text               mc_w.l(memcpya.o)
    0x08000208   0x0000000e   Code   RO         6953    .text               mc_w.l(strlen.o)
    0x08000216   0x00000002   PAD
    0x08000218   0x00000024   Code   RO         7001    .text               mc_w.l(init.o)
    0x0800023c   0x00000056   Code   RO         7011    .text               mc_w.l(__dczerorl2.o)
    0x08000292   0x00000002   PAD
    0x08000294   0x00000360   Code   RO         6305    i.AL_ControlInd     ecatslv.o
    0x080005f4   0x00000190   Code   RO         6306    i.AL_ControlRes     ecatslv.o
    0x08000784   0x00000002   Code   RO         6569    i.APPL_AckErrorInd  myapp.o
    0x08000786   0x00000002   Code   RO         6570    i.APPL_Application  myapp.o
    0x08000788   0x000000e0   Code   RO         6571    i.APPL_GenerateMapping  myapp.o
    0x08000868   0x00000034   Code   RO         6572    i.APPL_InputMapping  myapp.o
    0x0800089c   0x00000034   Code   RO         6573    i.APPL_OutputMapping  myapp.o
    0x080008d0   0x00000004   Code   RO         6574    i.APPL_StartInputHandler  myapp.o
    0x080008d4   0x00000004   Code   RO         6575    i.APPL_StartMailboxHandler  myapp.o
    0x080008d8   0x00000004   Code   RO         6576    i.APPL_StartOutputHandler  myapp.o
    0x080008dc   0x00000004   Code   RO         6577    i.APPL_StopInputHandler  myapp.o
    0x080008e0   0x00000004   Code   RO         6578    i.APPL_StopMailboxHandler  myapp.o
    0x080008e4   0x00000004   Code   RO         6579    i.APPL_StopOutputHandler  myapp.o
    0x080008e8   0x00000020   Code   RO         5962    i.AddObjectsToObjDictionary  coeappl.o
    0x08000908   0x00000034   Code   RO         6841    i.AddressingEsc     ecatport.o
    0x0800093c   0x00000002   Code   RO           12    i.BusFault_Handler  gd32f4xx_it.o
    0x0800093e   0x00000002   PAD
    0x08000940   0x0000005c   Code   RO         5963    i.COE_AddObjectToDic  coeappl.o
    0x0800099c   0x00000020   Code   RO         5964    i.COE_ClearObjDictionary  coeappl.o
    0x080009bc   0x0000003c   Code   RO         6269    i.COE_ContinueInd   ecatcoe.o
    0x080009f8   0x0000000c   Code   RO         5965    i.COE_GetObjectDictionary  coeappl.o
    0x08000a04   0x00000014   Code   RO         6270    i.COE_Init          ecatcoe.o
    0x08000a18   0x000000ac   Code   RO         5966    i.COE_Main          coeappl.o
    0x08000ac4   0x00000028   Code   RO         5967    i.COE_ObjDictionaryInit  coeappl.o
    0x08000aec   0x000000dc   Code   RO         5968    i.COE_ObjInit       coeappl.o
    0x08000bc8   0x00000038   Code   RO         5969    i.COE_RemoveDicEntry  coeappl.o
    0x08000c00   0x00000026   Code   RO         6271    i.COE_ServiceInd    ecatcoe.o
    0x08000c26   0x00000002   PAD
    0x08000c28   0x0000004c   Code   RO         5970    i.COE_SyncTimeStamp  coeappl.o
    0x08000c74   0x00000044   Code   RO         5971    i.COE_UpdateSyncErrorStatus  coeappl.o
    0x08000cb8   0x00000060   Code   RO         6308    i.CheckIfEcatError  ecatslv.o
    0x08000d18   0x00000158   Code   RO         6309    i.CheckSmSettings   ecatslv.o
    0x08000e70   0x0000008c   Code   RO         6677    i.CheckSyncTypeValue  objdef.o
    0x08000efc   0x00000084   Code   RO         6310    i.DC_CheckWatchdog  ecatslv.o
    0x08000f80   0x00000002   Code   RO           13    i.DebugMon_Handler  gd32f4xx_it.o
    0x08000f82   0x00000030   Code   RO         6311    i.DisableSyncManChannel  ecatslv.o
    0x08000fb2   0x00000002   PAD
    0x08000fb4   0x00000030   Code   RO         6139    i.ECAT_Application  ecatappl.o
    0x08000fe4   0x00000074   Code   RO         6140    i.ECAT_CheckTimer   ecatappl.o
    0x08001058   0x00000094   Code   RO         6312    i.ECAT_Init         ecatslv.o
    0x080010ec   0x0000010c   Code   RO         6313    i.ECAT_Main         ecatslv.o
    0x080011f8   0x00000154   Code   RO         6141    i.ECAT_SetLedIndication  ecatappl.o
    0x0800134c   0x00000012   Code   RO         6842    i.EXTI10_15_IRQHandler  ecatport.o
    0x0800135e   0x00000010   Code   RO         6843    i.EXTI1_IRQHandler  ecatport.o
    0x0800136e   0x00000010   Code   RO         6844    i.EXTI3_IRQHandler  ecatport.o
    0x0800137e   0x0000002e   Code   RO         6315    i.EnableSyncManChannel  ecatslv.o
    0x080013ac   0x00000026   Code   RO         6463    i.GetOutOfMbxQueue  mailbox.o
    0x080013d2   0x00000002   PAD
    0x080013d4   0x0000001c   Code   RO         6316    i.GetSyncMan        ecatslv.o
    0x080013f0   0x00000040   Code   RO         6142    i.GetSystemTimeDelay  ecatappl.o
    0x08001430   0x00000040   Code   RO         6845    i.HW_EscRead        ecatport.o
    0x08001470   0x00000038   Code   RO         6846    i.HW_EscReadIsr     ecatport.o
    0x080014a8   0x0000003c   Code   RO         6847    i.HW_EscWrite       ecatport.o
    0x080014e4   0x00000034   Code   RO         6848    i.HW_EscWriteIsr    ecatport.o
    0x08001518   0x00000034   Code   RO         6849    i.HW_GetALEventRegister  ecatport.o
    0x0800154c   0x00000038   Code   RO         6850    i.HW_GetALEventRegister_Isr  ecatport.o
    0x08001584   0x0000006c   Code   RO         6851    i.HW_Init           ecatport.o
    0x080015f0   0x00000002   Code   RO         6852    i.HW_Release        ecatport.o
    0x080015f2   0x00000002   Code   RO         6854    i.HW_SetLed         ecatport.o
    0x080015f4   0x00000048   Code   RO         6143    i.HandleCycleTimeMeasurement  ecatappl.o
    0x0800163c   0x00000002   Code   RO           14    i.HardFault_Handler  gd32f4xx_it.o
    0x0800163e   0x00000002   PAD
    0x08001640   0x000000cc   Code   RO         6464    i.MBX_CheckAndCopyMailbox  mailbox.o
    0x0800170c   0x000000ac   Code   RO         6465    i.MBX_CopyToSendMailbox  mailbox.o
    0x080017b8   0x00000070   Code   RO         6466    i.MBX_Init          mailbox.o
    0x08001828   0x00000060   Code   RO         6467    i.MBX_MailboxReadInd  mailbox.o
    0x08001888   0x00000040   Code   RO         6468    i.MBX_MailboxRepeatReq  mailbox.o
    0x080018c8   0x00000078   Code   RO         6469    i.MBX_MailboxSendReq  mailbox.o
    0x08001940   0x00000068   Code   RO         6470    i.MBX_MailboxWriteInd  mailbox.o
    0x080019a8   0x0000004c   Code   RO         6471    i.MBX_Main          mailbox.o
    0x080019f4   0x00000070   Code   RO         6472    i.MBX_StartMailboxHandler  mailbox.o
    0x08001a64   0x000000a8   Code   RO         6473    i.MBX_StopMailboxHandler  mailbox.o
    0x08001b0c   0x00000012   Code   RO         6474    i.MailboxServiceInd  mailbox.o
    0x08001b1e   0x00000002   PAD
    0x08001b20   0x0000007c   Code   RO         6144    i.MainInit          ecatappl.o
    0x08001b9c   0x000000ac   Code   RO         6145    i.MainLoop          ecatappl.o
    0x08001c48   0x00000002   Code   RO           15    i.MemManage_Handler  gd32f4xx_it.o
    0x08001c4a   0x00000002   Code   RO           16    i.NMI_Handler       gd32f4xx_it.o
    0x08001c4c   0x00000030   Code   RO         6678    i.OBJ_CopyNumberToString  objdef.o
    0x08001c7c   0x000000a0   Code   RO         6679    i.OBJ_GetDesc       objdef.o
    0x08001d1c   0x0000001e   Code   RO         6680    i.OBJ_GetEntryDesc  objdef.o
    0x08001d3a   0x000000c6   Code   RO         6681    i.OBJ_GetEntryOffset  objdef.o
    0x08001e00   0x0000005c   Code   RO         6682    i.OBJ_GetNoOfObjects  objdef.o
    0x08001e5c   0x00000004   Code   RO         6683    i.OBJ_GetObjDesc    objdef.o
    0x08001e60   0x00000018   Code   RO         6684    i.OBJ_GetObjectHandle  objdef.o
    0x08001e78   0x00000082   Code   RO         6685    i.OBJ_GetObjectLength  objdef.o
    0x08001efa   0x00000002   PAD
    0x08001efc   0x00000098   Code   RO         6686    i.OBJ_GetObjectList  objdef.o
    0x08001f94   0x00000344   Code   RO         6687    i.OBJ_Read          objdef.o
    0x080022d8   0x000003bc   Code   RO         6688    i.OBJ_Write         objdef.o
    0x08002694   0x000000e8   Code   RO         6146    i.PDI_Isr           ecatappl.o
    0x0800277c   0x00000064   Code   RO         6147    i.PDO_InputMapping  ecatappl.o
    0x080027e0   0x00000074   Code   RO         6148    i.PDO_OutputMapping  ecatappl.o
    0x08002854   0x00000002   Code   RO           17    i.PendSV_Handler    gd32f4xx_it.o
    0x08002856   0x00000026   Code   RO         6475    i.PutInMbxQueue     mailbox.o
    0x0800287c   0x00000040   Code   RO         5972    i.Read0x10F8        coeappl.o
    0x080028bc   0x00000038   Code   RO         6317    i.ResetALEventMask  ecatslv.o
    0x080028f4   0x000002e0   Code   RO         6773    i.SDOS_SdoInd       sdoserv.o
    0x08002bd4   0x00000260   Code   RO         6774    i.SDOS_SdoInfoInd   sdoserv.o
    0x08002e34   0x00000090   Code   RO         6775    i.SDOS_SdoRes       sdoserv.o
    0x08002ec4   0x00000054   Code   RO         6776    i.SODS_ClearPendingResponse  sdoserv.o
    0x08002f18   0x00000002   Code   RO           18    i.SVC_Handler       gd32f4xx_it.o
    0x08002f1a   0x00000002   PAD
    0x08002f1c   0x000001e0   Code   RO         6777    i.SdoDownloadSegmentInd  sdoserv.o
    0x080030fc   0x000000bc   Code   RO         6778    i.SdoRes            sdoserv.o
    0x080031b8   0x00000110   Code   RO         6779    i.SdoUploadSegmentInd  sdoserv.o
    0x080032c8   0x00000038   Code   RO         6318    i.SetALEventMask    ecatslv.o
    0x08003300   0x0000006c   Code   RO         6319    i.SetALStatus       ecatslv.o
    0x0800336c   0x000003f8   Code   RO         6320    i.StartInputHandler  ecatslv.o
    0x08003764   0x00000038   Code   RO         6321    i.StartOutputHandler  ecatslv.o
    0x0800379c   0x0000006c   Code   RO         6322    i.StopInputHandler  ecatslv.o
    0x08003808   0x00000010   Code   RO         6323    i.StopOutputHandler  ecatslv.o
    0x08003818   0x000000fc   Code   RO         6149    i.Sync0_Isr         ecatappl.o
    0x08003914   0x0000003c   Code   RO         6150    i.Sync1_Isr         ecatappl.o
    0x08003950   0x00000004   Code   RO           19    i.SysTick_Handler   gd32f4xx_it.o
    0x08003954   0x0000008c   Code   RO          262    i.SystemInit        system_gd32f4xx.o
    0x080039e0   0x00000018   Code   RO         6855    i.TIMER4_IRQHandler  ecatport.o
    0x080039f8   0x00000014   Code   RO         5812    i.TimingDelay_Decrement  bsp_systick.o
    0x08003a0c   0x00000030   Code   RO         6324    i.UpdateEEPROMLoadedState  ecatslv.o
    0x08003a3c   0x00000002   Code   RO           20    i.UsageFault_Handler  gd32f4xx_it.o
    0x08003a3e   0x0000000e   Code   RO         7005    i.__scatterload_copy  mc_w.l(handlers.o)
    0x08003a4c   0x00000002   Code   RO         7006    i.__scatterload_null  mc_w.l(handlers.o)
    0x08003a4e   0x0000000e   Code   RO         7007    i.__scatterload_zeroinit  mc_w.l(handlers.o)
    0x08003a5c   0x000000f4   Code   RO         5886    i.bsp_spi3_init     bsp_spi.o
    0x08003b50   0x00000054   Code   RO         5856    i.bsp_time4_init    bsp_time.o
    0x08003ba4   0x00000018   Code   RO         5813    i.delay_ms          bsp_systick.o
    0x08003bbc   0x0000004c   Code   RO         5909    i.ethercat_gpio_init  md_ethercat.o
    0x08003c08   0x00000040   Code   RO         5910    i.ethercat_pdi_init  md_ethercat.o
    0x08003c48   0x00000044   Code   RO         5911    i.ethercat_sync0_init  md_ethercat.o
    0x08003c8c   0x00000040   Code   RO         5912    i.ethercat_sync1_init  md_ethercat.o
    0x08003ccc   0x00000004   Code   RO         5913    i.ethercat_timer_init  md_ethercat.o
    0x08003cd0   0x00000068   Code   RO         2387    i.exti_init         gd32f4xx_exti.o
    0x08003d38   0x0000000c   Code   RO         2390    i.exti_interrupt_flag_clear  gd32f4xx_exti.o
    0x08003d44   0x00000050   Code   RO         6957    i.free              mc_w.l(malloc.o)
    0x08003d94   0x00000056   Code   RO         2772    i.gpio_af_set       gd32f4xx_gpio.o
    0x08003dea   0x00000004   Code   RO         2773    i.gpio_bit_reset    gd32f4xx_gpio.o
    0x08003dee   0x00000004   Code   RO         2774    i.gpio_bit_set      gd32f4xx_gpio.o
    0x08003df2   0x00000048   Code   RO         2780    i.gpio_mode_set     gd32f4xx_gpio.o
    0x08003e3a   0x0000003e   Code   RO         2782    i.gpio_output_options_set  gd32f4xx_gpio.o
    0x08003e78   0x00000028   Code   RO         6580    i.main              myapp.o
    0x08003ea0   0x0000006c   Code   RO         6958    i.malloc            mc_w.l(malloc.o)
    0x08003f0c   0x000000a4   Code   RO         5786    i.nvic_configuration  bsp_sys.o
    0x08003fb0   0x00000016   Code   RO         3344    i.nvic_irq_disable  gd32f4xx_misc.o
    0x08003fc6   0x00000002   PAD
    0x08003fc8   0x00000094   Code   RO         3345    i.nvic_irq_enable   gd32f4xx_misc.o
    0x0800405c   0x00000014   Code   RO         3346    i.nvic_priority_group_set  gd32f4xx_misc.o
    0x08004070   0x00000020   Code   RO         3569    i.rcu_periph_clock_enable  gd32f4xx_rcu.o
    0x08004090   0x00000020   Code   RO         3572    i.rcu_periph_reset_disable  gd32f4xx_rcu.o
    0x080040b0   0x00000020   Code   RO         3573    i.rcu_periph_reset_enable  gd32f4xx_rcu.o
    0x080040d0   0x0000001c   Code   RO         3585    i.rcu_timer_clock_prescaler_config  gd32f4xx_rcu.o
    0x080040ec   0x00000034   Code   RO         5914    i.spi_data_rw       md_ethercat.o
    0x08004120   0x0000000a   Code   RO         4409    i.spi_enable        gd32f4xx_spi.o
    0x0800412a   0x00000006   Code   RO         4411    i.spi_i2s_data_receive  gd32f4xx_spi.o
    0x08004130   0x00000004   Code   RO         4412    i.spi_i2s_data_transmit  gd32f4xx_spi.o
    0x08004134   0x0000000a   Code   RO         4414    i.spi_i2s_flag_get  gd32f4xx_spi.o
    0x0800413e   0x0000002e   Code   RO         4418    i.spi_init          gd32f4xx_spi.o
    0x0800416c   0x00000038   Code   RO         5815    i.sysTick_init      bsp_systick.o
    0x080041a4   0x00000044   Code   RO         4646    i.syscfg_exti_line_config  gd32f4xx_syscfg.o
    0x080041e8   0x000000ac   Code   RO          263    i.system_clock_200m_25m_hxtal  system_gd32f4xx.o
    0x08004294   0x000000cc   Code   RO         4735    i.timer_deinit      gd32f4xx_timer.o
    0x08004360   0x0000000a   Code   RO         4740    i.timer_enable      gd32f4xx_timer.o
    0x0800436a   0x00000002   PAD
    0x0800436c   0x00000094   Code   RO         4750    i.timer_init        gd32f4xx_timer.o
    0x08004400   0x00000008   Code   RO         4757    i.timer_interrupt_enable  gd32f4xx_timer.o
    0x08004408   0x00000006   Code   RO         4758    i.timer_interrupt_flag_clear  gd32f4xx_timer.o
    0x0800440e   0x00000012   Data   RO         5973    .constdata          coeappl.o
    0x08004420   0x00000011   Data   RO         5974    .constdata          coeappl.o
    0x08004431   0x00000001   PAD
    0x08004432   0x00000012   Data   RO         5975    .constdata          coeappl.o
    0x08004444   0x00000011   Data   RO         5976    .constdata          coeappl.o
    0x08004455   0x00000001   PAD
    0x08004456   0x0000000c   Data   RO         5977    .constdata          coeappl.o
    0x08004462   0x0000001b   Data   RO         5978    .constdata          coeappl.o
    0x0800447d   0x00000001   PAD
    0x0800447e   0x0000000c   Data   RO         5979    .constdata          coeappl.o
    0x0800448a   0x0000001b   Data   RO         5980    .constdata          coeappl.o
    0x080044a5   0x00000001   PAD
    0x080044a6   0x00000006   Data   RO         5981    .constdata          coeappl.o
    0x080044ac   0x00000007   Data   RO         5982    .constdata          coeappl.o
    0x080044b3   0x00000001   PAD
    0x080044b4   0x00000006   Data   RO         5983    .constdata          coeappl.o
    0x080044ba   0x00000007   Data   RO         5984    .constdata          coeappl.o
    0x080044c1   0x00000001   PAD
    0x080044c2   0x0000000c   Data   RO         5985    .constdata          coeappl.o
    0x080044ce   0x0000000f   Data   RO         5986    .constdata          coeappl.o
    0x080044dd   0x00000001   PAD
    0x080044de   0x00000018   Data   RO         5987    .constdata          coeappl.o
    0x080044f6   0x0000001d   Data   RO         5988    .constdata          coeappl.o
    0x08004513   0x00000001   PAD
    0x08004514   0x0000000c   Data   RO         5989    .constdata          coeappl.o
    0x08004520   0x00000006   Data   RO         5990    .constdata          coeappl.o
    0x08004526   0x00000018   Data   RO         5991    .constdata          coeappl.o
    0x0800453e   0x0000001d   Data   RO         5992    .constdata          coeappl.o
    0x0800455b   0x00000001   PAD
    0x0800455c   0x00000012   Data   RO         5993    .constdata          coeappl.o
    0x0800456e   0x00000044   Data   RO         5994    .constdata          coeappl.o
    0x080045b2   0x00000006   Data   RO         5995    .constdata          coeappl.o
    0x080045b8   0x0000000c   Data   RO         5996    .constdata          coeappl.o
    0x080045c4   0x00000006   Data   RO         5997    .constdata          coeappl.o
    0x080045ca   0x0000000f   Data   RO         5998    .constdata          coeappl.o
    0x080045d9   0x00000001   PAD
    0x080045da   0x00000006   Data   RO         5999    .constdata          coeappl.o
    0x080045e0   0x0000000c   Data   RO         6000    .constdata          coeappl.o
    0x080045ec   0x00000006   Data   RO         6001    .constdata          coeappl.o
    0x080045f2   0x00000011   Data   RO         6002    .constdata          coeappl.o
    0x08004603   0x00000001   PAD
    0x08004604   0x00000006   Data   RO         6003    .constdata          coeappl.o
    0x0800460a   0x00000011   Data   RO         6004    .constdata          coeappl.o
    0x0800461b   0x00000001   PAD
    0x0800461c   0x0000001e   Data   RO         6005    .constdata          coeappl.o
    0x0800463a   0x00000039   Data   RO         6006    .constdata          coeappl.o
    0x08004673   0x00000001   PAD
    0x08004674   0x00000012   Data   RO         6007    .constdata          coeappl.o
    0x08004686   0x0000003f   Data   RO         6008    .constdata          coeappl.o
    0x080046c5   0x00000001   PAD
    0x080046c6   0x00000006   Data   RO         6009    .constdata          coeappl.o
    0x080046cc   0x00000013   Data   RO         6010    .constdata          coeappl.o
    0x080046df   0x00000001   PAD
    0x080046e0   0x0000000c   Data   RO         6011    .constdata          coeappl.o
    0x080046ec   0x00000012   Data   RO         6012    .constdata          coeappl.o
    0x080046fe   0x000000c6   Data   RO         6013    .constdata          coeappl.o
    0x080047c4   0x00000100   Data   RO         6014    .constdata          coeappl.o
    0x080048c4   0x000000ff   Data   RO         6015    .constdata          coeappl.o
    0x080049c3   0x00000001   PAD
    0x080049c4   0x00000020   Data   RO         6690    .constdata          objdef.o
    0x080049e4   0x00000078   Data   RO         6781    .constdata          sdoserv.o
    0x08004a5c   0x00000020   Data   RO         7003    Region$$Table       anon$$obj.o


    Execution Region RW_IRAM1 (Base: 0x20000000, Size: 0x00000ef8, Max: 0x00070000, ABSOLUTE, COMPRESSED[0x000001cc])

    Base Addr    Size         Type   Attr      Idx    E Section Name        Object

    0x20000000   0x00000004   Data   RW          264    .data               system_gd32f4xx.o
    0x20000004   0x00000004   Data   RW         5816    .data               bsp_systick.o
    0x20000008   0x000003d8   Data   RW         6016    .data               coeappl.o
    0x200003e0   0x00000004   Data   RW         6017    .data               coeappl.o
    0x200003e4   0x00000002   Data   RW         6018    .data               coeappl.o
    0x200003e6   0x0000000b   Data   RW         6019    .data               coeappl.o
    0x200003f1   0x00000005   Data   RW         6020    .data               coeappl.o
    0x200003f6   0x00000005   Data   RW         6021    .data               coeappl.o
    0x200003fb   0x00000001   PAD
    0x200003fc   0x00000014   Data   RW         6022    .data               coeappl.o
    0x20000410   0x00000006   Data   RW         6023    .data               coeappl.o
    0x20000416   0x00000002   PAD
    0x20000418   0x00000020   Data   RW         6152    .data               ecatappl.o
    0x20000438   0x00000001   Data   RW         6154    .data               ecatappl.o
    0x20000439   0x00000003   PAD
    0x2000043c   0x00000004   Data   RW         6272    .data               ecatcoe.o
    0x20000440   0x00000044   Data   RW         6325    .data               ecatslv.o
    0x20000484   0x00000001   Data   RW         6326    .data               ecatslv.o
    0x20000485   0x00000001   Data   RW         6327    .data               ecatslv.o
    0x20000486   0x00000002   PAD
    0x20000488   0x00000020   Data   RW         6477    .data               mailbox.o
    0x200004a8   0x0000000c   Data   RW         6581    .data               myapp.o
    0x200004b4   0x0000000c   Data   RW         6582    .data               myapp.o
    0x200004c0   0x00000018   Data   RW         6583    .data               myapp.o
    0x200004d8   0x00000001   Data   RW         6584    .data               myapp.o
    0x200004d9   0x00000001   Data   RW         6585    .data               myapp.o
    0x200004da   0x00000004   Data   RW         6586    .data               myapp.o
    0x200004de   0x00000002   PAD
    0x200004e0   0x00000010   Data   RW         6587    .data               myapp.o
    0x200004f0   0x00000004   Data   RW         6588    .data               myapp.o
    0x200004f4   0x00000010   Data   RW         6589    .data               myapp.o
    0x20000504   0x00000006   Data   RW         6590    .data               myapp.o
    0x2000050a   0x00000002   PAD
    0x2000050c   0x0000000c   Data   RW         6691    .data               objdef.o
    0x20000518   0x0000000e   Data   RW         6692    .data               objdef.o
    0x20000526   0x00000002   Data   RW         6693    .data               objdef.o
    0x20000528   0x00000034   Data   RW         6782    .data               sdoserv.o
    0x2000055c   0x00000004   Data   RW         6783    .data               sdoserv.o
    0x20000560   0x00000002   Data   RW         6856    .data               ecatport.o
    0x20000562   0x00000002   PAD
    0x20000564   0x00000004   Data   RW         6999    .data               mc_w.l(mvars.o)
    0x20000568   0x00000004   Data   RW         7000    .data               mc_w.l(mvars.o)
    0x2000056c   0x00000088   Zero   RW         6151    .bss                ecatappl.o
    0x200005f4   0x00000068   Zero   RW         6476    .bss                mailbox.o
    0x2000065c   0x00000088   Zero   RW         6689    .bss                objdef.o
    0x200006e4   0x00000010   Zero   RW         6780    .bss                sdoserv.o
    0x200006f4   0x00000004   PAD
    0x200006f8   0x00000400   Zero   RW            2    HEAP                startup_gd32f450_470.o
    0x20000af8   0x00000400   Zero   RW            1    STACK               startup_gd32f450_470.o


==============================================================================

Image component sizes


      Code (inc. data)   RO Data    RW Data    ZI Data      Debug   Object Name

       244         10          0          0          0        696   bsp_spi.o
       164          0          0          0          0        625   bsp_sys.o
       100         22          0          4          0      28781   bsp_systick.o
        84          4          0          0          0        609   bsp_time.o
       864        142       1446       1037          0      33562   coeappl.o
      1696        298          0         33        136      24718   ecatappl.o
       118         26          0          4          0       3447   ecatcoe.o
       578         54          0          2          0      11001   ecatport.o
      3838        170          0         70          0      19566   ecatslv.o
       116         12          0          0          0       1284   gd32f4xx_exti.o
       228          0          0          0          0       3556   gd32f4xx_gpio.o
        20          0          0          0          0      59910   gd32f4xx_it.o
       190         14          0          0          0       2367   gd32f4xx_misc.o
       124         24          0          0          0       2314   gd32f4xx_rcu.o
        76          0          0          0          0       3490   gd32f4xx_spi.o
        68          6          0          0          0        738   gd32f4xx_syscfg.o
       376         42          0          0          0       3855   gd32f4xx_timer.o
      1322         94          0         32        104      13285   mailbox.o
         0          0          0          0          0       5436   main.o
       328         28          0          0          0       3537   md_ethercat.o
       396         18          0         96          0      10795   myapp.o
      2770        124         32         28        136      20805   objdef.o
      2512         86        120         56         16      25555   sdoserv.o
        36          8        428          0       2048        880   startup_gd32f450_470.o
       312         32          0          4          0       2255   system_gd32f4xx.o

    ----------------------------------------------------------------------
     16580       1214       2074       1380       2444     283067   Object Totals
         0          0         32          0          0          0   (incl. Generated)
        20          0         16         14          4          0   (incl. Padding)

    ----------------------------------------------------------------------

      Code (inc. data)   RO Data    RW Data    ZI Data      Debug   Library Member Name

        86          0          0          0          0          0   __dczerorl2.o
         0          0          0          0          0          0   entry.o
         0          0          0          0          0          0   entry10a.o
         0          0          0          0          0          0   entry11a.o
         8          4          0          0          0          0   entry2.o
         4          0          0          0          0          0   entry5.o
         0          0          0          0          0          0   entry7b.o
         0          0          0          0          0          0   entry8b.o
         8          4          0          0          0          0   entry9a.o
        30          0          0          0          0          0   handlers.o
        36          8          0          0          0         68   init.o
       188         20          0          0          0        160   malloc.o
        36          0          0          0          0         68   memcpya.o
         0          0          0          8          0          0   mvars.o
        14          0          0          0          0         68   strlen.o

    ----------------------------------------------------------------------
       414         36          0          8          0        364   Library Totals
         4          0          0          0          0          0   (incl. Padding)

    ----------------------------------------------------------------------

      Code (inc. data)   RO Data    RW Data    ZI Data      Debug   Library Name

       410         36          0          8          0        364   mc_w.l

    ----------------------------------------------------------------------
       414         36          0          8          0        364   Library Totals

    ----------------------------------------------------------------------

==============================================================================


      Code (inc. data)   RO Data    RW Data    ZI Data      Debug   

     16994       1250       2074       1388       2444     269311   Grand Totals
     16994       1250       2074        460       2444     269311   ELF Image Totals (compressed)
     16994       1250       2074        460          0          0   ROM Totals

==============================================================================

    Total RO  Size (Code + RO Data)                19068 (  18.62kB)
    Total RW  Size (RW Data + ZI Data)              3832 (   3.74kB)
    Total ROM Size (Code + RO Data + RW Data)      19528 (  19.07kB)

==============================================================================

